<?xml version="1.0" encoding="ISO-8859-1" ?>
<link_info>
   <banner>TI ARM Clang Linker PC v4.0.4.LTS</banner>
   <copyright>Copyright (c) 1996-2018 Texas Instruments Incorporated</copyright>
   <command_line>D:\ti\ccs2050\ccs\tools\compiler\ti-cgt-armllvm_4.0.4.LTS\bin\tiarmlnk -ID:\ti\ccs2050\ccs\tools\compiler\ti-cgt-armllvm_4.0.4.LTS\lib -o MoterNEW_Encode.out -mMoterNEW_Encode.map -iD:/ti/mspm0_sdk_2_10_00_04/source -iC:/Users/hp/workspace_ccstheia/MoterNEW_Encode -iC:/Users/hp/workspace_ccstheia/MoterNEW_Encode/Debug/syscfg -iD:/ti/ccs2050/ccs/tools/compiler/ti-cgt-armllvm_4.0.4.LTS/lib --diag_wrap=off --display_error_number --warn_sections --xml_link_info=MoterNEW_Encode_linkInfo.xml --rom_model ./delay.o ./empty.o ./ti_msp_dl_config.o ./startup_mspm0g350x_ticlang.o ./encoder.o ./motor.o ./usart.o -l./device_linker.cmd -ldevice.cmd.genlibs -llibc.a --start-group -llibc++.a -llibc++abi.a -llibc.a -llibsys.a -llibsysbm.a -llibclang_rt.builtins.a -llibclang_rt.profile.a --end-group --cg_opt_level=2</command_line>
   <link_time>0x6a54c1f5</link_time>
   <link_errors>0x0</link_errors>
   <output_file>C:\Users\hp\workspace_ccstheia\MoterNEW_Encode\Debug\MoterNEW_Encode.out</output_file>
   <entry_point>
      <name>_c_int00_noargs</name>
      <address>0x14f5</address>
   </entry_point>
   <input_file_list>
      <input_file id="fl-1">
         <path>C:\Users\hp\workspace_ccstheia\MoterNEW_Encode\Debug\.\</path>
         <kind>object</kind>
         <file>delay.o</file>
         <name>delay.o</name>
      </input_file>
      <input_file id="fl-2">
         <path>C:\Users\hp\workspace_ccstheia\MoterNEW_Encode\Debug\.\</path>
         <kind>object</kind>
         <file>empty.o</file>
         <name>empty.o</name>
      </input_file>
      <input_file id="fl-3">
         <path>C:\Users\hp\workspace_ccstheia\MoterNEW_Encode\Debug\.\</path>
         <kind>object</kind>
         <file>ti_msp_dl_config.o</file>
         <name>ti_msp_dl_config.o</name>
      </input_file>
      <input_file id="fl-4">
         <path>C:\Users\hp\workspace_ccstheia\MoterNEW_Encode\Debug\.\</path>
         <kind>object</kind>
         <file>startup_mspm0g350x_ticlang.o</file>
         <name>startup_mspm0g350x_ticlang.o</name>
      </input_file>
      <input_file id="fl-5">
         <path>C:\Users\hp\workspace_ccstheia\MoterNEW_Encode\Debug\.\</path>
         <kind>object</kind>
         <file>encoder.o</file>
         <name>encoder.o</name>
      </input_file>
      <input_file id="fl-6">
         <path>C:\Users\hp\workspace_ccstheia\MoterNEW_Encode\Debug\.\</path>
         <kind>object</kind>
         <file>motor.o</file>
         <name>motor.o</name>
      </input_file>
      <input_file id="fl-7">
         <path>C:\Users\hp\workspace_ccstheia\MoterNEW_Encode\Debug\.\</path>
         <kind>object</kind>
         <file>usart.o</file>
         <name>usart.o</name>
      </input_file>
      <input_file id="fl-14">
         <path>C:\Users\hp\workspace_ccstheia\MoterNEW_Encode\Debug\</path>
         <kind>object</kind>
         <file>&lt;internal&gt;</file>
         <name>&lt;internal&gt;</name>
      </input_file>
      <input_file id="fl-15">
         <path>D:\ti\mspm0_sdk_2_10_00_04\source\ti\driverlib\lib\ticlang\m0p\mspm0g1x0x_g3x0x\</path>
         <kind>archive</kind>
         <file>driverlib.a</file>
         <name>dl_common.o</name>
      </input_file>
      <input_file id="fl-16">
         <path>D:\ti\mspm0_sdk_2_10_00_04\source\ti\driverlib\lib\ticlang\m0p\mspm0g1x0x_g3x0x\</path>
         <kind>archive</kind>
         <file>driverlib.a</file>
         <name>dl_timer.o</name>
      </input_file>
      <input_file id="fl-17">
         <path>D:\ti\mspm0_sdk_2_10_00_04\source\ti\driverlib\lib\ticlang\m0p\mspm0g1x0x_g3x0x\</path>
         <kind>archive</kind>
         <file>driverlib.a</file>
         <name>dl_uart.o</name>
      </input_file>
      <input_file id="fl-2e">
         <path>D:\ti\ccs2050\ccs\tools\compiler\ti-cgt-armllvm_4.0.4.LTS\lib\armv6m-ti-none-eabi\c\</path>
         <kind>archive</kind>
         <file>libc.a</file>
         <name>sprintf.c.obj</name>
      </input_file>
      <input_file id="fl-2f">
         <path>D:\ti\ccs2050\ccs\tools\compiler\ti-cgt-armllvm_4.0.4.LTS\lib\armv6m-ti-none-eabi\c\</path>
         <kind>archive</kind>
         <file>libc.a</file>
         <name>boot_cortex_m.c.obj</name>
      </input_file>
      <input_file id="fl-30">
         <path>D:\ti\ccs2050\ccs\tools\compiler\ti-cgt-armllvm_4.0.4.LTS\lib\armv6m-ti-none-eabi\c\</path>
         <kind>archive</kind>
         <file>libc.a</file>
         <name>mathacl_init.c.obj</name>
      </input_file>
      <input_file id="fl-31">
         <path>D:\ti\ccs2050\ccs\tools\compiler\ti-cgt-armllvm_4.0.4.LTS\lib\armv6m-ti-none-eabi\c\</path>
         <kind>archive</kind>
         <file>libc.a</file>
         <name>autoinit.c.obj</name>
      </input_file>
      <input_file id="fl-32">
         <path>D:\ti\ccs2050\ccs\tools\compiler\ti-cgt-armllvm_4.0.4.LTS\lib\armv6m-ti-none-eabi\c\</path>
         <kind>archive</kind>
         <file>libc.a</file>
         <name>pre_init.c.obj</name>
      </input_file>
      <input_file id="fl-33">
         <path>D:\ti\ccs2050\ccs\tools\compiler\ti-cgt-armllvm_4.0.4.LTS\lib\armv6m-ti-none-eabi\c\</path>
         <kind>archive</kind>
         <file>libc.a</file>
         <name>cpy_tbl.c.obj</name>
      </input_file>
      <input_file id="fl-34">
         <path>D:\ti\ccs2050\ccs\tools\compiler\ti-cgt-armllvm_4.0.4.LTS\lib\armv6m-ti-none-eabi\c\</path>
         <kind>archive</kind>
         <file>libc.a</file>
         <name>copy_zero_init.c.obj</name>
      </input_file>
      <input_file id="fl-35">
         <path>D:\ti\ccs2050\ccs\tools\compiler\ti-cgt-armllvm_4.0.4.LTS\lib\armv6m-ti-none-eabi\c\</path>
         <kind>archive</kind>
         <file>libc.a</file>
         <name>copy_decompress_none.c.obj</name>
      </input_file>
      <input_file id="fl-36">
         <path>D:\ti\ccs2050\ccs\tools\compiler\ti-cgt-armllvm_4.0.4.LTS\lib\armv6m-ti-none-eabi\c\</path>
         <kind>archive</kind>
         <file>libc.a</file>
         <name>copy_decompress_lzss.c.obj</name>
      </input_file>
      <input_file id="fl-37">
         <path>D:\ti\ccs2050\ccs\tools\compiler\ti-cgt-armllvm_4.0.4.LTS\lib\armv6m-ti-none-eabi\c\</path>
         <kind>archive</kind>
         <file>libc.a</file>
         <name>_printfi.c.obj</name>
      </input_file>
      <input_file id="fl-38">
         <path>D:\ti\ccs2050\ccs\tools\compiler\ti-cgt-armllvm_4.0.4.LTS\lib\armv6m-ti-none-eabi\c\</path>
         <kind>archive</kind>
         <file>libc.a</file>
         <name>aeabi_portable.c.obj</name>
      </input_file>
      <input_file id="fl-39">
         <path>D:\ti\ccs2050\ccs\tools\compiler\ti-cgt-armllvm_4.0.4.LTS\lib\armv6m-ti-none-eabi\c\</path>
         <kind>archive</kind>
         <file>libc.a</file>
         <name>exit.c.obj</name>
      </input_file>
      <input_file id="fl-3a">
         <path>D:\ti\ccs2050\ccs\tools\compiler\ti-cgt-armllvm_4.0.4.LTS\lib\armv6m-ti-none-eabi\c\</path>
         <kind>archive</kind>
         <file>libc.a</file>
         <name>_lock.c.obj</name>
      </input_file>
      <input_file id="fl-3b">
         <path>D:\ti\ccs2050\ccs\tools\compiler\ti-cgt-armllvm_4.0.4.LTS\lib\armv6m-ti-none-eabi\c\</path>
         <kind>archive</kind>
         <file>libc.a</file>
         <name>_ltoa.c.obj</name>
      </input_file>
      <input_file id="fl-3c">
         <path>D:\ti\ccs2050\ccs\tools\compiler\ti-cgt-armllvm_4.0.4.LTS\lib\armv6m-ti-none-eabi\c\</path>
         <kind>archive</kind>
         <file>libc.a</file>
         <name>args_main.c.obj</name>
      </input_file>
      <input_file id="fl-3d">
         <path>D:\ti\ccs2050\ccs\tools\compiler\ti-cgt-armllvm_4.0.4.LTS\lib\armv6m-ti-none-eabi\c\</path>
         <kind>archive</kind>
         <file>libc.a</file>
         <name>assert.c.obj</name>
      </input_file>
      <input_file id="fl-3e">
         <path>D:\ti\ccs2050\ccs\tools\compiler\ti-cgt-armllvm_4.0.4.LTS\lib\armv6m-ti-none-eabi\c\</path>
         <kind>archive</kind>
         <file>libc.a</file>
         <name>atoi.c.obj</name>
      </input_file>
      <input_file id="fl-3f">
         <path>D:\ti\ccs2050\ccs\tools\compiler\ti-cgt-armllvm_4.0.4.LTS\lib\armv6m-ti-none-eabi\c\</path>
         <kind>archive</kind>
         <file>libc.a</file>
         <name>defs.c.obj</name>
      </input_file>
      <input_file id="fl-40">
         <path>D:\ti\ccs2050\ccs\tools\compiler\ti-cgt-armllvm_4.0.4.LTS\lib\armv6m-ti-none-eabi\c\</path>
         <kind>archive</kind>
         <file>libc.a</file>
         <name>memccpy.c.obj</name>
      </input_file>
      <input_file id="fl-41">
         <path>D:\ti\ccs2050\ccs\tools\compiler\ti-cgt-armllvm_4.0.4.LTS\lib\armv6m-ti-none-eabi\c\</path>
         <kind>archive</kind>
         <file>libc.a</file>
         <name>memory.c.obj</name>
      </input_file>
      <input_file id="fl-42">
         <path>D:\ti\ccs2050\ccs\tools\compiler\ti-cgt-armllvm_4.0.4.LTS\lib\armv6m-ti-none-eabi\c\</path>
         <kind>archive</kind>
         <file>libc.a</file>
         <name>s_frexp.c.obj</name>
      </input_file>
      <input_file id="fl-43">
         <path>D:\ti\ccs2050\ccs\tools\compiler\ti-cgt-armllvm_4.0.4.LTS\lib\armv6m-ti-none-eabi\c\</path>
         <kind>archive</kind>
         <file>libc.a</file>
         <name>s_scalbn.c.obj</name>
      </input_file>
      <input_file id="fl-44">
         <path>D:\ti\ccs2050\ccs\tools\compiler\ti-cgt-armllvm_4.0.4.LTS\lib\armv6m-ti-none-eabi\c\</path>
         <kind>archive</kind>
         <file>libc.a</file>
         <name>wcslen.c.obj</name>
      </input_file>
      <input_file id="fl-45">
         <path>D:\ti\ccs2050\ccs\tools\compiler\ti-cgt-armllvm_4.0.4.LTS\lib\armv6m-ti-none-eabi\c\</path>
         <kind>archive</kind>
         <file>libc.a</file>
         <name>fflush.c.obj</name>
      </input_file>
      <input_file id="fl-46">
         <path>D:\ti\ccs2050\ccs\tools\compiler\ti-cgt-armllvm_4.0.4.LTS\lib\armv6m-ti-none-eabi\c\</path>
         <kind>archive</kind>
         <file>libc.a</file>
         <name>fputs.c.obj</name>
      </input_file>
      <input_file id="fl-47">
         <path>D:\ti\ccs2050\ccs\tools\compiler\ti-cgt-armllvm_4.0.4.LTS\lib\armv6m-ti-none-eabi\c\</path>
         <kind>archive</kind>
         <file>libc.a</file>
         <name>_io_perm.c.obj</name>
      </input_file>
      <input_file id="fl-48">
         <path>D:\ti\ccs2050\ccs\tools\compiler\ti-cgt-armllvm_4.0.4.LTS\lib\armv6m-ti-none-eabi\c\</path>
         <kind>archive</kind>
         <file>libc.a</file>
         <name>setvbuf.c.obj</name>
      </input_file>
      <input_file id="fl-49">
         <path>D:\ti\ccs2050\ccs\tools\compiler\ti-cgt-armllvm_4.0.4.LTS\lib\armv6m-ti-none-eabi\c\</path>
         <kind>archive</kind>
         <file>libc.a</file>
         <name>aeabi_ctype.S.obj</name>
      </input_file>
      <input_file id="fl-4a">
         <path>D:\ti\ccs2050\ccs\tools\compiler\ti-cgt-armllvm_4.0.4.LTS\lib\armv6m-ti-none-eabi\c\</path>
         <kind>archive</kind>
         <file>libc.a</file>
         <name>fopen.c.obj</name>
      </input_file>
      <input_file id="fl-4b">
         <path>D:\ti\ccs2050\ccs\tools\compiler\ti-cgt-armllvm_4.0.4.LTS\lib\armv6m-ti-none-eabi\c\</path>
         <kind>archive</kind>
         <file>libc.a</file>
         <name>fseek.c.obj</name>
      </input_file>
      <input_file id="fl-4c">
         <path>D:\ti\ccs2050\ccs\tools\compiler\ti-cgt-armllvm_4.0.4.LTS\lib\armv6m-ti-none-eabi\c\</path>
         <kind>archive</kind>
         <file>libc.a</file>
         <name>fclose.c.obj</name>
      </input_file>
      <input_file id="fl-ec">
         <path>D:\ti\ccs2050\ccs\tools\compiler\ti-cgt-armllvm_4.0.4.LTS\lib\armv6m-ti-none-eabi\c\</path>
         <kind>archive</kind>
         <file>libsysbm.a</file>
         <name>hostexit.c.obj</name>
      </input_file>
      <input_file id="fl-ed">
         <path>D:\ti\ccs2050\ccs\tools\compiler\ti-cgt-armllvm_4.0.4.LTS\lib\armv6m-ti-none-eabi\c\</path>
         <kind>archive</kind>
         <file>libsysbm.a</file>
         <name>write.c.obj</name>
      </input_file>
      <input_file id="fl-ee">
         <path>D:\ti\ccs2050\ccs\tools\compiler\ti-cgt-armllvm_4.0.4.LTS\lib\armv6m-ti-none-eabi\c\</path>
         <kind>archive</kind>
         <file>libsysbm.a</file>
         <name>host_device.c.obj</name>
      </input_file>
      <input_file id="fl-ef">
         <path>D:\ti\ccs2050\ccs\tools\compiler\ti-cgt-armllvm_4.0.4.LTS\lib\armv6m-ti-none-eabi\c\</path>
         <kind>archive</kind>
         <file>libsysbm.a</file>
         <name>remove.c.obj</name>
      </input_file>
      <input_file id="fl-f0">
         <path>D:\ti\ccs2050\ccs\tools\compiler\ti-cgt-armllvm_4.0.4.LTS\lib\armv6m-ti-none-eabi\c\</path>
         <kind>archive</kind>
         <file>libsysbm.a</file>
         <name>open.c.obj</name>
      </input_file>
      <input_file id="fl-f1">
         <path>D:\ti\ccs2050\ccs\tools\compiler\ti-cgt-armllvm_4.0.4.LTS\lib\armv6m-ti-none-eabi\c\</path>
         <kind>archive</kind>
         <file>libsysbm.a</file>
         <name>lseek.c.obj</name>
      </input_file>
      <input_file id="fl-f2">
         <path>D:\ti\ccs2050\ccs\tools\compiler\ti-cgt-armllvm_4.0.4.LTS\lib\armv6m-ti-none-eabi\c\</path>
         <kind>archive</kind>
         <file>libsysbm.a</file>
         <name>close.c.obj</name>
      </input_file>
      <input_file id="fl-f3">
         <path>D:\ti\ccs2050\ccs\tools\compiler\ti-cgt-armllvm_4.0.4.LTS\lib\armv6m-ti-none-eabi\c\</path>
         <kind>archive</kind>
         <file>libsysbm.a</file>
         <name>unlink.c.obj</name>
      </input_file>
      <input_file id="fl-f4">
         <path>D:\ti\ccs2050\ccs\tools\compiler\ti-cgt-armllvm_4.0.4.LTS\lib\armv6m-ti-none-eabi\c\</path>
         <kind>archive</kind>
         <file>libsysbm.a</file>
         <name>hostclose.c.obj</name>
      </input_file>
      <input_file id="fl-f5">
         <path>D:\ti\ccs2050\ccs\tools\compiler\ti-cgt-armllvm_4.0.4.LTS\lib\armv6m-ti-none-eabi\c\</path>
         <kind>archive</kind>
         <file>libsysbm.a</file>
         <name>hostlseek.c.obj</name>
      </input_file>
      <input_file id="fl-f6">
         <path>D:\ti\ccs2050\ccs\tools\compiler\ti-cgt-armllvm_4.0.4.LTS\lib\armv6m-ti-none-eabi\c\</path>
         <kind>archive</kind>
         <file>libsysbm.a</file>
         <name>hostopen.c.obj</name>
      </input_file>
      <input_file id="fl-f7">
         <path>D:\ti\ccs2050\ccs\tools\compiler\ti-cgt-armllvm_4.0.4.LTS\lib\armv6m-ti-none-eabi\c\</path>
         <kind>archive</kind>
         <file>libsysbm.a</file>
         <name>hostread.c.obj</name>
      </input_file>
      <input_file id="fl-f8">
         <path>D:\ti\ccs2050\ccs\tools\compiler\ti-cgt-armllvm_4.0.4.LTS\lib\armv6m-ti-none-eabi\c\</path>
         <kind>archive</kind>
         <file>libsysbm.a</file>
         <name>hostrename.c.obj</name>
      </input_file>
      <input_file id="fl-f9">
         <path>D:\ti\ccs2050\ccs\tools\compiler\ti-cgt-armllvm_4.0.4.LTS\lib\armv6m-ti-none-eabi\c\</path>
         <kind>archive</kind>
         <file>libsysbm.a</file>
         <name>hostunlink.c.obj</name>
      </input_file>
      <input_file id="fl-fa">
         <path>D:\ti\ccs2050\ccs\tools\compiler\ti-cgt-armllvm_4.0.4.LTS\lib\armv6m-ti-none-eabi\c\</path>
         <kind>archive</kind>
         <file>libsysbm.a</file>
         <name>hostwrite.c.obj</name>
      </input_file>
      <input_file id="fl-fb">
         <path>D:\ti\ccs2050\ccs\tools\compiler\ti-cgt-armllvm_4.0.4.LTS\lib\armv6m-ti-none-eabi\c\</path>
         <kind>archive</kind>
         <file>libsysbm.a</file>
         <name>trgmsg.c.obj</name>
      </input_file>
      <input_file id="fl-fc">
         <path>D:\ti\ccs2050\ccs\tools\compiler\ti-cgt-armllvm_4.0.4.LTS\lib\armv6m-ti-none-eabi\</path>
         <kind>archive</kind>
         <file>libclang_rt.builtins.a</file>
         <name>adddf3.S.obj</name>
      </input_file>
      <input_file id="fl-fd">
         <path>D:\ti\ccs2050\ccs\tools\compiler\ti-cgt-armllvm_4.0.4.LTS\lib\armv6m-ti-none-eabi\</path>
         <kind>archive</kind>
         <file>libclang_rt.builtins.a</file>
         <name>muldf3.S.obj</name>
      </input_file>
      <input_file id="fl-fe">
         <path>D:\ti\ccs2050\ccs\tools\compiler\ti-cgt-armllvm_4.0.4.LTS\lib\armv6m-ti-none-eabi\</path>
         <kind>archive</kind>
         <file>libclang_rt.builtins.a</file>
         <name>muldsi3.S.obj</name>
      </input_file>
      <input_file id="fl-ff">
         <path>D:\ti\ccs2050\ccs\tools\compiler\ti-cgt-armllvm_4.0.4.LTS\lib\armv6m-ti-none-eabi\</path>
         <kind>archive</kind>
         <file>libclang_rt.builtins.a</file>
         <name>divdf3.S.obj</name>
      </input_file>
      <input_file id="fl-100">
         <path>D:\ti\ccs2050\ccs\tools\compiler\ti-cgt-armllvm_4.0.4.LTS\lib\armv6m-ti-none-eabi\</path>
         <kind>archive</kind>
         <file>libclang_rt.builtins.a</file>
         <name>fixdfsi.S.obj</name>
      </input_file>
      <input_file id="fl-101">
         <path>D:\ti\ccs2050\ccs\tools\compiler\ti-cgt-armllvm_4.0.4.LTS\lib\armv6m-ti-none-eabi\</path>
         <kind>archive</kind>
         <file>libclang_rt.builtins.a</file>
         <name>floatsidf.S.obj</name>
      </input_file>
      <input_file id="fl-102">
         <path>D:\ti\ccs2050\ccs\tools\compiler\ti-cgt-armllvm_4.0.4.LTS\lib\armv6m-ti-none-eabi\</path>
         <kind>archive</kind>
         <file>libclang_rt.builtins.a</file>
         <name>muldi3.S.obj</name>
      </input_file>
      <input_file id="fl-103">
         <path>D:\ti\ccs2050\ccs\tools\compiler\ti-cgt-armllvm_4.0.4.LTS\lib\armv6m-ti-none-eabi\</path>
         <kind>archive</kind>
         <file>libclang_rt.builtins.a</file>
         <name>aeabi_dcmp.S.obj</name>
      </input_file>
      <input_file id="fl-104">
         <path>D:\ti\ccs2050\ccs\tools\compiler\ti-cgt-armllvm_4.0.4.LTS\lib\armv6m-ti-none-eabi\</path>
         <kind>archive</kind>
         <file>libclang_rt.builtins.a</file>
         <name>aeabi_idivmod.S.obj</name>
      </input_file>
      <input_file id="fl-105">
         <path>D:\ti\ccs2050\ccs\tools\compiler\ti-cgt-armllvm_4.0.4.LTS\lib\armv6m-ti-none-eabi\</path>
         <kind>archive</kind>
         <file>libclang_rt.builtins.a</file>
         <name>aeabi_memcpy.S.obj</name>
      </input_file>
      <input_file id="fl-106">
         <path>D:\ti\ccs2050\ccs\tools\compiler\ti-cgt-armllvm_4.0.4.LTS\lib\armv6m-ti-none-eabi\</path>
         <kind>archive</kind>
         <file>libclang_rt.builtins.a</file>
         <name>aeabi_memset.S.obj</name>
      </input_file>
      <input_file id="fl-107">
         <path>D:\ti\ccs2050\ccs\tools\compiler\ti-cgt-armllvm_4.0.4.LTS\lib\armv6m-ti-none-eabi\</path>
         <kind>archive</kind>
         <file>libclang_rt.builtins.a</file>
         <name>aeabi_uidivmod.S.obj</name>
      </input_file>
      <input_file id="fl-108">
         <path>D:\ti\ccs2050\ccs\tools\compiler\ti-cgt-armllvm_4.0.4.LTS\lib\armv6m-ti-none-eabi\</path>
         <kind>archive</kind>
         <file>libclang_rt.builtins.a</file>
         <name>aeabi_uldivmod.S.obj</name>
      </input_file>
      <input_file id="fl-109">
         <path>D:\ti\ccs2050\ccs\tools\compiler\ti-cgt-armllvm_4.0.4.LTS\lib\armv6m-ti-none-eabi\</path>
         <kind>archive</kind>
         <file>libclang_rt.builtins.a</file>
         <name>udivmoddi4.S.obj</name>
      </input_file>
      <input_file id="fl-10a">
         <path>D:\ti\ccs2050\ccs\tools\compiler\ti-cgt-armllvm_4.0.4.LTS\lib\armv6m-ti-none-eabi\</path>
         <kind>archive</kind>
         <file>libclang_rt.builtins.a</file>
         <name>ashldi3.S.obj</name>
      </input_file>
      <input_file id="fl-10b">
         <path>D:\ti\ccs2050\ccs\tools\compiler\ti-cgt-armllvm_4.0.4.LTS\lib\armv6m-ti-none-eabi\</path>
         <kind>archive</kind>
         <file>libclang_rt.builtins.a</file>
         <name>comparedf2.c.obj</name>
      </input_file>
      <input_file id="fl-10c">
         <path>D:\ti\ccs2050\ccs\tools\compiler\ti-cgt-armllvm_4.0.4.LTS\lib\armv6m-ti-none-eabi\</path>
         <kind>archive</kind>
         <file>libclang_rt.builtins.a</file>
         <name>aeabi_div0.c.obj</name>
      </input_file>
      <input_file id="fl-10d">
         <path>D:\ti\ccs2050\ccs\tools\compiler\ti-cgt-armllvm_4.0.4.LTS\lib\armv6m-ti-none-eabi\c\</path>
         <kind>archive</kind>
         <file>libc.a</file>
         <name>getdevice.c.obj</name>
      </input_file>
      <input_file id="fl-10e">
         <path>D:\ti\ccs2050\ccs\tools\compiler\ti-cgt-armllvm_4.0.4.LTS\lib\armv6m-ti-none-eabi\c\</path>
         <kind>archive</kind>
         <file>libc.a</file>
         <name>memcpy16.S.obj</name>
      </input_file>
      <input_file id="fl-10f">
         <path>D:\ti\ccs2050\ccs\tools\compiler\ti-cgt-armllvm_4.0.4.LTS\lib\armv6m-ti-none-eabi\c\</path>
         <kind>archive</kind>
         <file>libc.a</file>
         <name>memset16.S.obj</name>
      </input_file>
      <input_file id="fl-110">
         <path>D:\ti\ccs2050\ccs\tools\compiler\ti-cgt-armllvm_4.0.4.LTS\lib\armv6m-ti-none-eabi\c\</path>
         <kind>archive</kind>
         <file>libc.a</file>
         <name>strcmp-armv6m.S.obj</name>
      </input_file>
   </input_file_list>
   <object_component_list>
      <object_component id="oc-18">
         <name>.intvecs</name>
         <load_address>0x0</load_address>
         <readonly>true</readonly>
         <run_address>0x0</run_address>
         <size>0xc0</size>
         <alignment>0x4</alignment>
         <input_file_ref idref="fl-4"/>
      </object_component>
      <object_component id="oc-126">
         <name>.text:__TI_printfi_nofloat</name>
         <load_address>0xc0</load_address>
         <readonly>true</readonly>
         <executable>true</executable>
         <run_address>0xc0</run_address>
         <size>0x868</size>
         <alignment>0x4</alignment>
         <input_file_ref idref="fl-37"/>
      </object_component>
      <object_component id="oc-81">
         <name>.text.main</name>
         <load_address>0x928</load_address>
         <readonly>true</readonly>
         <executable>true</executable>
         <run_address>0x928</run_address>
         <size>0x144</size>
         <alignment>0x4</alignment>
         <input_file_ref idref="fl-2"/>
      </object_component>
      <object_component id="oc-10d">
         <name>.text.DL_Timer_initFourCCPWMMode</name>
         <load_address>0xa6c</load_address>
         <readonly>true</readonly>
         <executable>true</executable>
         <run_address>0xa6c</run_address>
         <size>0x104</size>
         <alignment>0x4</alignment>
         <input_file_ref idref="fl-16"/>
      </object_component>
      <object_component id="oc-112">
         <name>.text.DL_Timer_initTimerMode</name>
         <load_address>0xb70</load_address>
         <readonly>true</readonly>
         <executable>true</executable>
         <run_address>0xb70</run_address>
         <size>0xfc</size>
         <alignment>0x4</alignment>
         <input_file_ref idref="fl-16"/>
      </object_component>
      <object_component id="oc-b2">
         <name>.text.Motor_SetSpeed</name>
         <load_address>0xc6c</load_address>
         <readonly>true</readonly>
         <executable>true</executable>
         <run_address>0xc6c</run_address>
         <size>0xb0</size>
         <alignment>0x4</alignment>
         <input_file_ref idref="fl-6"/>
      </object_component>
      <object_component id="oc-de">
         <name>.text.SYSCFG_DL_GPIO_init</name>
         <load_address>0xd1c</load_address>
         <readonly>true</readonly>
         <executable>true</executable>
         <run_address>0xd1c</run_address>
         <size>0xa8</size>
         <alignment>0x4</alignment>
         <input_file_ref idref="fl-3"/>
      </object_component>
      <object_component id="oc-17c">
         <name>.text</name>
         <load_address>0xdc4</load_address>
         <readonly>true</readonly>
         <executable>true</executable>
         <run_address>0xdc4</run_address>
         <size>0xa2</size>
         <alignment>0x4</alignment>
         <input_file_ref idref="fl-109"/>
      </object_component>
      <object_component id="oc-94">
         <name>.text:memcpy</name>
         <load_address>0xe66</load_address>
         <readonly>true</readonly>
         <executable>true</executable>
         <run_address>0xe66</run_address>
         <size>0x9a</size>
         <alignment>0x1</alignment>
         <input_file_ref idref="fl-10e"/>
      </object_component>
      <object_component id="oc-e1">
         <name>.text.SYSCFG_DL_PWM_0_init</name>
         <load_address>0xf00</load_address>
         <readonly>true</readonly>
         <executable>true</executable>
         <run_address>0xf00</run_address>
         <size>0x8c</size>
         <alignment>0x4</alignment>
         <input_file_ref idref="fl-3"/>
      </object_component>
      <object_component id="oc-34">
         <name>.text.GROUP1_IRQHandler</name>
         <load_address>0xf8c</load_address>
         <readonly>true</readonly>
         <executable>true</executable>
         <run_address>0xf8c</run_address>
         <size>0x80</size>
         <alignment>0x4</alignment>
         <input_file_ref idref="fl-5"/>
      </object_component>
      <object_component id="oc-1c">
         <name>.text:decompress:lzss</name>
         <load_address>0x100c</load_address>
         <readonly>true</readonly>
         <executable>true</executable>
         <run_address>0x100c</run_address>
         <size>0x7c</size>
         <alignment>0x4</alignment>
         <input_file_ref idref="fl-36"/>
      </object_component>
      <object_component id="oc-dc">
         <name>.text:memset</name>
         <load_address>0x1088</load_address>
         <readonly>true</readonly>
         <executable>true</executable>
         <run_address>0x1088</run_address>
         <size>0x62</size>
         <alignment>0x1</alignment>
         <input_file_ref idref="fl-10f"/>
      </object_component>
      <object_component id="oc-33">
         <name>.text.Default_Handler</name>
         <load_address>0x10ea</load_address>
         <readonly>true</readonly>
         <executable>true</executable>
         <run_address>0x10ea</run_address>
         <size>0x2</size>
         <alignment>0x2</alignment>
         <input_file_ref idref="fl-4"/>
      </object_component>
      <object_component id="oc-e3">
         <name>.text.SYSCFG_DL_UART_0_init</name>
         <load_address>0x10ec</load_address>
         <readonly>true</readonly>
         <executable>true</executable>
         <run_address>0x10ec</run_address>
         <size>0x60</size>
         <alignment>0x4</alignment>
         <input_file_ref idref="fl-3"/>
      </object_component>
      <object_component id="oc-e2">
         <name>.text.SYSCFG_DL_TIMER_TICK_init</name>
         <load_address>0x114c</load_address>
         <readonly>true</readonly>
         <executable>true</executable>
         <run_address>0x114c</run_address>
         <size>0x50</size>
         <alignment>0x4</alignment>
         <input_file_ref idref="fl-3"/>
      </object_component>
      <object_component id="oc-11b">
         <name>.text.DL_UART_init</name>
         <load_address>0x119c</load_address>
         <readonly>true</readonly>
         <executable>true</executable>
         <run_address>0x119c</run_address>
         <size>0x48</size>
         <alignment>0x4</alignment>
         <input_file_ref idref="fl-17"/>
      </object_component>
      <object_component id="oc-dd">
         <name>.text.SYSCFG_DL_initPower</name>
         <load_address>0x11e4</load_address>
         <readonly>true</readonly>
         <executable>true</executable>
         <run_address>0x11e4</run_address>
         <size>0x48</size>
         <alignment>0x4</alignment>
         <input_file_ref idref="fl-3"/>
      </object_component>
      <object_component id="oc-40">
         <name>.text.TIMA0_IRQHandler</name>
         <load_address>0x122c</load_address>
         <readonly>true</readonly>
         <executable>true</executable>
         <run_address>0x122c</run_address>
         <size>0x48</size>
         <alignment>0x4</alignment>
         <input_file_ref idref="fl-5"/>
      </object_component>
      <object_component id="oc-3a">
         <name>.text.UART0_IRQHandler</name>
         <load_address>0x1274</load_address>
         <readonly>true</readonly>
         <executable>true</executable>
         <run_address>0x1274</run_address>
         <size>0x44</size>
         <alignment>0x4</alignment>
         <input_file_ref idref="fl-7"/>
      </object_component>
      <object_component id="oc-df">
         <name>.text.SYSCFG_DL_SYSCTL_init</name>
         <load_address>0x12b8</load_address>
         <readonly>true</readonly>
         <executable>true</executable>
         <run_address>0x12b8</run_address>
         <size>0x40</size>
         <alignment>0x4</alignment>
         <input_file_ref idref="fl-3"/>
      </object_component>
      <object_component id="oc-13f">
         <name>.text.__aeabi_uidivmod</name>
         <load_address>0x12f8</load_address>
         <readonly>true</readonly>
         <executable>true</executable>
         <run_address>0x12f8</run_address>
         <size>0x40</size>
         <alignment>0x4</alignment>
         <input_file_ref idref="fl-107"/>
      </object_component>
      <object_component id="oc-145">
         <name>.text.atoi</name>
         <load_address>0x1338</load_address>
         <readonly>true</readonly>
         <executable>true</executable>
         <run_address>0x1338</run_address>
         <size>0x40</size>
         <alignment>0x4</alignment>
         <input_file_ref idref="fl-3e"/>
      </object_component>
      <object_component id="oc-c4">
         <name>.text:__TI_auto_init_nobinit_nopinit</name>
         <load_address>0x1378</load_address>
         <readonly>true</readonly>
         <executable>true</executable>
         <run_address>0x1378</run_address>
         <size>0x3c</size>
         <alignment>0x4</alignment>
         <input_file_ref idref="fl-31"/>
      </object_component>
      <object_component id="oc-177">
         <name>.text.__muldsi3</name>
         <load_address>0x13b4</load_address>
         <readonly>true</readonly>
         <executable>true</executable>
         <run_address>0x13b4</run_address>
         <size>0x3a</size>
         <alignment>0x4</alignment>
         <input_file_ref idref="fl-fe"/>
      </object_component>
      <object_component id="oc-166">
         <name>.text.__aeabi_idiv0</name>
         <load_address>0x13ee</load_address>
         <readonly>true</readonly>
         <executable>true</executable>
         <run_address>0x13ee</run_address>
         <size>0x2</size>
         <alignment>0x2</alignment>
         <input_file_ref idref="fl-10c"/>
      </object_component>
      <object_component id="oc-a3">
         <name>.text.Encoder_Init</name>
         <load_address>0x13f0</load_address>
         <readonly>true</readonly>
         <executable>true</executable>
         <run_address>0x13f0</run_address>
         <size>0x38</size>
         <alignment>0x4</alignment>
         <input_file_ref idref="fl-5"/>
      </object_component>
      <object_component id="oc-a6">
         <name>.text.sprintf</name>
         <load_address>0x1428</load_address>
         <readonly>true</readonly>
         <executable>true</executable>
         <run_address>0x1428</run_address>
         <size>0x38</size>
         <alignment>0x4</alignment>
         <input_file_ref idref="fl-2e"/>
      </object_component>
      <object_component id="oc-99">
         <name>.text.SYSCFG_DL_init</name>
         <load_address>0x1460</load_address>
         <readonly>true</readonly>
         <executable>true</executable>
         <run_address>0x1460</run_address>
         <size>0x34</size>
         <alignment>0x4</alignment>
         <input_file_ref idref="fl-3"/>
      </object_component>
      <object_component id="oc-9e">
         <name>.text.Motor_Init</name>
         <load_address>0x1494</load_address>
         <readonly>true</readonly>
         <executable>true</executable>
         <run_address>0x1494</run_address>
         <size>0x30</size>
         <alignment>0x4</alignment>
         <input_file_ref idref="fl-6"/>
      </object_component>
      <object_component id="oc-a5">
         <name>.text.USART_SendString</name>
         <load_address>0x14c4</load_address>
         <readonly>true</readonly>
         <executable>true</executable>
         <run_address>0x14c4</run_address>
         <size>0x30</size>
         <alignment>0x4</alignment>
         <input_file_ref idref="fl-7"/>
      </object_component>
      <object_component id="oc-5c">
         <name>.text:_c_int00_noargs</name>
         <load_address>0x14f4</load_address>
         <readonly>true</readonly>
         <executable>true</executable>
         <run_address>0x14f4</run_address>
         <size>0x28</size>
         <alignment>0x4</alignment>
         <input_file_ref idref="fl-2f"/>
      </object_component>
      <object_component id="oc-152">
         <name>.text.__muldi3</name>
         <load_address>0x151c</load_address>
         <readonly>true</readonly>
         <executable>true</executable>
         <run_address>0x151c</run_address>
         <size>0x24</size>
         <alignment>0x4</alignment>
         <input_file_ref idref="fl-102"/>
      </object_component>
      <object_component id="oc-13a">
         <name>.text.memccpy</name>
         <load_address>0x1540</load_address>
         <readonly>true</readonly>
         <executable>true</executable>
         <run_address>0x1540</run_address>
         <size>0x22</size>
         <alignment>0x2</alignment>
         <input_file_ref idref="fl-40"/>
      </object_component>
      <object_component id="oc-1b4">
         <name>.text.__aeabi_ldiv0</name>
         <load_address>0x1562</load_address>
         <readonly>true</readonly>
         <executable>true</executable>
         <run_address>0x1562</run_address>
         <size>0x2</size>
         <alignment>0x2</alignment>
         <input_file_ref idref="fl-10c"/>
      </object_component>
      <object_component id="oc-1b5">
         <name>.text.__ashldi3</name>
         <load_address>0x1564</load_address>
         <readonly>true</readonly>
         <executable>true</executable>
         <run_address>0x1564</run_address>
         <size>0x1e</size>
         <alignment>0x4</alignment>
         <input_file_ref idref="fl-10a"/>
      </object_component>
      <object_component id="oc-10f">
         <name>.text.DL_Timer_setCaptCompUpdateMethod</name>
         <load_address>0x1584</load_address>
         <readonly>true</readonly>
         <executable>true</executable>
         <run_address>0x1584</run_address>
         <size>0x1c</size>
         <alignment>0x4</alignment>
         <input_file_ref idref="fl-16"/>
      </object_component>
      <object_component id="oc-10c">
         <name>.text.DL_Timer_setClockConfig</name>
         <load_address>0x15a0</load_address>
         <readonly>true</readonly>
         <executable>true</executable>
         <run_address>0x15a0</run_address>
         <size>0x1c</size>
         <alignment>0x4</alignment>
         <input_file_ref idref="fl-16"/>
      </object_component>
      <object_component id="oc-10e">
         <name>.text.DL_Timer_setCaptureCompareOutCtl</name>
         <load_address>0x15bc</load_address>
         <readonly>true</readonly>
         <executable>true</executable>
         <run_address>0x15bc</run_address>
         <size>0x18</size>
         <alignment>0x4</alignment>
         <input_file_ref idref="fl-16"/>
      </object_component>
      <object_component id="oc-b4">
         <name>.text.Encoder_GetSpeed</name>
         <load_address>0x15d4</load_address>
         <readonly>true</readonly>
         <executable>true</executable>
         <run_address>0x15d4</run_address>
         <size>0x18</size>
         <alignment>0x4</alignment>
         <input_file_ref idref="fl-5"/>
      </object_component>
      <object_component id="oc-a4">
         <name>.text.USART_Init</name>
         <load_address>0x15ec</load_address>
         <readonly>true</readonly>
         <executable>true</executable>
         <run_address>0x15ec</run_address>
         <size>0x18</size>
         <alignment>0x4</alignment>
         <input_file_ref idref="fl-7"/>
      </object_component>
      <object_component id="oc-f1">
         <name>.text._outs</name>
         <load_address>0x1604</load_address>
         <readonly>true</readonly>
         <executable>true</executable>
         <run_address>0x1604</run_address>
         <size>0x18</size>
         <alignment>0x2</alignment>
         <input_file_ref idref="fl-2e"/>
      </object_component>
      <object_component id="oc-53">
         <name>.text:decompress:ZI:__TI_zero_init_nomemset</name>
         <load_address>0x161c</load_address>
         <readonly>true</readonly>
         <executable>true</executable>
         <run_address>0x161c</run_address>
         <size>0x16</size>
         <alignment>0x2</alignment>
         <input_file_ref idref="fl-34"/>
      </object_component>
      <object_component id="oc-157">
         <name>.text.__aeabi_uldivmod</name>
         <load_address>0x1634</load_address>
         <readonly>true</readonly>
         <executable>true</executable>
         <run_address>0x1634</run_address>
         <size>0x14</size>
         <alignment>0x4</alignment>
         <input_file_ref idref="fl-108"/>
      </object_component>
      <object_component id="oc-115">
         <name>.text.DL_UART_setClockConfig</name>
         <load_address>0x1648</load_address>
         <readonly>true</readonly>
         <executable>true</executable>
         <run_address>0x1648</run_address>
         <size>0x12</size>
         <alignment>0x2</alignment>
         <input_file_ref idref="fl-17"/>
      </object_component>
      <object_component id="oc-20">
         <name>.text:decompress:none</name>
         <load_address>0x165a</load_address>
         <readonly>true</readonly>
         <executable>true</executable>
         <run_address>0x165a</run_address>
         <size>0x12</size>
         <alignment>0x2</alignment>
         <input_file_ref idref="fl-35"/>
      </object_component>
      <object_component id="oc-e8">
         <name>.text.DL_Timer_setCaptureCompareValue</name>
         <load_address>0x166c</load_address>
         <readonly>true</readonly>
         <executable>true</executable>
         <run_address>0x166c</run_address>
         <size>0x10</size>
         <alignment>0x4</alignment>
         <input_file_ref idref="fl-16"/>
      </object_component>
      <object_component id="oc-149">
         <name>.text.wcslen</name>
         <load_address>0x167c</load_address>
         <readonly>true</readonly>
         <executable>true</executable>
         <run_address>0x167c</run_address>
         <size>0x10</size>
         <alignment>0x2</alignment>
         <input_file_ref idref="fl-44"/>
      </object_component>
      <object_component id="oc-139">
         <name>.text.__aeabi_memset</name>
         <load_address>0x168c</load_address>
         <readonly>true</readonly>
         <executable>true</executable>
         <run_address>0x168c</run_address>
         <size>0xe</size>
         <alignment>0x4</alignment>
         <input_file_ref idref="fl-106"/>
      </object_component>
      <object_component id="oc-ac">
         <name>.text.delay_ms</name>
         <load_address>0x169a</load_address>
         <readonly>true</readonly>
         <executable>true</executable>
         <run_address>0x169a</run_address>
         <size>0xe</size>
         <alignment>0x2</alignment>
         <input_file_ref idref="fl-1"/>
      </object_component>
      <object_component id="oc-138">
         <name>.text.strlen</name>
         <load_address>0x16a8</load_address>
         <readonly>true</readonly>
         <executable>true</executable>
         <run_address>0x16a8</run_address>
         <size>0xe</size>
         <alignment>0x2</alignment>
         <input_file_ref idref="fl-37"/>
      </object_component>
      <object_component id="oc-f5">
         <name>.text.DL_Common_delayCycles</name>
         <load_address>0x16b6</load_address>
         <readonly>true</readonly>
         <executable>true</executable>
         <run_address>0x16b6</run_address>
         <size>0xa</size>
         <alignment>0x2</alignment>
         <input_file_ref idref="fl-15"/>
      </object_component>
      <object_component id="oc-f2">
         <name>.text._outc</name>
         <load_address>0x16c0</load_address>
         <readonly>true</readonly>
         <executable>true</executable>
         <run_address>0x16c0</run_address>
         <size>0xa</size>
         <alignment>0x2</alignment>
         <input_file_ref idref="fl-2e"/>
      </object_component>
      <object_component id="oc-14d">
         <name>.text.__aeabi_errno_addr</name>
         <load_address>0x16cc</load_address>
         <readonly>true</readonly>
         <executable>true</executable>
         <run_address>0x16cc</run_address>
         <size>0x8</size>
         <alignment>0x4</alignment>
         <input_file_ref idref="fl-38"/>
      </object_component>
      <object_component id="oc-4c">
         <name>.text.__aeabi_memcpy</name>
         <load_address>0x16d4</load_address>
         <readonly>true</readonly>
         <executable>true</executable>
         <run_address>0x16d4</run_address>
         <size>0x8</size>
         <alignment>0x4</alignment>
         <input_file_ref idref="fl-105"/>
      </object_component>
      <object_component id="oc-bd">
         <name>.text:abort</name>
         <load_address>0x16dc</load_address>
         <readonly>true</readonly>
         <executable>true</executable>
         <run_address>0x16dc</run_address>
         <size>0x6</size>
         <alignment>0x2</alignment>
         <input_file_ref idref="fl-39"/>
      </object_component>
      <object_component id="oc-fb">
         <name>.text.HOSTexit</name>
         <load_address>0x16e2</load_address>
         <readonly>true</readonly>
         <executable>true</executable>
         <run_address>0x16e2</run_address>
         <size>0x4</size>
         <alignment>0x2</alignment>
         <input_file_ref idref="fl-ec"/>
      </object_component>
      <object_component id="oc-2f">
         <name>.text.Reset_Handler</name>
         <load_address>0x16e6</load_address>
         <readonly>true</readonly>
         <executable>true</executable>
         <run_address>0x16e6</run_address>
         <size>0x4</size>
         <alignment>0x2</alignment>
         <input_file_ref idref="fl-4"/>
      </object_component>
      <object_component id="oc-7d">
         <name>.text._system_pre_init</name>
         <load_address>0x16ea</load_address>
         <readonly>true</readonly>
         <executable>true</executable>
         <run_address>0x16ea</run_address>
         <size>0x4</size>
         <alignment>0x2</alignment>
         <input_file_ref idref="fl-32"/>
      </object_component>
      <object_component id="oc-211">
         <name>__TI_handler_table</name>
         <load_address>0x1930</load_address>
         <readonly>true</readonly>
         <run_address>0x1930</run_address>
         <size>0xc</size>
         <alignment>0x4</alignment>
      </object_component>
      <object_component id="oc-213">
         <name>.cinit..data.load</name>
         <load_address>0x193c</load_address>
         <readonly>true</readonly>
         <run_address>0x193c</run_address>
         <size>0x9</size>
         <alignment>0x1</alignment>
      </object_component>
      <object_component id="oc-214">
         <name>.cinit..bss.load</name>
         <load_address>0x1948</load_address>
         <readonly>true</readonly>
         <run_address>0x1948</run_address>
         <size>0x8</size>
         <alignment>0x4</alignment>
      </object_component>
      <object_component id="oc-212">
         <name>__TI_cinit_table</name>
         <load_address>0x1950</load_address>
         <readonly>true</readonly>
         <run_address>0x1950</run_address>
         <size>0x10</size>
         <alignment>0x4</alignment>
      </object_component>
      <object_component id="oc-16c">
         <name>.rodata:__aeabi_ctype_table_</name>
         <load_address>0x16f0</load_address>
         <readonly>true</readonly>
         <run_address>0x16f0</run_address>
         <size>0x101</size>
         <alignment>0x10</alignment>
         <input_file_ref idref="fl-49"/>
      </object_component>
      <object_component id="oc-b9">
         <name>.rodata.str1.11898133897667081452.1</name>
         <load_address>0x17f1</load_address>
         <readonly>true</readonly>
         <run_address>0x17f1</run_address>
         <size>0x3e</size>
         <alignment>0x1</alignment>
         <input_file_ref idref="fl-2"/>
      </object_component>
      <object_component id="oc-b8">
         <name>.rodata.str1.17669528882079347314.1</name>
         <load_address>0x182f</load_address>
         <readonly>true</readonly>
         <run_address>0x182f</run_address>
         <size>0x3e</size>
         <alignment>0x1</alignment>
         <input_file_ref idref="fl-2"/>
      </object_component>
      <object_component id="oc-b7">
         <name>.rodata.str1.14685083708502177989.1</name>
         <load_address>0x186d</load_address>
         <readonly>true</readonly>
         <run_address>0x186d</run_address>
         <size>0x2e</size>
         <alignment>0x1</alignment>
         <input_file_ref idref="fl-2"/>
      </object_component>
      <object_component id="oc-b6">
         <name>.rodata.str1.254342170260855183.1</name>
         <load_address>0x189b</load_address>
         <readonly>true</readonly>
         <run_address>0x189b</run_address>
         <size>0x26</size>
         <alignment>0x1</alignment>
         <input_file_ref idref="fl-2"/>
      </object_component>
      <object_component id="oc-b5">
         <name>.rodata.str1.9517790425240694019.1</name>
         <load_address>0x18c1</load_address>
         <readonly>true</readonly>
         <run_address>0x18c1</run_address>
         <size>0x1c</size>
         <alignment>0x1</alignment>
         <input_file_ref idref="fl-2"/>
      </object_component>
      <object_component id="oc-110">
         <name>.rodata.gPWM_0ClockConfig</name>
         <load_address>0x18dd</load_address>
         <readonly>true</readonly>
         <run_address>0x18dd</run_address>
         <size>0x3</size>
         <alignment>0x1</alignment>
         <input_file_ref idref="fl-3"/>
      </object_component>
      <object_component id="oc-114">
         <name>.rodata.gTIMER_TICKTimerConfig</name>
         <load_address>0x18e0</load_address>
         <readonly>true</readonly>
         <run_address>0x18e0</run_address>
         <size>0x14</size>
         <alignment>0x4</alignment>
         <input_file_ref idref="fl-3"/>
      </object_component>
      <object_component id="oc-156">
         <name>.rodata.str1.10348868589481759720.1</name>
         <load_address>0x18f4</load_address>
         <readonly>true</readonly>
         <run_address>0x18f4</run_address>
         <size>0x11</size>
         <alignment>0x1</alignment>
         <input_file_ref idref="fl-37"/>
      </object_component>
      <object_component id="oc-13e">
         <name>.rodata.str1.15363888844622738466.1</name>
         <load_address>0x1905</load_address>
         <readonly>true</readonly>
         <run_address>0x1905</run_address>
         <size>0x11</size>
         <alignment>0x1</alignment>
         <input_file_ref idref="fl-37"/>
      </object_component>
      <object_component id="oc-11d">
         <name>.rodata.gUART_0Config</name>
         <load_address>0x1916</load_address>
         <readonly>true</readonly>
         <run_address>0x1916</run_address>
         <size>0xa</size>
         <alignment>0x2</alignment>
         <input_file_ref idref="fl-3"/>
      </object_component>
      <object_component id="oc-111">
         <name>.rodata.gPWM_0Config</name>
         <load_address>0x1920</load_address>
         <readonly>true</readonly>
         <run_address>0x1920</run_address>
         <size>0x8</size>
         <alignment>0x4</alignment>
         <input_file_ref idref="fl-3"/>
      </object_component>
      <object_component id="oc-113">
         <name>.rodata.gTIMER_TICKClockConfig</name>
         <load_address>0x1928</load_address>
         <readonly>true</readonly>
         <run_address>0x1928</run_address>
         <size>0x3</size>
         <alignment>0x1</alignment>
         <input_file_ref idref="fl-3"/>
      </object_component>
      <object_component id="oc-11c">
         <name>.rodata.gUART_0ClockConfig</name>
         <load_address>0x192b</load_address>
         <readonly>true</readonly>
         <run_address>0x192b</run_address>
         <size>0x2</size>
         <alignment>0x1</alignment>
         <input_file_ref idref="fl-3"/>
      </object_component>
      <object_component id="oc-1d9">
         <name>.binit</name>
         <load_address>0x0</load_address>
         <readonly>true</readonly>
         <run_address>0x0</run_address>
         <size>0x0</size>
         <alignment>0x4</alignment>
      </object_component>
      <object_component id="oc-66">
         <name>.data.g_enc_edge_left</name>
         <load_address>0x202001e0</load_address>
         <readwrite>true</readwrite>
         <run_address>0x202001e0</run_address>
         <size>0x4</size>
         <alignment>0x4</alignment>
         <input_file_ref idref="fl-5"/>
      </object_component>
      <object_component id="oc-68">
         <name>.data.g_enc_edge_right</name>
         <load_address>0x202001e4</load_address>
         <readwrite>true</readwrite>
         <run_address>0x202001e4</run_address>
         <size>0x4</size>
         <alignment>0x4</alignment>
         <input_file_ref idref="fl-5"/>
      </object_component>
      <object_component id="oc-71">
         <name>.data.g_timer_ticks</name>
         <load_address>0x20200204</load_address>
         <readwrite>true</readwrite>
         <run_address>0x20200204</run_address>
         <size>0x4</size>
         <alignment>0x4</alignment>
         <input_file_ref idref="fl-5"/>
      </object_component>
      <object_component id="oc-63">
         <name>.data.g_group1_entry</name>
         <load_address>0x202001f0</load_address>
         <readwrite>true</readwrite>
         <run_address>0x202001f0</run_address>
         <size>0x4</size>
         <alignment>0x4</alignment>
         <input_file_ref idref="fl-5"/>
      </object_component>
      <object_component id="oc-64">
         <name>.data.g_gpioa_entry</name>
         <load_address>0x202001ec</load_address>
         <readwrite>true</readwrite>
         <run_address>0x202001ec</run_address>
         <size>0x4</size>
         <alignment>0x4</alignment>
         <input_file_ref idref="fl-5"/>
      </object_component>
      <object_component id="oc-65">
         <name>.data.g_gpio_pending</name>
         <load_address>0x202001e8</load_address>
         <readwrite>true</readwrite>
         <run_address>0x202001e8</run_address>
         <size>0x4</size>
         <alignment>0x4</alignment>
         <input_file_ref idref="fl-5"/>
      </object_component>
      <object_component id="oc-72">
         <name>.data.g_speed_left</name>
         <load_address>0x202001fc</load_address>
         <readwrite>true</readwrite>
         <run_address>0x202001fc</run_address>
         <size>0x4</size>
         <alignment>0x4</alignment>
         <input_file_ref idref="fl-5"/>
      </object_component>
      <object_component id="oc-73">
         <name>.data.g_speed_right</name>
         <load_address>0x20200200</load_address>
         <readwrite>true</readwrite>
         <run_address>0x20200200</run_address>
         <size>0x4</size>
         <alignment>0x4</alignment>
         <input_file_ref idref="fl-5"/>
      </object_component>
      <object_component id="oc-67">
         <name>.data.g_speed_counter_left</name>
         <load_address>0x202001f4</load_address>
         <readwrite>true</readwrite>
         <run_address>0x202001f4</run_address>
         <size>0x4</size>
         <alignment>0x4</alignment>
         <input_file_ref idref="fl-5"/>
      </object_component>
      <object_component id="oc-69">
         <name>.data.g_speed_counter_right</name>
         <load_address>0x202001f8</load_address>
         <readwrite>true</readwrite>
         <run_address>0x202001f8</run_address>
         <size>0x4</size>
         <alignment>0x4</alignment>
         <input_file_ref idref="fl-5"/>
      </object_component>
      <object_component id="oc-6d">
         <name>.data.recv0_buff</name>
         <load_address>0x2020015c</load_address>
         <readwrite>true</readwrite>
         <run_address>0x2020015c</run_address>
         <size>0x80</size>
         <alignment>0x1</alignment>
         <input_file_ref idref="fl-7"/>
      </object_component>
      <object_component id="oc-6c">
         <name>.data.recv0_length</name>
         <load_address>0x20200208</load_address>
         <readwrite>true</readwrite>
         <run_address>0x20200208</run_address>
         <size>0x2</size>
         <alignment>0x2</alignment>
         <input_file_ref idref="fl-7"/>
      </object_component>
      <object_component id="oc-6e">
         <name>.data.recv0_flag</name>
         <load_address>0x2020020a</load_address>
         <readwrite>true</readwrite>
         <run_address>0x2020020a</run_address>
         <size>0x1</size>
         <alignment>0x1</alignment>
         <input_file_ref idref="fl-7"/>
      </object_component>
      <object_component id="oc-173">
         <name>.data.__aeabi_errno</name>
         <load_address>0x202001dc</load_address>
         <readwrite>true</readwrite>
         <run_address>0x202001dc</run_address>
         <size>0x4</size>
         <alignment>0x4</alignment>
         <input_file_ref idref="fl-38"/>
      </object_component>
      <object_component id="oc-e4">
         <name>.common:gPWM_0Backup</name>
         <uninitialized>true</uninitialized>
         <readwrite>true</readwrite>
         <run_address>0x202000bc</run_address>
         <size>0xa0</size>
         <alignment>0x4</alignment>
      </object_component>
      <object_component id="oc-e5">
         <name>.common:gTIMER_TICKBackup</name>
         <uninitialized>true</uninitialized>
         <readwrite>true</readwrite>
         <run_address>0x20200000</run_address>
         <size>0xbc</size>
         <alignment>0x4</alignment>
      </object_component>
      <object_component id="oc-1a">
         <name>.stack</name>
         <uninitialized>true</uninitialized>
         <readwrite>true</readwrite>
         <run_address>0x20207e00</run_address>
         <size>0x4</size>
         <alignment>0x4</alignment>
         <input_file_ref idref="fl-2f"/>
      </object_component>
      <object_component id="oc-216">
         <name>.stack</name>
         <uninitialized>true</uninitialized>
         <readwrite>true</readwrite>
         <run_address>0x20207e00</run_address>
         <size>0x0</size>
         <alignment>0x8</alignment>
      </object_component>
      <object_component id="oc-ad">
         <name>.debug_loc</name>
         <load_address>0x0</load_address>
         <run_address>0x0</run_address>
         <size>0x86</size>
         <alignment>0x1</alignment>
         <input_file_ref idref="fl-1"/>
      </object_component>
      <object_component id="oc-bc">
         <name>.debug_loc</name>
         <load_address>0x86</load_address>
         <run_address>0x86</run_address>
         <size>0x39</size>
         <alignment>0x1</alignment>
         <input_file_ref idref="fl-2"/>
      </object_component>
      <object_component id="oc-e0">
         <name>.debug_loc</name>
         <load_address>0xbf</load_address>
         <run_address>0xbf</run_address>
         <size>0x109</size>
         <alignment>0x1</alignment>
         <input_file_ref idref="fl-3"/>
      </object_component>
      <object_component id="oc-35">
         <name>.debug_loc</name>
         <load_address>0x1c8</load_address>
         <run_address>0x1c8</run_address>
         <size>0xb6</size>
         <alignment>0x1</alignment>
         <input_file_ref idref="fl-5"/>
      </object_component>
      <object_component id="oc-b3">
         <name>.debug_loc</name>
         <load_address>0x27e</load_address>
         <run_address>0x27e</run_address>
         <size>0x15a</size>
         <alignment>0x1</alignment>
         <input_file_ref idref="fl-6"/>
      </object_component>
      <object_component id="oc-3e">
         <name>.debug_loc</name>
         <load_address>0x3d8</load_address>
         <run_address>0x3d8</run_address>
         <size>0x28b</size>
         <alignment>0x1</alignment>
         <input_file_ref idref="fl-7"/>
      </object_component>
      <object_component id="oc-12a">
         <name>.debug_loc</name>
         <load_address>0x663</load_address>
         <run_address>0x663</run_address>
         <size>0x13</size>
         <alignment>0x1</alignment>
         <input_file_ref idref="fl-15"/>
      </object_component>
      <object_component id="oc-ea">
         <name>.debug_loc</name>
         <load_address>0x676</load_address>
         <run_address>0x676</run_address>
         <size>0x1a68</size>
         <alignment>0x1</alignment>
         <input_file_ref idref="fl-16"/>
      </object_component>
      <object_component id="oc-116">
         <name>.debug_loc</name>
         <load_address>0x20de</load_address>
         <run_address>0x20de</run_address>
         <size>0x7e4</size>
         <alignment>0x1</alignment>
         <input_file_ref idref="fl-17"/>
      </object_component>
      <object_component id="oc-ab">
         <name>.debug_loc</name>
         <load_address>0x28c2</load_address>
         <run_address>0x28c2</run_address>
         <size>0x136</size>
         <alignment>0x1</alignment>
         <input_file_ref idref="fl-2e"/>
      </object_component>
      <object_component id="oc-47">
         <name>.debug_loc</name>
         <load_address>0x29f8</load_address>
         <run_address>0x29f8</run_address>
         <size>0xd8</size>
         <alignment>0x1</alignment>
         <input_file_ref idref="fl-2f"/>
      </object_component>
      <object_component id="oc-c5">
         <name>.debug_loc</name>
         <load_address>0x2ad0</load_address>
         <run_address>0x2ad0</run_address>
         <size>0x424</size>
         <alignment>0x1</alignment>
         <input_file_ref idref="fl-31"/>
      </object_component>
      <object_component id="oc-54">
         <name>.debug_loc</name>
         <load_address>0x2ef4</load_address>
         <run_address>0x2ef4</run_address>
         <size>0x16c</size>
         <alignment>0x1</alignment>
         <input_file_ref idref="fl-34"/>
      </object_component>
      <object_component id="oc-52">
         <name>.debug_loc</name>
         <load_address>0x3060</load_address>
         <run_address>0x3060</run_address>
         <size>0x6f</size>
         <alignment>0x1</alignment>
         <input_file_ref idref="fl-35"/>
      </object_component>
      <object_component id="oc-4a">
         <name>.debug_loc</name>
         <load_address>0x30cf</load_address>
         <run_address>0x30cf</run_address>
         <size>0x167</size>
         <alignment>0x1</alignment>
         <input_file_ref idref="fl-36"/>
      </object_component>
      <object_component id="oc-121">
         <name>.debug_loc</name>
         <load_address>0x3236</load_address>
         <run_address>0x3236</run_address>
         <size>0x32d8</size>
         <alignment>0x1</alignment>
         <input_file_ref idref="fl-37"/>
      </object_component>
      <object_component id="oc-176">
         <name>.debug_loc</name>
         <load_address>0x650e</load_address>
         <run_address>0x650e</run_address>
         <size>0x101</size>
         <alignment>0x1</alignment>
         <input_file_ref idref="fl-38"/>
      </object_component>
      <object_component id="oc-c3">
         <name>.debug_loc</name>
         <load_address>0x660f</load_address>
         <run_address>0x660f</run_address>
         <size>0x26</size>
         <alignment>0x1</alignment>
         <input_file_ref idref="fl-39"/>
      </object_component>
      <object_component id="oc-16f">
         <name>.debug_loc</name>
         <load_address>0x6635</load_address>
         <run_address>0x6635</run_address>
         <size>0x66</size>
         <alignment>0x1</alignment>
         <input_file_ref idref="fl-3e"/>
      </object_component>
      <object_component id="oc-165">
         <name>.debug_loc</name>
         <load_address>0x669b</load_address>
         <run_address>0x669b</run_address>
         <size>0xbf</size>
         <alignment>0x1</alignment>
         <input_file_ref idref="fl-40"/>
      </object_component>
      <object_component id="oc-172">
         <name>.debug_loc</name>
         <load_address>0x675a</load_address>
         <run_address>0x675a</run_address>
         <size>0x33</size>
         <alignment>0x1</alignment>
         <input_file_ref idref="fl-44"/>
      </object_component>
      <object_component id="oc-1b2">
         <name>.debug_loc</name>
         <load_address>0x678d</load_address>
         <run_address>0x678d</run_address>
         <size>0x20</size>
         <alignment>0x1</alignment>
         <input_file_ref idref="fl-10c"/>
      </object_component>
      <object_component id="oc-f9">
         <name>.debug_abbrev</name>
         <load_address>0x0</load_address>
         <run_address>0x0</run_address>
         <size>0x70</size>
         <alignment>0x1</alignment>
         <input_file_ref idref="fl-1"/>
      </object_component>
      <object_component id="oc-ba">
         <name>.debug_abbrev</name>
         <load_address>0x70</load_address>
         <run_address>0x70</run_address>
         <size>0x18c</size>
         <alignment>0x1</alignment>
         <input_file_ref idref="fl-2"/>
      </object_component>
      <object_component id="oc-e6">
         <name>.debug_abbrev</name>
         <load_address>0x1fc</load_address>
         <run_address>0x1fc</run_address>
         <size>0x247</size>
         <alignment>0x1</alignment>
         <input_file_ref idref="fl-3"/>
      </object_component>
      <object_component id="oc-41">
         <name>.debug_abbrev</name>
         <load_address>0x443</load_address>
         <run_address>0x443</run_address>
         <size>0x6d</size>
         <alignment>0x1</alignment>
         <input_file_ref idref="fl-4"/>
      </object_component>
      <object_component id="oc-6a">
         <name>.debug_abbrev</name>
         <load_address>0x4b0</load_address>
         <run_address>0x4b0</run_address>
         <size>0x1d1</size>
         <alignment>0x1</alignment>
         <input_file_ref idref="fl-5"/>
      </object_component>
      <object_component id="oc-ee">
         <name>.debug_abbrev</name>
         <load_address>0x681</load_address>
         <run_address>0x681</run_address>
         <size>0x1c8</size>
         <alignment>0x1</alignment>
         <input_file_ref idref="fl-6"/>
      </object_component>
      <object_component id="oc-6f">
         <name>.debug_abbrev</name>
         <load_address>0x849</load_address>
         <run_address>0x849</run_address>
         <size>0x1f5</size>
         <alignment>0x1</alignment>
         <input_file_ref idref="fl-7"/>
      </object_component>
      <object_component id="oc-128">
         <name>.debug_abbrev</name>
         <load_address>0xa3e</load_address>
         <run_address>0xa3e</run_address>
         <size>0x62</size>
         <alignment>0x1</alignment>
         <input_file_ref idref="fl-15"/>
      </object_component>
      <object_component id="oc-11e">
         <name>.debug_abbrev</name>
         <load_address>0xaa0</load_address>
         <run_address>0xaa0</run_address>
         <size>0x286</size>
         <alignment>0x1</alignment>
         <input_file_ref idref="fl-16"/>
      </object_component>
      <object_component id="oc-136">
         <name>.debug_abbrev</name>
         <load_address>0xd26</load_address>
         <run_address>0xd26</run_address>
         <size>0x29b</size>
         <alignment>0x1</alignment>
         <input_file_ref idref="fl-17"/>
      </object_component>
      <object_component id="oc-f3">
         <name>.debug_abbrev</name>
         <load_address>0xfc1</load_address>
         <run_address>0xfc1</run_address>
         <size>0xe1</size>
         <alignment>0x1</alignment>
         <input_file_ref idref="fl-2e"/>
      </object_component>
      <object_component id="oc-43">
         <name>.debug_abbrev</name>
         <load_address>0x10a2</load_address>
         <run_address>0x10a2</run_address>
         <size>0xaf</size>
         <alignment>0x1</alignment>
         <input_file_ref idref="fl-2f"/>
      </object_component>
      <object_component id="oc-105">
         <name>.debug_abbrev</name>
         <load_address>0x1151</load_address>
         <run_address>0x1151</run_address>
         <size>0x170</size>
         <alignment>0x1</alignment>
         <input_file_ref idref="fl-31"/>
      </object_component>
      <object_component id="oc-97">
         <name>.debug_abbrev</name>
         <load_address>0x12c1</load_address>
         <run_address>0x12c1</run_address>
         <size>0x39</size>
         <alignment>0x1</alignment>
         <input_file_ref idref="fl-32"/>
      </object_component>
      <object_component id="oc-76">
         <name>.debug_abbrev</name>
         <load_address>0x12fa</load_address>
         <run_address>0x12fa</run_address>
         <size>0xc2</size>
         <alignment>0x1</alignment>
         <input_file_ref idref="fl-34"/>
      </object_component>
      <object_component id="oc-50">
         <name>.debug_abbrev</name>
         <load_address>0x13bc</load_address>
         <run_address>0x13bc</run_address>
         <size>0x70</size>
         <alignment>0x1</alignment>
         <input_file_ref idref="fl-35"/>
      </object_component>
      <object_component id="oc-48">
         <name>.debug_abbrev</name>
         <load_address>0x142c</load_address>
         <run_address>0x142c</run_address>
         <size>0x8d</size>
         <alignment>0x1</alignment>
         <input_file_ref idref="fl-36"/>
      </object_component>
      <object_component id="oc-143">
         <name>.debug_abbrev</name>
         <load_address>0x14b9</load_address>
         <run_address>0x14b9</run_address>
         <size>0x2a3</size>
         <alignment>0x1</alignment>
         <input_file_ref idref="fl-37"/>
      </object_component>
      <object_component id="oc-174">
         <name>.debug_abbrev</name>
         <load_address>0x175c</load_address>
         <run_address>0x175c</run_address>
         <size>0x148</size>
         <alignment>0x1</alignment>
         <input_file_ref idref="fl-38"/>
      </object_component>
      <object_component id="oc-ff">
         <name>.debug_abbrev</name>
         <load_address>0x18a4</load_address>
         <run_address>0x18a4</run_address>
         <size>0x98</size>
         <alignment>0x1</alignment>
         <input_file_ref idref="fl-39"/>
      </object_component>
      <object_component id="oc-16d">
         <name>.debug_abbrev</name>
         <load_address>0x193c</load_address>
         <run_address>0x193c</run_address>
         <size>0x72</size>
         <alignment>0x1</alignment>
         <input_file_ref idref="fl-3e"/>
      </object_component>
      <object_component id="oc-163">
         <name>.debug_abbrev</name>
         <load_address>0x19ae</load_address>
         <run_address>0x19ae</run_address>
         <size>0x8b</size>
         <alignment>0x1</alignment>
         <input_file_ref idref="fl-40"/>
      </object_component>
      <object_component id="oc-170">
         <name>.debug_abbrev</name>
         <load_address>0x1a39</load_address>
         <run_address>0x1a39</run_address>
         <size>0x72</size>
         <alignment>0x1</alignment>
         <input_file_ref idref="fl-44"/>
      </object_component>
      <object_component id="oc-12b">
         <name>.debug_abbrev</name>
         <load_address>0x1aab</load_address>
         <run_address>0x1aab</run_address>
         <size>0x2c</size>
         <alignment>0x1</alignment>
         <input_file_ref idref="fl-ec"/>
      </object_component>
      <object_component id="oc-1b3">
         <name>.debug_abbrev</name>
         <load_address>0x1ad7</load_address>
         <run_address>0x1ad7</run_address>
         <size>0x27</size>
         <alignment>0x1</alignment>
         <input_file_ref idref="fl-fe"/>
      </object_component>
      <object_component id="oc-17b">
         <name>.debug_abbrev</name>
         <load_address>0x1afe</load_address>
         <run_address>0x1afe</run_address>
         <size>0x27</size>
         <alignment>0x1</alignment>
         <input_file_ref idref="fl-102"/>
      </object_component>
      <object_component id="oc-75">
         <name>.debug_abbrev</name>
         <load_address>0x1b25</load_address>
         <run_address>0x1b25</run_address>
         <size>0x27</size>
         <alignment>0x1</alignment>
         <input_file_ref idref="fl-105"/>
      </object_component>
      <object_component id="oc-96">
         <name>.debug_abbrev</name>
         <load_address>0x1b4c</load_address>
         <run_address>0x1b4c</run_address>
         <size>0x25</size>
         <alignment>0x1</alignment>
         <input_file_ref idref="fl-106"/>
      </object_component>
      <object_component id="oc-16b">
         <name>.debug_abbrev</name>
         <load_address>0x1b71</load_address>
         <run_address>0x1b71</run_address>
         <size>0x27</size>
         <alignment>0x1</alignment>
         <input_file_ref idref="fl-107"/>
      </object_component>
      <object_component id="oc-180">
         <name>.debug_abbrev</name>
         <load_address>0x1b98</load_address>
         <run_address>0x1b98</run_address>
         <size>0x27</size>
         <alignment>0x1</alignment>
         <input_file_ref idref="fl-108"/>
      </object_component>
      <object_component id="oc-1b9">
         <name>.debug_abbrev</name>
         <load_address>0x1bbf</load_address>
         <run_address>0x1bbf</run_address>
         <size>0x27</size>
         <alignment>0x1</alignment>
         <input_file_ref idref="fl-109"/>
      </object_component>
      <object_component id="oc-1ce">
         <name>.debug_abbrev</name>
         <load_address>0x1be6</load_address>
         <run_address>0x1be6</run_address>
         <size>0x27</size>
         <alignment>0x1</alignment>
         <input_file_ref idref="fl-10a"/>
      </object_component>
      <object_component id="oc-1b0">
         <name>.debug_abbrev</name>
         <load_address>0x1c0d</load_address>
         <run_address>0x1c0d</run_address>
         <size>0x59</size>
         <alignment>0x1</alignment>
         <input_file_ref idref="fl-10c"/>
      </object_component>
      <object_component id="oc-d6">
         <name>.debug_abbrev</name>
         <load_address>0x1c66</load_address>
         <run_address>0x1c66</run_address>
         <size>0x25</size>
         <alignment>0x1</alignment>
         <input_file_ref idref="fl-10e"/>
      </object_component>
      <object_component id="oc-10b">
         <name>.debug_abbrev</name>
         <load_address>0x1c8b</load_address>
         <run_address>0x1c8b</run_address>
         <size>0x25</size>
         <alignment>0x1</alignment>
         <input_file_ref idref="fl-10f"/>
      </object_component>
      <object_component id="oc-218">
         <name>.debug_abbrev</name>
         <load_address>0x1cb0</load_address>
         <run_address>0x1cb0</run_address>
         <size>0xf</size>
         <alignment>0x0</alignment>
      </object_component>
      <object_component id="oc-ae">
         <name>.debug_info</name>
         <load_address>0x0</load_address>
         <run_address>0x0</run_address>
         <size>0xbe</size>
         <alignment>0x1</alignment>
         <input_file_ref idref="fl-1"/>
      </object_component>
      <object_component id="oc-82">
         <name>.debug_info</name>
         <load_address>0xbe</load_address>
         <run_address>0xbe</run_address>
         <size>0x63f</size>
         <alignment>0x1</alignment>
         <input_file_ref idref="fl-2"/>
      </object_component>
      <object_component id="oc-9c">
         <name>.debug_info</name>
         <load_address>0x6fd</load_address>
         <run_address>0x6fd</run_address>
         <size>0x3174</size>
         <alignment>0x1</alignment>
         <input_file_ref idref="fl-3"/>
      </object_component>
      <object_component id="oc-19">
         <name>.debug_info</name>
         <load_address>0x3871</load_address>
         <run_address>0x3871</run_address>
         <size>0x80</size>
         <alignment>0x1</alignment>
         <input_file_ref idref="fl-4"/>
      </object_component>
      <object_component id="oc-36">
         <name>.debug_info</name>
         <load_address>0x38f1</load_address>
         <run_address>0x38f1</run_address>
         <size>0x1414</size>
         <alignment>0x1</alignment>
         <input_file_ref idref="fl-5"/>
      </object_component>
      <object_component id="oc-9f">
         <name>.debug_info</name>
         <load_address>0x4d05</load_address>
         <run_address>0x4d05</run_address>
         <size>0x10fc</size>
         <alignment>0x1</alignment>
         <input_file_ref idref="fl-6"/>
      </object_component>
      <object_component id="oc-3c">
         <name>.debug_info</name>
         <load_address>0x5e01</load_address>
         <run_address>0x5e01</run_address>
         <size>0xab3</size>
         <alignment>0x1</alignment>
         <input_file_ref idref="fl-7"/>
      </object_component>
      <object_component id="oc-f7">
         <name>.debug_info</name>
         <load_address>0x68b4</load_address>
         <run_address>0x68b4</run_address>
         <size>0x75</size>
         <alignment>0x1</alignment>
         <input_file_ref idref="fl-15"/>
      </object_component>
      <object_component id="oc-eb">
         <name>.debug_info</name>
         <load_address>0x6929</load_address>
         <run_address>0x6929</run_address>
         <size>0x32ed</size>
         <alignment>0x1</alignment>
         <input_file_ref idref="fl-16"/>
      </object_component>
      <object_component id="oc-117">
         <name>.debug_info</name>
         <load_address>0x9c16</load_address>
         <run_address>0x9c16</run_address>
         <size>0x12cf</size>
         <alignment>0x1</alignment>
         <input_file_ref idref="fl-17"/>
      </object_component>
      <object_component id="oc-a7">
         <name>.debug_info</name>
         <load_address>0xaee5</load_address>
         <run_address>0xaee5</run_address>
         <size>0x165</size>
         <alignment>0x1</alignment>
         <input_file_ref idref="fl-2e"/>
      </object_component>
      <object_component id="oc-1b">
         <name>.debug_info</name>
         <load_address>0xb04a</load_address>
         <run_address>0xb04a</run_address>
         <size>0x423</size>
         <alignment>0x1</alignment>
         <input_file_ref idref="fl-2f"/>
      </object_component>
      <object_component id="oc-c6">
         <name>.debug_info</name>
         <load_address>0xb46d</load_address>
         <run_address>0xb46d</run_address>
         <size>0x744</size>
         <alignment>0x1</alignment>
         <input_file_ref idref="fl-31"/>
      </object_component>
      <object_component id="oc-7e">
         <name>.debug_info</name>
         <load_address>0xbbb1</load_address>
         <run_address>0xbbb1</run_address>
         <size>0x46</size>
         <alignment>0x1</alignment>
         <input_file_ref idref="fl-32"/>
      </object_component>
      <object_component id="oc-57">
         <name>.debug_info</name>
         <load_address>0xbbf7</load_address>
         <run_address>0xbbf7</run_address>
         <size>0x192</size>
         <alignment>0x1</alignment>
         <input_file_ref idref="fl-34"/>
      </object_component>
      <object_component id="oc-21">
         <name>.debug_info</name>
         <load_address>0xbd89</load_address>
         <run_address>0xbd89</run_address>
         <size>0xc6</size>
         <alignment>0x1</alignment>
         <input_file_ref idref="fl-35"/>
      </object_component>
      <object_component id="oc-1d">
         <name>.debug_info</name>
         <load_address>0xbe4f</load_address>
         <run_address>0xbe4f</run_address>
         <size>0x17c</size>
         <alignment>0x1</alignment>
         <input_file_ref idref="fl-36"/>
      </object_component>
      <object_component id="oc-125">
         <name>.debug_info</name>
         <load_address>0xbfcb</load_address>
         <run_address>0xbfcb</run_address>
         <size>0x1f24</size>
         <alignment>0x1</alignment>
         <input_file_ref idref="fl-37"/>
      </object_component>
      <object_component id="oc-14e">
         <name>.debug_info</name>
         <load_address>0xdeef</load_address>
         <run_address>0xdeef</run_address>
         <size>0x33d</size>
         <alignment>0x1</alignment>
         <input_file_ref idref="fl-38"/>
      </object_component>
      <object_component id="oc-bf">
         <name>.debug_info</name>
         <load_address>0xe22c</load_address>
         <run_address>0xe22c</run_address>
         <size>0xf8</size>
         <alignment>0x1</alignment>
         <input_file_ref idref="fl-39"/>
      </object_component>
      <object_component id="oc-148">
         <name>.debug_info</name>
         <load_address>0xe324</load_address>
         <run_address>0xe324</run_address>
         <size>0x9e</size>
         <alignment>0x1</alignment>
         <input_file_ref idref="fl-3e"/>
      </object_component>
      <object_component id="oc-13d">
         <name>.debug_info</name>
         <load_address>0xe3c2</load_address>
         <run_address>0xe3c2</run_address>
         <size>0xce</size>
         <alignment>0x1</alignment>
         <input_file_ref idref="fl-40"/>
      </object_component>
      <object_component id="oc-14c">
         <name>.debug_info</name>
         <load_address>0xe490</load_address>
         <run_address>0xe490</run_address>
         <size>0x97</size>
         <alignment>0x1</alignment>
         <input_file_ref idref="fl-44"/>
      </object_component>
      <object_component id="oc-fd">
         <name>.debug_info</name>
         <load_address>0xe527</load_address>
         <run_address>0xe527</run_address>
         <size>0x3b</size>
         <alignment>0x1</alignment>
         <input_file_ref idref="fl-ec"/>
      </object_component>
      <object_component id="oc-178">
         <name>.debug_info</name>
         <load_address>0xe562</load_address>
         <run_address>0xe562</run_address>
         <size>0x181</size>
         <alignment>0x1</alignment>
         <input_file_ref idref="fl-fe"/>
      </object_component>
      <object_component id="oc-154">
         <name>.debug_info</name>
         <load_address>0xe6e3</load_address>
         <run_address>0xe6e3</run_address>
         <size>0x17f</size>
         <alignment>0x1</alignment>
         <input_file_ref idref="fl-102"/>
      </object_component>
      <object_component id="oc-4d">
         <name>.debug_info</name>
         <load_address>0xe862</load_address>
         <run_address>0xe862</run_address>
         <size>0x18b</size>
         <alignment>0x1</alignment>
[...]
         <name>__TI_zero_init</name>
      </handler>
   </handler_table>
   <symbol_table>
      <symbol id="sm-1">
         <name>__start___llvm_prf_cnts</name>
         <value>0x20200000</value>
      </symbol>
      <symbol id="sm-2">
         <name>__stop___llvm_prf_cnts</name>
         <value>0x20200000</value>
      </symbol>
      <symbol id="sm-3">
         <name>__start___llvm_prf_bits</name>
         <value>0x20200000</value>
      </symbol>
      <symbol id="sm-4">
         <name>__stop___llvm_prf_bits</name>
         <value>0x20200000</value>
      </symbol>
      <symbol id="sm-5">
         <name>__TI_CINIT_Base</name>
         <value>0x1950</value>
      </symbol>
      <symbol id="sm-6">
         <name>__TI_CINIT_Limit</name>
         <value>0x1960</value>
      </symbol>
      <symbol id="sm-7">
         <name>__TI_CINIT_Warm</name>
         <value>0x1960</value>
      </symbol>
      <symbol id="sm-8">
         <name>__TI_Handler_Table_Base</name>
         <value>0x1930</value>
      </symbol>
      <symbol id="sm-9">
         <name>__TI_Handler_Table_Limit</name>
         <value>0x193c</value>
      </symbol>
      <symbol id="sm-a">
         <name>binit</name>
         <value>0xffffffff</value>
      </symbol>
      <symbol id="sm-b">
         <name>__binit__</name>
         <value>0xffffffff</value>
      </symbol>
      <symbol id="sm-c">
         <name>__STACK_SIZE</name>
         <value>0x200</value>
      </symbol>
      <symbol id="sm-d">
         <name>__STACK_END</name>
         <value>0x20208000</value>
      </symbol>
      <symbol id="sm-e">
         <name>__TI_pprof_out_hndl</name>
         <value>0xffffffff</value>
      </symbol>
      <symbol id="sm-f">
         <name>__TI_prof_data_start</name>
         <value>0xffffffff</value>
      </symbol>
      <symbol id="sm-10">
         <name>__TI_prof_data_size</name>
         <value>0xffffffff</value>
      </symbol>
      <symbol id="sm-3c">
         <name>delay_ms</name>
         <value>0x169b</value>
         <object_component_ref idref="oc-ac"/>
      </symbol>
      <symbol id="sm-4b">
         <name>main</name>
         <value>0x929</value>
         <object_component_ref idref="oc-81"/>
      </symbol>
      <symbol id="sm-74">
         <name>SYSCFG_DL_init</name>
         <value>0x1461</value>
         <object_component_ref idref="oc-99"/>
      </symbol>
      <symbol id="sm-75">
         <name>SYSCFG_DL_initPower</name>
         <value>0x11e5</value>
         <object_component_ref idref="oc-dd"/>
      </symbol>
      <symbol id="sm-76">
         <name>SYSCFG_DL_GPIO_init</name>
         <value>0xd1d</value>
         <object_component_ref idref="oc-de"/>
      </symbol>
      <symbol id="sm-77">
         <name>SYSCFG_DL_SYSCTL_init</name>
         <value>0x12b9</value>
         <object_component_ref idref="oc-df"/>
      </symbol>
      <symbol id="sm-78">
         <name>SYSCFG_DL_PWM_0_init</name>
         <value>0xf01</value>
         <object_component_ref idref="oc-e1"/>
      </symbol>
      <symbol id="sm-79">
         <name>SYSCFG_DL_TIMER_TICK_init</name>
         <value>0x114d</value>
         <object_component_ref idref="oc-e2"/>
      </symbol>
      <symbol id="sm-7a">
         <name>SYSCFG_DL_UART_0_init</name>
         <value>0x10ed</value>
         <object_component_ref idref="oc-e3"/>
      </symbol>
      <symbol id="sm-7b">
         <name>gPWM_0Backup</name>
         <value>0x202000bc</value>
      </symbol>
      <symbol id="sm-7c">
         <name>gTIMER_TICKBackup</name>
         <value>0x20200000</value>
      </symbol>
      <symbol id="sm-87">
         <name>Default_Handler</name>
         <value>0x10eb</value>
         <object_component_ref idref="oc-33"/>
      </symbol>
      <symbol id="sm-88">
         <name>Reset_Handler</name>
         <value>0x16e7</value>
         <object_component_ref idref="oc-2f"/>
      </symbol>
      <symbol id="sm-89">
         <name>interruptVectors</name>
         <value>0x0</value>
         <object_component_ref idref="oc-18"/>
      </symbol>
      <symbol id="sm-8a">
         <name>NMI_Handler</name>
         <value>0x10eb</value>
         <object_component_ref idref="oc-33"/>
      </symbol>
      <symbol id="sm-8b">
         <name>HardFault_Handler</name>
         <value>0x10eb</value>
         <object_component_ref idref="oc-33"/>
      </symbol>
      <symbol id="sm-8c">
         <name>SVC_Handler</name>
         <value>0x10eb</value>
         <object_component_ref idref="oc-33"/>
      </symbol>
      <symbol id="sm-8d">
         <name>PendSV_Handler</name>
         <value>0x10eb</value>
         <object_component_ref idref="oc-33"/>
      </symbol>
      <symbol id="sm-8e">
         <name>SysTick_Handler</name>
         <value>0x10eb</value>
         <object_component_ref idref="oc-33"/>
      </symbol>
      <symbol id="sm-8f">
         <name>GROUP0_IRQHandler</name>
         <value>0x10eb</value>
         <object_component_ref idref="oc-33"/>
      </symbol>
      <symbol id="sm-90">
         <name>TIMG8_IRQHandler</name>
         <value>0x10eb</value>
         <object_component_ref idref="oc-33"/>
      </symbol>
      <symbol id="sm-91">
         <name>UART3_IRQHandler</name>
         <value>0x10eb</value>
         <object_component_ref idref="oc-33"/>
      </symbol>
      <symbol id="sm-92">
         <name>ADC0_IRQHandler</name>
         <value>0x10eb</value>
         <object_component_ref idref="oc-33"/>
      </symbol>
      <symbol id="sm-93">
         <name>ADC1_IRQHandler</name>
         <value>0x10eb</value>
         <object_component_ref idref="oc-33"/>
      </symbol>
      <symbol id="sm-94">
         <name>CANFD0_IRQHandler</name>
         <value>0x10eb</value>
         <object_component_ref idref="oc-33"/>
      </symbol>
      <symbol id="sm-95">
         <name>DAC0_IRQHandler</name>
         <value>0x10eb</value>
         <object_component_ref idref="oc-33"/>
      </symbol>
      <symbol id="sm-96">
         <name>SPI0_IRQHandler</name>
         <value>0x10eb</value>
         <object_component_ref idref="oc-33"/>
      </symbol>
      <symbol id="sm-97">
         <name>SPI1_IRQHandler</name>
         <value>0x10eb</value>
         <object_component_ref idref="oc-33"/>
      </symbol>
      <symbol id="sm-98">
         <name>UART1_IRQHandler</name>
         <value>0x10eb</value>
         <object_component_ref idref="oc-33"/>
      </symbol>
      <symbol id="sm-99">
         <name>UART2_IRQHandler</name>
         <value>0x10eb</value>
         <object_component_ref idref="oc-33"/>
      </symbol>
      <symbol id="sm-9a">
         <name>TIMG0_IRQHandler</name>
         <value>0x10eb</value>
         <object_component_ref idref="oc-33"/>
      </symbol>
      <symbol id="sm-9b">
         <name>TIMG6_IRQHandler</name>
         <value>0x10eb</value>
         <object_component_ref idref="oc-33"/>
      </symbol>
      <symbol id="sm-9c">
         <name>TIMA1_IRQHandler</name>
         <value>0x10eb</value>
         <object_component_ref idref="oc-33"/>
      </symbol>
      <symbol id="sm-9d">
         <name>TIMG7_IRQHandler</name>
         <value>0x10eb</value>
         <object_component_ref idref="oc-33"/>
      </symbol>
      <symbol id="sm-9e">
         <name>TIMG12_IRQHandler</name>
         <value>0x10eb</value>
         <object_component_ref idref="oc-33"/>
      </symbol>
      <symbol id="sm-9f">
         <name>I2C0_IRQHandler</name>
         <value>0x10eb</value>
         <object_component_ref idref="oc-33"/>
      </symbol>
      <symbol id="sm-a0">
         <name>I2C1_IRQHandler</name>
         <value>0x10eb</value>
         <object_component_ref idref="oc-33"/>
      </symbol>
      <symbol id="sm-a1">
         <name>AES_IRQHandler</name>
         <value>0x10eb</value>
         <object_component_ref idref="oc-33"/>
      </symbol>
      <symbol id="sm-a2">
         <name>RTC_IRQHandler</name>
         <value>0x10eb</value>
         <object_component_ref idref="oc-33"/>
      </symbol>
      <symbol id="sm-a3">
         <name>DMA_IRQHandler</name>
         <value>0x10eb</value>
         <object_component_ref idref="oc-33"/>
      </symbol>
      <symbol id="sm-bf">
         <name>Encoder_Init</name>
         <value>0x13f1</value>
         <object_component_ref idref="oc-a3"/>
      </symbol>
      <symbol id="sm-c0">
         <name>Encoder_GetSpeed</name>
         <value>0x15d5</value>
         <object_component_ref idref="oc-b4"/>
      </symbol>
      <symbol id="sm-c1">
         <name>GROUP1_IRQHandler</name>
         <value>0xf8d</value>
         <object_component_ref idref="oc-34"/>
      </symbol>
      <symbol id="sm-c2">
         <name>g_group1_entry</name>
         <value>0x202001f0</value>
         <object_component_ref idref="oc-63"/>
      </symbol>
      <symbol id="sm-c3">
         <name>g_gpioa_entry</name>
         <value>0x202001ec</value>
         <object_component_ref idref="oc-64"/>
      </symbol>
      <symbol id="sm-c4">
         <name>g_gpio_pending</name>
         <value>0x202001e8</value>
         <object_component_ref idref="oc-65"/>
      </symbol>
      <symbol id="sm-c5">
         <name>g_enc_edge_left</name>
         <value>0x202001e0</value>
         <object_component_ref idref="oc-66"/>
      </symbol>
      <symbol id="sm-c6">
         <name>g_enc_edge_right</name>
         <value>0x202001e4</value>
         <object_component_ref idref="oc-68"/>
      </symbol>
      <symbol id="sm-c7">
         <name>TIMA0_IRQHandler</name>
         <value>0x122d</value>
         <object_component_ref idref="oc-40"/>
      </symbol>
      <symbol id="sm-c8">
         <name>g_timer_ticks</name>
         <value>0x20200204</value>
         <object_component_ref idref="oc-71"/>
      </symbol>
      <symbol id="sm-d6">
         <name>Motor_Init</name>
         <value>0x1495</value>
         <object_component_ref idref="oc-9e"/>
      </symbol>
      <symbol id="sm-d7">
         <name>Motor_SetSpeed</name>
         <value>0xc6d</value>
         <object_component_ref idref="oc-b2"/>
      </symbol>
      <symbol id="sm-e8">
         <name>USART_Init</name>
         <value>0x15ed</value>
         <object_component_ref idref="oc-a4"/>
      </symbol>
      <symbol id="sm-e9">
         <name>USART_SendString</name>
         <value>0x14c5</value>
         <object_component_ref idref="oc-a5"/>
      </symbol>
      <symbol id="sm-ea">
         <name>UART0_IRQHandler</name>
         <value>0x1275</value>
         <object_component_ref idref="oc-3a"/>
      </symbol>
      <symbol id="sm-eb">
         <name>recv0_length</name>
         <value>0x20200208</value>
         <object_component_ref idref="oc-6c"/>
      </symbol>
      <symbol id="sm-ec">
         <name>recv0_buff</name>
         <value>0x2020015c</value>
         <object_component_ref idref="oc-6d"/>
      </symbol>
      <symbol id="sm-ed">
         <name>recv0_flag</name>
         <value>0x2020020a</value>
         <object_component_ref idref="oc-6e"/>
      </symbol>
      <symbol id="sm-ee">
         <name>__TI_ATRegion0_src_addr</name>
         <value>0x0</value>
      </symbol>
      <symbol id="sm-ef">
         <name>__TI_ATRegion0_trg_addr</name>
         <value>0x0</value>
      </symbol>
      <symbol id="sm-f0">
         <name>__TI_ATRegion0_region_sz</name>
         <value>0x0</value>
      </symbol>
      <symbol id="sm-f1">
         <name>__TI_ATRegion1_src_addr</name>
         <value>0x0</value>
      </symbol>
      <symbol id="sm-f2">
         <name>__TI_ATRegion1_trg_addr</name>
         <value>0x0</value>
      </symbol>
      <symbol id="sm-f3">
         <name>__TI_ATRegion1_region_sz</name>
         <value>0x0</value>
      </symbol>
      <symbol id="sm-f4">
         <name>__TI_ATRegion2_src_addr</name>
         <value>0x0</value>
      </symbol>
      <symbol id="sm-f5">
         <name>__TI_ATRegion2_trg_addr</name>
         <value>0x0</value>
      </symbol>
      <symbol id="sm-f6">
         <name>__TI_ATRegion2_region_sz</name>
         <value>0x0</value>
      </symbol>
      <symbol id="sm-ff">
         <name>DL_Common_delayCycles</name>
         <value>0x16b7</value>
         <object_component_ref idref="oc-f5"/>
      </symbol>
      <symbol id="sm-11b">
         <name>DL_Timer_setClockConfig</name>
         <value>0x15a1</value>
         <object_component_ref idref="oc-10c"/>
      </symbol>
      <symbol id="sm-11c">
         <name>DL_Timer_initTimerMode</name>
         <value>0xb71</value>
         <object_component_ref idref="oc-112"/>
      </symbol>
      <symbol id="sm-11d">
         <name>DL_Timer_setCaptureCompareValue</name>
         <value>0x166d</value>
         <object_component_ref idref="oc-e8"/>
      </symbol>
      <symbol id="sm-11e">
         <name>DL_Timer_setCaptCompUpdateMethod</name>
         <value>0x1585</value>
         <object_component_ref idref="oc-10f"/>
      </symbol>
      <symbol id="sm-11f">
         <name>DL_Timer_setCaptureCompareOutCtl</name>
         <value>0x15bd</value>
         <object_component_ref idref="oc-10e"/>
      </symbol>
      <symbol id="sm-120">
         <name>DL_Timer_initFourCCPWMMode</name>
         <value>0xa6d</value>
         <object_component_ref idref="oc-10d"/>
      </symbol>
      <symbol id="sm-12d">
         <name>DL_UART_init</name>
         <value>0x119d</value>
         <object_component_ref idref="oc-11b"/>
      </symbol>
      <symbol id="sm-12e">
         <name>DL_UART_setClockConfig</name>
         <value>0x1649</value>
         <object_component_ref idref="oc-115"/>
      </symbol>
      <symbol id="sm-13f">
         <name>sprintf</name>
         <value>0x1429</value>
         <object_component_ref idref="oc-a6"/>
      </symbol>
      <symbol id="sm-14a">
         <name>_c_int00_noargs</name>
         <value>0x14f5</value>
         <object_component_ref idref="oc-5c"/>
      </symbol>
      <symbol id="sm-14b">
         <name>__stack</name>
         <value>0x20207e00</value>
         <object_component_ref idref="oc-1a"/>
      </symbol>
      <symbol id="sm-157">
         <name>__TI_auto_init_nobinit_nopinit</name>
         <value>0x1379</value>
         <object_component_ref idref="oc-c4"/>
      </symbol>
      <symbol id="sm-15f">
         <name>_system_pre_init</name>
         <value>0x16eb</value>
         <object_component_ref idref="oc-7d"/>
      </symbol>
      <symbol id="sm-16a">
         <name>__TI_zero_init_nomemset</name>
         <value>0x161d</value>
         <object_component_ref idref="oc-53"/>
      </symbol>
      <symbol id="sm-173">
         <name>__TI_decompress_none</name>
         <value>0x165b</value>
         <object_component_ref idref="oc-20"/>
      </symbol>
      <symbol id="sm-17e">
         <name>__TI_decompress_lzss</name>
         <value>0x100d</value>
         <object_component_ref idref="oc-1c"/>
      </symbol>
      <symbol id="sm-1a0">
         <name>__TI_printfi_nofloat</name>
         <value>0xc1</value>
         <object_component_ref idref="oc-126"/>
      </symbol>
      <symbol id="sm-1ab">
         <name>__aeabi_errno_addr</name>
         <value>0x16cd</value>
         <object_component_ref idref="oc-14d"/>
      </symbol>
      <symbol id="sm-1ac">
         <name>__aeabi_errno</name>
         <value>0x202001dc</value>
         <object_component_ref idref="oc-173"/>
      </symbol>
      <symbol id="sm-1b6">
         <name>abort</name>
         <value>0x16dd</value>
         <object_component_ref idref="oc-bd"/>
      </symbol>
      <symbol id="sm-1c4">
         <name>atoi</name>
         <value>0x1339</value>
         <object_component_ref idref="oc-145"/>
      </symbol>
      <symbol id="sm-1ce">
         <name>memccpy</name>
         <value>0x1541</value>
         <object_component_ref idref="oc-13a"/>
      </symbol>
      <symbol id="sm-1da">
         <name>wcslen</name>
         <value>0x167d</value>
         <object_component_ref idref="oc-149"/>
      </symbol>
      <symbol id="sm-1df">
         <name>__aeabi_ctype_table_</name>
         <value>0x16f0</value>
         <object_component_ref idref="oc-16c"/>
      </symbol>
      <symbol id="sm-1e0">
         <name>__aeabi_ctype_table_C</name>
         <value>0x16f0</value>
         <object_component_ref idref="oc-16c"/>
      </symbol>
      <symbol id="sm-1eb">
         <name>HOSTexit</name>
         <value>0x16e3</value>
         <object_component_ref idref="oc-fb"/>
      </symbol>
      <symbol id="sm-1ec">
         <name>C$$EXIT</name>
         <value>0x16e2</value>
         <object_component_ref idref="oc-fb"/>
      </symbol>
      <symbol id="sm-201">
         <name>__muldsi3</name>
         <value>0x13b5</value>
         <object_component_ref idref="oc-177"/>
      </symbol>
      <symbol id="sm-207">
         <name>__aeabi_lmul</name>
         <value>0x151d</value>
         <object_component_ref idref="oc-152"/>
      </symbol>
      <symbol id="sm-208">
         <name>__muldi3</name>
         <value>0x151d</value>
         <object_component_ref idref="oc-152"/>
      </symbol>
      <symbol id="sm-20e">
         <name>__aeabi_memcpy</name>
         <value>0x16d5</value>
         <object_component_ref idref="oc-4c"/>
      </symbol>
      <symbol id="sm-20f">
         <name>__aeabi_memcpy4</name>
         <value>0x16d5</value>
         <object_component_ref idref="oc-4c"/>
      </symbol>
      <symbol id="sm-210">
         <name>__aeabi_memcpy8</name>
         <value>0x16d5</value>
         <object_component_ref idref="oc-4c"/>
      </symbol>
      <symbol id="sm-217">
         <name>__aeabi_memset</name>
         <value>0x168d</value>
         <object_component_ref idref="oc-139"/>
      </symbol>
      <symbol id="sm-218">
         <name>__aeabi_memset4</name>
         <value>0x168d</value>
         <object_component_ref idref="oc-139"/>
      </symbol>
      <symbol id="sm-219">
         <name>__aeabi_memset8</name>
         <value>0x168d</value>
         <object_component_ref idref="oc-139"/>
      </symbol>
      <symbol id="sm-21f">
         <name>__aeabi_uidiv</name>
         <value>0x12f9</value>
         <object_component_ref idref="oc-13f"/>
      </symbol>
      <symbol id="sm-220">
         <name>__aeabi_uidivmod</name>
         <value>0x12f9</value>
         <object_component_ref idref="oc-13f"/>
      </symbol>
      <symbol id="sm-226">
         <name>__aeabi_uldivmod</name>
         <value>0x1635</value>
         <object_component_ref idref="oc-157"/>
      </symbol>
      <symbol id="sm-22c">
         <name>__udivmoddi4</name>
         <value>0xdc5</value>
         <object_component_ref idref="oc-17c"/>
      </symbol>
      <symbol id="sm-232">
         <name>__aeabi_llsl</name>
         <value>0x1565</value>
         <object_component_ref idref="oc-1b5"/>
      </symbol>
      <symbol id="sm-233">
         <name>__ashldi3</name>
         <value>0x1565</value>
         <object_component_ref idref="oc-1b5"/>
      </symbol>
      <symbol id="sm-240">
         <name>__aeabi_idiv0</name>
         <value>0x13ef</value>
         <object_component_ref idref="oc-166"/>
      </symbol>
      <symbol id="sm-241">
         <name>__aeabi_ldiv0</name>
         <value>0x1563</value>
         <object_component_ref idref="oc-1b4"/>
      </symbol>
      <symbol id="sm-25b">
         <name>memcpy</name>
         <value>0xe67</value>
         <object_component_ref idref="oc-94"/>
      </symbol>
      <symbol id="sm-26a">
         <name>memset</name>
         <value>0x1089</value>
         <object_component_ref idref="oc-dc"/>
      </symbol>
      <symbol id="sm-26b">
         <name>__TI_static_base__</name>
         <value>0x0</value>
      </symbol>
      <symbol id="sm-26e">
         <name>__mpu_init</name>
         <value>0x0</value>
      </symbol>
      <symbol id="sm-26f">
         <name>_system_post_cinit</name>
         <value>0x0</value>
      </symbol>
   </symbol_table>
   <title>Link successful</title>
</link_info>
