******************************************************************************
            TI ARM Clang Linker PC v4.0.4                      
******************************************************************************
>> Linked Tue Jul 14 20:41:03 2026

OUTPUT FILE NAME:   <MoterNEW_Encode_PID_FollowLine.out>
ENTRY POINT SYMBOL: "_c_int00_noargs"  address: 00001f85


MEMORY CONFIGURATION

         name            origin    length      used     unused   attr    fill
----------------------  --------  ---------  --------  --------  ----  --------
  FLASH                 00000000   00020000  00002448  0001dbb8  R  X
  SRAM                  20200000   00008000  00000542  00007abe  RW X
  BCR_CONFIG            41c00000   000000ff  00000000  000000ff  R   
  BSL_CONFIG            41c00100   00000080  00000000  00000080  R   


SEGMENT ALLOCATION MAP

run origin  load origin   length   init length attrs members
----------  ----------- ---------- ----------- ----- -------
00000000    00000000    00002228   00002228    r-x
  00000000    00000000    000000c0   000000c0    r-- .intvecs
  000000c0    000000c0    00002168   00002168    r-x .text
00002230    00002230    00000220   00000220    r--
  00002230    00002230    000001f0   000001f0    r-- .rodata
  00002420    00002420    00000030   00000030    r-- .cinit
20200000    20200000    00000344   00000000    rw-
  20200000    20200000    00000292   00000000    rw- .bss
  20200294    20200294    000000b0   00000000    rw- .data
20207e00    20207e00    00000200   00000000    rw-
  20207e00    20207e00    00000200   00000000    rw- .stack


SECTION ALLOCATION MAP

 output                                  attributes/
section   page    origin      length       input sections
--------  ----  ----------  ----------   ----------------
.intvecs   0    00000000    000000c0     
                  00000000    000000c0     startup_mspm0g350x_ticlang.o (.intvecs)

.text      0    000000c0    00002168     
                  000000c0    00000868     libc.a : _printfi.c.obj (.text:__TI_printfi_nofloat)
                  00000928    00000354     line_follow.o (.text.LineFollow_Update)
                  00000c7c    00000164     speed_control.o (.text.SpeedPI_UpdateSingle)
                  00000de0    00000104     driverlib.a : dl_timer.o (.text.DL_Timer_initFourCCPWMMode)
                  00000ee4    00000104     empty.o (.text.main)
                  00000fe8    000000fc     driverlib.a : dl_timer.o (.text.DL_Timer_initTimerMode)
                  000010e4    000000e8     ti_msp_dl_config.o (.text.SYSCFG_DL_GPIO_init)
                  000011cc    000000d8     libclang_rt.builtins.a : addsf3.S.obj (.text)
                  000012a4    000000b0     motor.o (.text.Motor_SetSpeed)
                  00001354    000000a2     libclang_rt.builtins.a : udivmoddi4.S.obj (.text)
                  000013f6    0000009a     libc.a : memcpy16.S.obj (.text:memcpy)
                  00001490    00000094     line_follow.o (.text.LineFollow_Init)
                  00001524    0000008c     ti_msp_dl_config.o (.text.SYSCFG_DL_PWM_0_init)
                  000015b0    0000008c     libclang_rt.builtins.a : mulsf3.S.obj (.text.__mulsf3)
                  0000163c    00000082                            : divsf3.S.obj (.text.__divsf3)
                  000016be    00000002     startup_mspm0g350x_ticlang.o (.text.Default_Handler)
                  000016c0    00000080     encoder.o (.text.GROUP1_IRQHandler)
                  00001740    0000007c     libc.a : copy_decompress_lzss.c.obj (.text:decompress:lzss)
                  000017bc    00000074     grayscale.o (.text.Grayscale_ReadAll)
                  00001830    00000062     libclang_rt.builtins.a : aeabi_fcmp.S.obj (.text.__aeabi_fcmp)
                  00001892    00000062     libc.a : memset16.S.obj (.text:memset)
                  000018f4    00000060     ti_msp_dl_config.o (.text.SYSCFG_DL_UART_0_init)
                  00001954    00000054     ti_msp_dl_config.o (.text.SYSCFG_DL_initPower)
                  000019a8    00000054     speed_control.o (.text.SpeedControl_Init)
                  000019fc    00000054     encoder.o (.text.TIMA0_IRQHandler)
                  00001a50    00000050     ti_msp_dl_config.o (.text.SYSCFG_DL_TIMER_TICK_init)
                  00001aa0    0000004c     ti_msp_dl_config.o (.text.SYSCFG_DL_LINE_TIMER_init)
                  00001aec    0000004c     libc.a : snprintf.c.obj (.text.snprintf)
                  00001b38    00000048     driverlib.a : dl_uart.o (.text.DL_UART_init)
                  00001b80    00000044     speed_control.o (.text.SpeedControl_SetTargetPPS)
                  00001bc4    00000044     usart.o (.text.UART0_IRQHandler)
                  00001c08    00000040     ti_msp_dl_config.o (.text.SYSCFG_DL_SYSCTL_init)
                  00001c48    00000040     ti_msp_dl_config.o (.text.SYSCFG_DL_init)
                  00001c88    00000040     libclang_rt.builtins.a : aeabi_uidivmod.S.obj (.text.__aeabi_uidivmod)
                  00001cc8    00000040     libc.a : atoi.c.obj (.text.atoi)
                  00001d08    0000003c     libclang_rt.builtins.a : floatsisf.S.obj (.text.__floatsisf)
                  00001d44    0000003c                            : comparesf2.S.obj (.text.__gtsf2)
                  00001d80    0000003c     libc.a : autoinit.c.obj (.text:__TI_auto_init_nobinit_nopinit)
                  00001dbc    0000003a     libclang_rt.builtins.a : comparesf2.S.obj (.text.__eqsf2)
                  00001df6    00000002                            : aeabi_div0.c.obj (.text.__aeabi_idiv0)
                  00001df8    0000003a                            : muldsi3.S.obj (.text.__muldsi3)
                  00001e32    00000002                            : aeabi_div0.c.obj (.text.__aeabi_ldiv0)
                  00001e34    00000038     encoder.o (.text.Encoder_Init)
                  00001e6c    00000038     libclang_rt.builtins.a : fixsfsi.S.obj (.text.__fixsfsi)
                  00001ea4    00000030     motor.o (.text.Motor_Init)
                  00001ed4    00000030     usart.o (.text.USART_SendString)
                  00001f04    00000030     libc.a : snprintf.c.obj (.text._outs)
                  00001f34    00000028     speed_control.o (.text.SpeedControl_Update)
                  00001f5c    00000028     libclang_rt.builtins.a : floatunsisf.S.obj (.text.__floatunsisf)
                  00001f84    00000028     libc.a : boot_cortex_m.c.obj (.text:_c_int00_noargs)
                  00001fac    00000024     libclang_rt.builtins.a : muldi3.S.obj (.text.__muldi3)
                  00001fd0    00000022     libc.a : memccpy.c.obj (.text.memccpy)
                  00001ff2    00000002     --HOLE-- [fill = 0]
                  00001ff4    00000020     line_follow.o (.text.LineFollow_TimerInit)
                  00002014    0000001e     libclang_rt.builtins.a : ashldi3.S.obj (.text.__ashldi3)
                  00002032    00000002     --HOLE-- [fill = 0]
                  00002034    0000001c     driverlib.a : dl_timer.o (.text.DL_Timer_setCaptCompUpdateMethod)
                  00002050    0000001c                 : dl_timer.o (.text.DL_Timer_setClockConfig)
                  0000206c    0000001c     line_follow.o (.text.TIMG6_IRQHandler)
                  00002088    00000018     driverlib.a : dl_timer.o (.text.DL_Timer_setCaptureCompareOutCtl)
                  000020a0    00000018     encoder.o (.text.Encoder_GetSpeed)
                  000020b8    00000018     usart.o (.text.USART_Init)
                  000020d0    00000018     libc.a : snprintf.c.obj (.text._outc)
                  000020e8    00000016            : copy_zero_init.c.obj (.text:decompress:ZI:__TI_zero_init_nomemset)
                  000020fe    00000002     --HOLE-- [fill = 0]
                  00002100    00000014     libclang_rt.builtins.a : aeabi_uldivmod.S.obj (.text.__aeabi_uldivmod)
                  00002114    00000012     driverlib.a : dl_uart.o (.text.DL_UART_setClockConfig)
                  00002126    00000012     libc.a : copy_decompress_none.c.obj (.text:decompress:none)
                  00002138    00000010     driverlib.a : dl_timer.o (.text.DL_Timer_setCaptureCompareValue)
                  00002148    00000010     libc.a : wcslen.c.obj (.text.wcslen)
                  00002158    0000000e     libclang_rt.builtins.a : aeabi_memset.S.obj (.text.__aeabi_memset)
                  00002166    0000000e     libc.a : _printfi.c.obj (.text.strlen)
                  00002174    0000000c     line_follow.o (.text.LineFollow_GetActiveCount)
                  00002180    0000000c     line_follow.o (.text.LineFollow_GetError)
                  0000218c    0000000c     line_follow.o (.text.LineFollow_GetFilteredPosition)
                  00002198    0000000c     line_follow.o (.text.LineFollow_GetLeftTargetPPS)
                  000021a4    0000000c     line_follow.o (.text.LineFollow_GetRightTargetPPS)
                  000021b0    0000000c     line_follow.o (.text.LineFollow_GetSensorBitmap)
                  000021bc    0000000c     line_follow.o (.text.LineFollow_GetState)
                  000021c8    0000000c     line_follow.o (.text.LineFollow_GetTurnPPS)
                  000021d4    0000000c     line_follow.o (.text.LineFollow_Start)
                  000021e0    0000000c     speed_control.o (.text.SpeedControl_GetLeftPWM)
                  000021ec    0000000c     speed_control.o (.text.SpeedControl_GetRightPWM)
                  000021f8    0000000a     driverlib.a : dl_common.o (.text.DL_Common_delayCycles)
                  00002202    00000002     --HOLE-- [fill = 0]
                  00002204    00000008     libc.a : aeabi_portable.c.obj (.text.__aeabi_errno_addr)
                  0000220c    00000008     libclang_rt.builtins.a : aeabi_memcpy.S.obj (.text.__aeabi_memcpy)
                  00002214    00000006     libc.a : exit.c.obj (.text:abort)
                  0000221a    00000004     libsysbm.a : hostexit.c.obj (.text.HOSTexit)
                  0000221e    00000004     startup_mspm0g350x_ticlang.o (.text.Reset_Handler)
                  00002222    00000004     libc.a : pre_init.c.obj (.text._system_pre_init)
                  00002226    00000002     --HOLE-- [fill = 0]

.cinit     0    00002420    00000030     
                  00002420    0000000c     (__TI_handler_table)
                  0000242c    00000009     (.cinit..data.load) [load image, compression = lzss]
                  00002435    00000003     --HOLE-- [fill = 0]
                  00002438    00000008     (.cinit..bss.load) [load image, compression = zero_init]
                  00002440    00000010     (__TI_cinit_table)

.rodata    0    00002230    000001f0     
                  00002230    00000101     libc.a : aeabi_ctype.S.obj (.rodata:__aeabi_ctype_table_)
                  00002331    00000061     empty.o (.rodata.str1.9517790425240694019.1)
                  00002392    00000002     ti_msp_dl_config.o (.rodata.gUART_0ClockConfig)
                  00002394    00000020     empty.o (.rodata.cst32)
                  000023b4    00000014     ti_msp_dl_config.o (.rodata.gLINE_TIMERTimerConfig)
                  000023c8    00000014     ti_msp_dl_config.o (.rodata.gTIMER_TICKTimerConfig)
                  000023dc    00000011     libc.a : _printfi.c.obj (.rodata.str1.10348868589481759720.1)
                  000023ed    00000011            : _printfi.c.obj (.rodata.str1.15363888844622738466.1)
                  000023fe    0000000a     ti_msp_dl_config.o (.rodata.gUART_0Config)
                  00002408    00000008     ti_msp_dl_config.o (.rodata.gPWM_0Config)
                  00002410    00000003     ti_msp_dl_config.o (.rodata.gLINE_TIMERClockConfig)
                  00002413    00000003     ti_msp_dl_config.o (.rodata.gPWM_0ClockConfig)
                  00002416    00000003     ti_msp_dl_config.o (.rodata.gTIMER_TICKClockConfig)
                  00002419    00000007     --HOLE-- [fill = 0]

.init_array 
*          0    00000000    00000000     UNINITIALIZED

.binit     0    00000000    00000000     

.bss       0    20200000    00000292     UNINITIALIZED
                  20200000    000000bc     (.common:gTIMER_TICKBackup)
                  202000bc    000000a0     (.common:gLINE_TIMERBackup)
                  2020015c    000000a0     (.common:gPWM_0Backup)
                  202001fc    00000024     speed_control.o (.bss.g_leftController)
                  20200220    00000024     speed_control.o (.bss.g_rightController)
                  20200244    00000020     line_follow.o (.bss.gConfig)
                  20200264    00000004     line_follow.o (.bss.gDerivativeFiltered)
                  20200268    00000004     line_follow.o (.bss.gError)
                  2020026c    00000004     line_follow.o (.bss.gFilteredPosition)
                  20200270    00000004     line_follow.o (.bss.gIntegral)
                  20200274    00000004     line_follow.o (.bss.gLeftTargetPPS)
                  20200278    00000004     line_follow.o (.bss.gOutput)
                  2020027c    00000004     line_follow.o (.bss.gPreviousError)
                  20200280    00000004     line_follow.o (.bss.gRawPosition)
                  20200284    00000004     line_follow.o (.bss.gRightTargetPPS)
                  20200288    00000004     line_follow.o (.bss.gTurnPPS)
                  2020028c    00000002     line_follow.o (.bss.gSensorBitmap)
                  2020028e    00000001     line_follow.o (.bss.gActiveCount)
                  2020028f    00000001     line_follow.o (.bss.gEnabled)
                  20200290    00000001     line_follow.o (.bss.gFilterInitialized)
                  20200291    00000001     line_follow.o (.bss.gState)

.data      0    20200294    000000b0     UNINITIALIZED
                  20200294    00000080     usart.o (.data.recv0_buff)
                  20200314    00000004     libc.a : aeabi_portable.c.obj (.data.__aeabi_errno)
                  20200318    00000004     encoder.o (.data.g_enc_edge_left)
                  2020031c    00000004     encoder.o (.data.g_enc_edge_right)
                  20200320    00000004     encoder.o (.data.g_gpio_pending)
                  20200324    00000004     encoder.o (.data.g_gpioa_entry)
                  20200328    00000004     encoder.o (.data.g_group1_entry)
                  2020032c    00000004     encoder.o (.data.g_speed_counter_left)
                  20200330    00000004     encoder.o (.data.g_speed_counter_right)
                  20200334    00000004     encoder.o (.data.g_speed_left)
                  20200338    00000004     encoder.o (.data.g_speed_right)
                  2020033c    00000004     encoder.o (.data.g_timer_ticks)
                  20200340    00000002     usart.o (.data.recv0_length)
                  20200342    00000001     line_follow.o (.data.g_line_update_flag)
                  20200343    00000001     usart.o (.data.recv0_flag)

.stack     0    20207e00    00000200     UNINITIALIZED
                  20207e00    00000004     libc.a : boot_cortex_m.c.obj (.stack)
                  20207e04    000001fc     --HOLE--

__llvm_prf_cnts 
*          0    20200000    00000000     UNINITIALIZED

__llvm_prf_bits 
*          0    20200000    00000000     UNINITIALIZED

MODULE SUMMARY

       Module                         code   ro data   rw data
       ------                         ----   -------   -------
    .\
       ti_msp_dl_config.o             836    69        508    
       line_follow.o                  1168   0         79     
       speed_control.o                572    0         72     
       empty.o                        260    129       0      
       encoder.o                      292    0         40     
       usart.o                        140    0         131    
       motor.o                        224    0         0      
       startup_mspm0g350x_ticlang.o   6      192       0      
       grayscale.o                    116    0         0      
    +--+------------------------------+------+---------+---------+
       Total:                         3614   390       830    
                                                              
    D:/ti/mspm0_sdk_2_10_00_04/source/ti/driverlib/lib/ticlang/m0p/mspm0g1x0x_g3x0x/driverlib.a
       dl_timer.o                     608    0         0      
       dl_uart.o                      90     0         0      
       dl_common.o                    10     0         0      
    +--+------------------------------+------+---------+---------+
       Total:                         708    0         0      
                                                              
    D:\ti\ccs2050\ccs\tools\compiler\ti-cgt-armllvm_4.0.4.LTS\lib\armv6m-ti-none-eabi/c/libc.a
       _printfi.c.obj                 2166   34        0      
       aeabi_ctype.S.obj              0      257       0      
       memcpy16.S.obj                 154    0         0      
       snprintf.c.obj                 148    0         0      
       copy_decompress_lzss.c.obj     124    0         0      
       memset16.S.obj                 98     0         0      
       atoi.c.obj                     64     0         0      
       autoinit.c.obj                 60     0         0      
       boot_cortex_m.c.obj            40     0         0      
       memccpy.c.obj                  34     0         0      
       copy_zero_init.c.obj           22     0         0      
       copy_decompress_none.c.obj     18     0         0      
       wcslen.c.obj                   16     0         0      
       aeabi_portable.c.obj           8      0         4      
       exit.c.obj                     6      0         0      
       pre_init.c.obj                 4      0         0      
    +--+------------------------------+------+---------+---------+
       Total:                         2962   291       4      
                                                              
    D:\ti\ccs2050\ccs\tools\compiler\ti-cgt-armllvm_4.0.4.LTS\lib\armv6m-ti-none-eabi/c/libsysbm.a
       hostexit.c.obj                 4      0         0      
    +--+------------------------------+------+---------+---------+
       Total:                         4      0         0      
                                                              
    D:\ti\ccs2050\ccs\tools\compiler\ti-cgt-armllvm_4.0.4.LTS\lib\armv6m-ti-none-eabi/libclang_rt.builtins.a
       addsf3.S.obj                   216    0         0      
       udivmoddi4.S.obj               162    0         0      
       mulsf3.S.obj                   140    0         0      
       divsf3.S.obj                   130    0         0      
       comparesf2.S.obj               118    0         0      
       aeabi_fcmp.S.obj               98     0         0      
       aeabi_uidivmod.S.obj           64     0         0      
       floatsisf.S.obj                60     0         0      
       muldsi3.S.obj                  58     0         0      
       fixsfsi.S.obj                  56     0         0      
       floatunsisf.S.obj              40     0         0      
       muldi3.S.obj                   36     0         0      
       ashldi3.S.obj                  30     0         0      
       aeabi_uldivmod.S.obj           20     0         0      
       aeabi_memset.S.obj             14     0         0      
       aeabi_memcpy.S.obj             8      0         0      
       aeabi_div0.c.obj               4      0         0      
    +--+------------------------------+------+---------+---------+
       Total:                         1254   0         0      
                                                              
       Stack:                         0      0         512    
       Linker Generated:              0      45        0      
    +--+------------------------------+------+---------+---------+
       Grand Total:                   8542   726       1346   


LINKER GENERATED COPY TABLES

__TI_cinit_table @ 00002440 records: 2, size/record: 8, table size: 16
	.data: load addr=0000242c, load size=00000009 bytes, run addr=20200294, run size=000000b0 bytes, compression=lzss
	.bss: load addr=00002438, load size=00000008 bytes, run addr=20200000, run size=00000292 bytes, compression=zero_init


LINKER GENERATED HANDLER TABLE

__TI_handler_table @ 00002420 records: 3, size/record: 4, table size: 12
	index: 0, handler: __TI_decompress_lzss
	index: 1, handler: __TI_decompress_none
	index: 2, handler: __TI_zero_init


GLOBAL SYMBOLS: SORTED ALPHABETICALLY BY Name 

address   name                            
-------   ----                            
000016bf  ADC0_IRQHandler                 
000016bf  ADC1_IRQHandler                 
000016bf  AES_IRQHandler                  
0000221a  C$$EXIT                         
000016bf  CANFD0_IRQHandler               
000016bf  DAC0_IRQHandler                 
000021f9  DL_Common_delayCycles           
00000de1  DL_Timer_initFourCCPWMMode      
00000fe9  DL_Timer_initTimerMode          
00002035  DL_Timer_setCaptCompUpdateMethod
00002089  DL_Timer_setCaptureCompareOutCtl
00002139  DL_Timer_setCaptureCompareValue 
00002051  DL_Timer_setClockConfig         
00001b39  DL_UART_init                    
00002115  DL_UART_setClockConfig          
000016bf  DMA_IRQHandler                  
000016bf  Default_Handler                 
000020a1  Encoder_GetSpeed                
00001e35  Encoder_Init                    
000016bf  GROUP0_IRQHandler               
000016c1  GROUP1_IRQHandler               
000017bd  Grayscale_ReadAll               
0000221b  HOSTexit                        
000016bf  HardFault_Handler               
000016bf  I2C0_IRQHandler                 
000016bf  I2C1_IRQHandler                 
00002175  LineFollow_GetActiveCount       
00002181  LineFollow_GetError             
0000218d  LineFollow_GetFilteredPosition  
00002199  LineFollow_GetLeftTargetPPS     
000021a5  LineFollow_GetRightTargetPPS    
000021b1  LineFollow_GetSensorBitmap      
000021bd  LineFollow_GetState             
000021c9  LineFollow_GetTurnPPS           
00001491  LineFollow_Init                 
000021d5  LineFollow_Start                
00001ff5  LineFollow_TimerInit            
00000929  LineFollow_Update               
00001ea5  Motor_Init                      
000012a5  Motor_SetSpeed                  
000016bf  NMI_Handler                     
000016bf  PendSV_Handler                  
000016bf  RTC_IRQHandler                  
0000221f  Reset_Handler                   
000016bf  SPI0_IRQHandler                 
000016bf  SPI1_IRQHandler                 
000016bf  SVC_Handler                     
000010e5  SYSCFG_DL_GPIO_init             
00001aa1  SYSCFG_DL_LINE_TIMER_init       
00001525  SYSCFG_DL_PWM_0_init            
00001c09  SYSCFG_DL_SYSCTL_init           
00001a51  SYSCFG_DL_TIMER_TICK_init       
000018f5  SYSCFG_DL_UART_0_init           
00001c49  SYSCFG_DL_init                  
00001955  SYSCFG_DL_initPower             
000021e1  SpeedControl_GetLeftPWM         
000021ed  SpeedControl_GetRightPWM        
000019a9  SpeedControl_Init               
00001b81  SpeedControl_SetTargetPPS       
00001f35  SpeedControl_Update             
000016bf  SysTick_Handler                 
000019fd  TIMA0_IRQHandler                
000016bf  TIMA1_IRQHandler                
000016bf  TIMG0_IRQHandler                
000016bf  TIMG12_IRQHandler               
0000206d  TIMG6_IRQHandler                
000016bf  TIMG7_IRQHandler                
000016bf  TIMG8_IRQHandler                
00001bc5  UART0_IRQHandler                
000016bf  UART1_IRQHandler                
000016bf  UART2_IRQHandler                
000016bf  UART3_IRQHandler                
000020b9  USART_Init                      
00001ed5  USART_SendString                
20208000  __STACK_END                     
00000200  __STACK_SIZE                    
00000000  __TI_ATRegion0_region_sz        
00000000  __TI_ATRegion0_src_addr         
00000000  __TI_ATRegion0_trg_addr         
00000000  __TI_ATRegion1_region_sz        
00000000  __TI_ATRegion1_src_addr         
00000000  __TI_ATRegion1_trg_addr         
00000000  __TI_ATRegion2_region_sz        
00000000  __TI_ATRegion2_src_addr         
00000000  __TI_ATRegion2_trg_addr         
00002440  __TI_CINIT_Base                 
00002450  __TI_CINIT_Limit                
00002450  __TI_CINIT_Warm                 
00002420  __TI_Handler_Table_Base         
0000242c  __TI_Handler_Table_Limit        
00001d81  __TI_auto_init_nobinit_nopinit  
00001741  __TI_decompress_lzss            
00002127  __TI_decompress_none            
ffffffff  __TI_pprof_out_hndl             
000000c1  __TI_printfi_nofloat            
ffffffff  __TI_prof_data_size             
ffffffff  __TI_prof_data_start            
00000000  __TI_static_base__              
000020e9  __TI_zero_init_nomemset         
000011d7  __addsf3                        
00002230  __aeabi_ctype_table_            
00002230  __aeabi_ctype_table_C           
20200314  __aeabi_errno                   
00002205  __aeabi_errno_addr              
00001e6d  __aeabi_f2iz                    
000011d7  __aeabi_fadd                    
00001831  __aeabi_fcmpeq                  
0000186d  __aeabi_fcmpge                  
00001881  __aeabi_fcmpgt                  
00001859  __aeabi_fcmple                  
00001845  __aeabi_fcmplt                  
0000163d  __aeabi_fdiv                    
000015b1  __aeabi_fmul                    
000011cd  __aeabi_fsub                    
00001d09  __aeabi_i2f                     
00001df7  __aeabi_idiv0                   
00001e33  __aeabi_ldiv0                   
00002015  __aeabi_llsl                    
00001fad  __aeabi_lmul                    
0000220d  __aeabi_memcpy                  
0000220d  __aeabi_memcpy4                 
0000220d  __aeabi_memcpy8                 
00002159  __aeabi_memset                  
00002159  __aeabi_memset4                 
00002159  __aeabi_memset8                 
00001f5d  __aeabi_ui2f                    
00001c89  __aeabi_uidiv                   
00001c89  __aeabi_uidivmod                
00002101  __aeabi_uldivmod                
00002015  __ashldi3                       
ffffffff  __binit__                       
00001dbd  __cmpsf2                        
0000163d  __divsf3                        
00001dbd  __eqsf2                         
00001e6d  __fixsfsi                       
00001d09  __floatsisf                     
00001f5d  __floatunsisf                   
00001d45  __gesf2                         
00001d45  __gtsf2                         
00001dbd  __lesf2                         
00001dbd  __ltsf2                         
UNDEFED   __mpu_init                      
00001fad  __muldi3                        
00001df9  __muldsi3                       
000015b1  __mulsf3                        
00001dbd  __nesf2                         
20207e00  __stack                         
20200000  __start___llvm_prf_bits         
20200000  __start___llvm_prf_cnts         
20200000  __stop___llvm_prf_bits          
20200000  __stop___llvm_prf_cnts          
000011cd  __subsf3                        
00001355  __udivmoddi4                    
00001f85  _c_int00_noargs                 
UNDEFED   _system_post_cinit              
00002223  _system_pre_init                
00002215  abort                           
00001cc9  atoi                            
ffffffff  binit                           
202000bc  gLINE_TIMERBackup               
2020015c  gPWM_0Backup                    
20200000  gTIMER_TICKBackup               
20200318  g_enc_edge_left                 
2020031c  g_enc_edge_right                
20200320  g_gpio_pending                  
20200324  g_gpioa_entry                   
20200328  g_group1_entry                  
20200342  g_line_update_flag              
2020033c  g_timer_ticks                   
00000000  interruptVectors                
00000ee5  main                            
00001fd1  memccpy                         
000013f7  memcpy                          
00001893  memset                          
20200294  recv0_buff                      
20200343  recv0_flag                      
20200340  recv0_length                    
00001aed  snprintf                        
00002149  wcslen                          


GLOBAL SYMBOLS: SORTED BY Symbol Address 

address   name                            
-------   ----                            
00000000  __TI_ATRegion0_region_sz        
00000000  __TI_ATRegion0_src_addr         
00000000  __TI_ATRegion0_trg_addr         
00000000  __TI_ATRegion1_region_sz        
00000000  __TI_ATRegion1_src_addr         
00000000  __TI_ATRegion1_trg_addr         
00000000  __TI_ATRegion2_region_sz        
00000000  __TI_ATRegion2_src_addr         
00000000  __TI_ATRegion2_trg_addr         
00000000  __TI_static_base__              
00000000  interruptVectors                
000000c1  __TI_printfi_nofloat            
00000200  __STACK_SIZE                    
00000929  LineFollow_Update               
00000de1  DL_Timer_initFourCCPWMMode      
00000ee5  main                            
00000fe9  DL_Timer_initTimerMode          
000010e5  SYSCFG_DL_GPIO_init             
000011cd  __aeabi_fsub                    
000011cd  __subsf3                        
000011d7  __addsf3                        
000011d7  __aeabi_fadd                    
000012a5  Motor_SetSpeed                  
00001355  __udivmoddi4                    
000013f7  memcpy                          
00001491  LineFollow_Init                 
00001525  SYSCFG_DL_PWM_0_init            
000015b1  __aeabi_fmul                    
000015b1  __mulsf3                        
0000163d  __aeabi_fdiv                    
0000163d  __divsf3                        
000016bf  ADC0_IRQHandler                 
000016bf  ADC1_IRQHandler                 
000016bf  AES_IRQHandler                  
000016bf  CANFD0_IRQHandler               
000016bf  DAC0_IRQHandler                 
000016bf  DMA_IRQHandler                  
000016bf  Default_Handler                 
000016bf  GROUP0_IRQHandler               
000016bf  HardFault_Handler               
000016bf  I2C0_IRQHandler                 
000016bf  I2C1_IRQHandler                 
000016bf  NMI_Handler                     
000016bf  PendSV_Handler                  
000016bf  RTC_IRQHandler                  
000016bf  SPI0_IRQHandler                 
000016bf  SPI1_IRQHandler                 
000016bf  SVC_Handler                     
000016bf  SysTick_Handler                 
000016bf  TIMA1_IRQHandler                
000016bf  TIMG0_IRQHandler                
000016bf  TIMG12_IRQHandler               
000016bf  TIMG7_IRQHandler                
000016bf  TIMG8_IRQHandler                
000016bf  UART1_IRQHandler                
000016bf  UART2_IRQHandler                
000016bf  UART3_IRQHandler                
000016c1  GROUP1_IRQHandler               
00001741  __TI_decompress_lzss            
000017bd  Grayscale_ReadAll               
00001831  __aeabi_fcmpeq                  
00001845  __aeabi_fcmplt                  
00001859  __aeabi_fcmple                  
0000186d  __aeabi_fcmpge                  
00001881  __aeabi_fcmpgt                  
00001893  memset                          
000018f5  SYSCFG_DL_UART_0_init           
00001955  SYSCFG_DL_initPower             
000019a9  SpeedControl_Init               
000019fd  TIMA0_IRQHandler                
00001a51  SYSCFG_DL_TIMER_TICK_init       
00001aa1  SYSCFG_DL_LINE_TIMER_init       
00001aed  snprintf                        
00001b39  DL_UART_init                    
00001b81  SpeedControl_SetTargetPPS       
00001bc5  UART0_IRQHandler                
00001c09  SYSCFG_DL_SYSCTL_init           
00001c49  SYSCFG_DL_init                  
00001c89  __aeabi_uidiv                   
00001c89  __aeabi_uidivmod                
00001cc9  atoi                            
00001d09  __aeabi_i2f                     
00001d09  __floatsisf                     
00001d45  __gesf2                         
00001d45  __gtsf2                         
00001d81  __TI_auto_init_nobinit_nopinit  
00001dbd  __cmpsf2                        
00001dbd  __eqsf2                         
00001dbd  __lesf2                         
00001dbd  __ltsf2                         
00001dbd  __nesf2                         
00001df7  __aeabi_idiv0                   
00001df9  __muldsi3                       
00001e33  __aeabi_ldiv0                   
00001e35  Encoder_Init                    
00001e6d  __aeabi_f2iz                    
00001e6d  __fixsfsi                       
00001ea5  Motor_Init                      
00001ed5  USART_SendString                
00001f35  SpeedControl_Update             
00001f5d  __aeabi_ui2f                    
00001f5d  __floatunsisf                   
00001f85  _c_int00_noargs                 
00001fad  __aeabi_lmul                    
00001fad  __muldi3                        
00001fd1  memccpy                         
00001ff5  LineFollow_TimerInit            
00002015  __aeabi_llsl                    
00002015  __ashldi3                       
00002035  DL_Timer_setCaptCompUpdateMethod
00002051  DL_Timer_setClockConfig         
0000206d  TIMG6_IRQHandler                
00002089  DL_Timer_setCaptureCompareOutCtl
000020a1  Encoder_GetSpeed                
000020b9  USART_Init                      
000020e9  __TI_zero_init_nomemset         
00002101  __aeabi_uldivmod                
00002115  DL_UART_setClockConfig          
00002127  __TI_decompress_none            
00002139  DL_Timer_setCaptureCompareValue 
00002149  wcslen                          
00002159  __aeabi_memset                  
00002159  __aeabi_memset4                 
00002159  __aeabi_memset8                 
00002175  LineFollow_GetActiveCount       
00002181  LineFollow_GetError             
0000218d  LineFollow_GetFilteredPosition  
00002199  LineFollow_GetLeftTargetPPS     
000021a5  LineFollow_GetRightTargetPPS    
000021b1  LineFollow_GetSensorBitmap      
000021bd  LineFollow_GetState             
000021c9  LineFollow_GetTurnPPS           
000021d5  LineFollow_Start                
000021e1  SpeedControl_GetLeftPWM         
000021ed  SpeedControl_GetRightPWM        
000021f9  DL_Common_delayCycles           
00002205  __aeabi_errno_addr              
0000220d  __aeabi_memcpy                  
0000220d  __aeabi_memcpy4                 
0000220d  __aeabi_memcpy8                 
00002215  abort                           
0000221a  C$$EXIT                         
0000221b  HOSTexit                        
0000221f  Reset_Handler                   
00002223  _system_pre_init                
00002230  __aeabi_ctype_table_            
00002230  __aeabi_ctype_table_C           
00002420  __TI_Handler_Table_Base         
0000242c  __TI_Handler_Table_Limit        
00002440  __TI_CINIT_Base                 
00002450  __TI_CINIT_Limit                
00002450  __TI_CINIT_Warm                 
20200000  __start___llvm_prf_bits         
20200000  __start___llvm_prf_cnts         
20200000  __stop___llvm_prf_bits          
20200000  __stop___llvm_prf_cnts          
20200000  gTIMER_TICKBackup               
202000bc  gLINE_TIMERBackup               
2020015c  gPWM_0Backup                    
20200294  recv0_buff                      
20200314  __aeabi_errno                   
20200318  g_enc_edge_left                 
2020031c  g_enc_edge_right                
20200320  g_gpio_pending                  
20200324  g_gpioa_entry                   
20200328  g_group1_entry                  
2020033c  g_timer_ticks                   
20200340  recv0_length                    
20200342  g_line_update_flag              
20200343  recv0_flag                      
20207e00  __stack                         
20208000  __STACK_END                     
ffffffff  __TI_pprof_out_hndl             
ffffffff  __TI_prof_data_size             
ffffffff  __TI_prof_data_start            
ffffffff  __binit__                       
ffffffff  binit                           
UNDEFED   __mpu_init                      
UNDEFED   _system_post_cinit              

[179 symbols]
