******************************************************************************
            TI ARM Clang Linker PC v4.0.4                      
******************************************************************************
>> Linked Tue Jul 14 19:53:12 2026

OUTPUT FILE NAME:   <MoterNEW_Encode_PID_FollowLine.out>
ENTRY POINT SYMBOL: "_c_int00_noargs"  address: 0000102d


MEMORY CONFIGURATION

         name            origin    length      used     unused   attr    fill
----------------------  --------  ---------  --------  --------  ----  --------
  FLASH                 00000000   00020000  00001218  0001ede8  R  X
  SRAM                  20200000   00008000  0000044f  00007bb1  RW X
  BCR_CONFIG            41c00000   000000ff  00000000  000000ff  R   
  BSL_CONFIG            41c00100   00000080  00000000  00000080  R   


SEGMENT ALLOCATION MAP

run origin  load origin   length   init length attrs members
----------  ----------- ---------- ----------- ----- -------
00000000    00000000    00001218   00001218    r-x
  00000000    00000000    000000c0   000000c0    r-- .intvecs
  000000c0    000000c0    00001098   00001098    r-x .text
  00001158    00001158    00000090   00000090    r-- .rodata
  000011e8    000011e8    00000030   00000030    r-- .cinit
20200000    20200000    0000024f   00000000    rw-
  20200000    20200000    000001a4   00000000    rw- .bss
  202001a4    202001a4    000000ab   00000000    rw- .data
20207e00    20207e00    00000200   00000000    rw-
  20207e00    20207e00    00000200   00000000    rw- .stack


SECTION ALLOCATION MAP

 output                                  attributes/
section   page    origin      length       input sections
--------  ----  ----------  ----------   ----------------
.intvecs   0    00000000    000000c0     
                  00000000    000000c0     startup_mspm0g350x_ticlang.o (.intvecs)

.text      0    000000c0    00001098     
                  000000c0    00000164     speed_control.o (.text.SpeedPI_UpdateSingle)
                  00000224    00000160     grayscale.o (.text.Grayscale_Print)
                  00000384    00000104     driverlib.a : dl_timer.o (.text.DL_Timer_initFourCCPWMMode)
                  00000488    000000fc                 : dl_timer.o (.text.DL_Timer_initTimerMode)
                  00000584    000000e8     ti_msp_dl_config.o (.text.SYSCFG_DL_GPIO_init)
                  0000066c    000000d8     libclang_rt.builtins.a : addsf3.S.obj (.text)
                  00000744    000000b0     motor.o (.text.Motor_SetSpeed)
                  000007f4    0000009a     libc.a : memcpy16.S.obj (.text:memcpy)
                  0000088e    00000002     startup_mspm0g350x_ticlang.o (.text.Default_Handler)
                  00000890    0000008c     ti_msp_dl_config.o (.text.SYSCFG_DL_PWM_0_init)
                  0000091c    0000008c     libclang_rt.builtins.a : mulsf3.S.obj (.text.__mulsf3)
                  000009a8    00000080     encoder.o (.text.GROUP1_IRQHandler)
                  00000a28    0000007c     libc.a : copy_decompress_lzss.c.obj (.text:decompress:lzss)
                  00000aa4    00000062     libclang_rt.builtins.a : aeabi_fcmp.S.obj (.text.__aeabi_fcmp)
                  00000b06    00000002     --HOLE-- [fill = 0]
                  00000b08    00000060     ti_msp_dl_config.o (.text.SYSCFG_DL_UART_0_init)
                  00000b68    00000054     speed_control.o (.text.SpeedControl_Init)
                  00000bbc    00000054     encoder.o (.text.TIMA0_IRQHandler)
                  00000c10    00000050     ti_msp_dl_config.o (.text.SYSCFG_DL_TIMER_TICK_init)
                  00000c60    00000048     driverlib.a : dl_uart.o (.text.DL_UART_init)
                  00000ca8    00000048     ti_msp_dl_config.o (.text.SYSCFG_DL_initPower)
                  00000cf0    00000044     usart.o (.text.UART0_IRQHandler)
                  00000d34    00000040     ti_msp_dl_config.o (.text.SYSCFG_DL_SYSCTL_init)
                  00000d74    0000003c     libclang_rt.builtins.a : floatsisf.S.obj (.text.__floatsisf)
                  00000db0    0000003c                            : comparesf2.S.obj (.text.__gtsf2)
                  00000dec    0000003c     libc.a : autoinit.c.obj (.text:__TI_auto_init_nobinit_nopinit)
                  00000e28    0000003a     libclang_rt.builtins.a : comparesf2.S.obj (.text.__eqsf2)
                  00000e62    00000002     --HOLE-- [fill = 0]
                  00000e64    0000003a                            : muldsi3.S.obj (.text.__muldsi3)
                  00000e9e    00000002     --HOLE-- [fill = 0]
                  00000ea0    00000038     encoder.o (.text.Encoder_Init)
                  00000ed8    00000038     libclang_rt.builtins.a : fixsfsi.S.obj (.text.__fixsfsi)
                  00000f10    00000038     empty.o (.text.main)
                  00000f48    00000034     ti_msp_dl_config.o (.text.SYSCFG_DL_init)
                  00000f7c    00000030     motor.o (.text.Motor_Init)
                  00000fac    00000030     usart.o (.text.USART_SendString)
                  00000fdc    00000028     speed_control.o (.text.SpeedControl_Update)
                  00001004    00000028     libclang_rt.builtins.a : floatunsisf.S.obj (.text.__floatunsisf)
                  0000102c    00000028     libc.a : boot_cortex_m.c.obj (.text:_c_int00_noargs)
                  00001054    0000001c     driverlib.a : dl_timer.o (.text.DL_Timer_setCaptCompUpdateMethod)
                  00001070    0000001c                 : dl_timer.o (.text.DL_Timer_setClockConfig)
                  0000108c    0000001c     usart.o (.text.USART_SendData)
                  000010a8    00000018     driverlib.a : dl_timer.o (.text.DL_Timer_setCaptureCompareOutCtl)
                  000010c0    00000018     usart.o (.text.USART_Init)
                  000010d8    00000016     libc.a : copy_zero_init.c.obj (.text:decompress:ZI:__TI_zero_init_nomemset)
                  000010ee    00000012     driverlib.a : dl_uart.o (.text.DL_UART_setClockConfig)
                  00001100    00000012     libc.a : copy_decompress_none.c.obj (.text:decompress:none)
                  00001112    00000002     --HOLE-- [fill = 0]
                  00001114    00000010     driverlib.a : dl_timer.o (.text.DL_Timer_setCaptureCompareValue)
                  00001124    0000000e     delay.o (.text.delay_ms)
                  00001132    0000000a     driverlib.a : dl_common.o (.text.DL_Common_delayCycles)
                  0000113c    00000008     libclang_rt.builtins.a : aeabi_memcpy.S.obj (.text.__aeabi_memcpy)
                  00001144    00000006     libc.a : exit.c.obj (.text:abort)
                  0000114a    00000004     libsysbm.a : hostexit.c.obj (.text.HOSTexit)
                  0000114e    00000004     startup_mspm0g350x_ticlang.o (.text.Reset_Handler)
                  00001152    00000004     libc.a : pre_init.c.obj (.text._system_pre_init)
                  00001156    00000002     --HOLE-- [fill = 0]

.cinit     0    000011e8    00000030     
                  000011e8    0000000c     (__TI_handler_table)
                  000011f4    00000009     (.cinit..data.load) [load image, compression = lzss]
                  000011fd    00000003     --HOLE-- [fill = 0]
                  00001200    00000008     (.cinit..bss.load) [load image, compression = zero_init]
                  00001208    00000010     (__TI_cinit_table)

.rodata    0    00001158    00000090     
                  00001158    00000050     grayscale.o (.rodata.gGrayscalePins)
                  000011a8    00000014     ti_msp_dl_config.o (.rodata.gTIMER_TICKTimerConfig)
                  000011bc    0000000c     grayscale.o (.rodata.str1.4195126539944322128.1)
                  000011c8    0000000a     ti_msp_dl_config.o (.rodata.gUART_0Config)
                  000011d2    00000002     ti_msp_dl_config.o (.rodata.gUART_0ClockConfig)
                  000011d4    00000008     ti_msp_dl_config.o (.rodata.gPWM_0Config)
                  000011dc    00000003     ti_msp_dl_config.o (.rodata.gPWM_0ClockConfig)
                  000011df    00000003     ti_msp_dl_config.o (.rodata.gTIMER_TICKClockConfig)
                  000011e2    00000003     grayscale.o (.rodata.str1.11809198807670457827.1)
                  000011e5    00000003     --HOLE-- [fill = 0]

.init_array 
*          0    00000000    00000000     UNINITIALIZED

.binit     0    00000000    00000000     

.bss       0    20200000    000001a4     UNINITIALIZED
                  20200000    000000bc     (.common:gTIMER_TICKBackup)
                  202000bc    000000a0     (.common:gPWM_0Backup)
                  2020015c    00000024     speed_control.o (.bss.g_leftController)
                  20200180    00000024     speed_control.o (.bss.g_rightController)

.data      0    202001a4    000000ab     UNINITIALIZED
                  202001a4    00000080     usart.o (.data.recv0_buff)
                  20200224    00000004     encoder.o (.data.g_enc_edge_left)
                  20200228    00000004     encoder.o (.data.g_enc_edge_right)
                  2020022c    00000004     encoder.o (.data.g_gpio_pending)
                  20200230    00000004     encoder.o (.data.g_gpioa_entry)
                  20200234    00000004     encoder.o (.data.g_group1_entry)
                  20200238    00000004     encoder.o (.data.g_speed_counter_left)
                  2020023c    00000004     encoder.o (.data.g_speed_counter_right)
                  20200240    00000004     encoder.o (.data.g_speed_left)
                  20200244    00000004     encoder.o (.data.g_speed_right)
                  20200248    00000004     encoder.o (.data.g_timer_ticks)
                  2020024c    00000002     usart.o (.data.recv0_length)
                  2020024e    00000001     usart.o (.data.recv0_flag)

.stack     0    20207e00    00000200     UNINITIALIZED
                  20207e00    00000004     libc.a : boot_cortex_m.c.obj (.stack)
                  20207e04    000001fc     --HOLE--

__llvm_prf_cnts 
*          0    20200000    00000000     UNINITIALIZED

__llvm_prf_bits 
*          0    20200000    00000000     UNINITIALIZED

MODULE SUMMARY

       Module                         code   ro data   rw data
       ------                         ----   -------   -------
    .\
       ti_msp_dl_config.o             736    46        348    
       speed_control.o                480    0         72     
       grayscale.o                    352    95        0      
       encoder.o                      268    0         40     
       usart.o                        168    0         131    
       motor.o                        224    0         0      
       startup_mspm0g350x_ticlang.o   6      192       0      
       empty.o                        56     0         0      
       delay.o                        14     0         0      
    +--+------------------------------+------+---------+---------+
       Total:                         2304   333       591    
                                                              
    D:/ti/mspm0_sdk_2_10_00_04/source/ti/driverlib/lib/ticlang/m0p/mspm0g1x0x_g3x0x/driverlib.a
       dl_timer.o                     608    0         0      
       dl_uart.o                      90     0         0      
       dl_common.o                    10     0         0      
    +--+------------------------------+------+---------+---------+
       Total:                         708    0         0      
                                                              
    D:\ti\ccs2050\ccs\tools\compiler\ti-cgt-armllvm_4.0.4.LTS\lib\armv6m-ti-none-eabi/c/libc.a
       memcpy16.S.obj                 154    0         0      
       copy_decompress_lzss.c.obj     124    0         0      
       autoinit.c.obj                 60     0         0      
       boot_cortex_m.c.obj            40     0         0      
       copy_zero_init.c.obj           22     0         0      
       copy_decompress_none.c.obj     18     0         0      
       exit.c.obj                     6      0         0      
       pre_init.c.obj                 4      0         0      
    +--+------------------------------+------+---------+---------+
       Total:                         428    0         0      
                                                              
    D:\ti\ccs2050\ccs\tools\compiler\ti-cgt-armllvm_4.0.4.LTS\lib\armv6m-ti-none-eabi/c/libsysbm.a
       hostexit.c.obj                 4      0         0      
    +--+------------------------------+------+---------+---------+
       Total:                         4      0         0      
                                                              
    D:\ti\ccs2050\ccs\tools\compiler\ti-cgt-armllvm_4.0.4.LTS\lib\armv6m-ti-none-eabi/libclang_rt.builtins.a
       addsf3.S.obj                   216    0         0      
       mulsf3.S.obj                   140    0         0      
       comparesf2.S.obj               118    0         0      
       aeabi_fcmp.S.obj               98     0         0      
       floatsisf.S.obj                60     0         0      
       muldsi3.S.obj                  58     0         0      
       fixsfsi.S.obj                  56     0         0      
       floatunsisf.S.obj              40     0         0      
       aeabi_memcpy.S.obj             8      0         0      
    +--+------------------------------+------+---------+---------+
       Total:                         794    0         0      
                                                              
       Stack:                         0      0         512    
       Linker Generated:              0      45        0      
    +--+------------------------------+------+---------+---------+
       Grand Total:                   4238   378       1103   


LINKER GENERATED COPY TABLES

__TI_cinit_table @ 00001208 records: 2, size/record: 8, table size: 16
	.data: load addr=000011f4, load size=00000009 bytes, run addr=202001a4, run size=000000ab bytes, compression=lzss
	.bss: load addr=00001200, load size=00000008 bytes, run addr=20200000, run size=000001a4 bytes, compression=zero_init


LINKER GENERATED HANDLER TABLE

__TI_handler_table @ 000011e8 records: 3, size/record: 4, table size: 12
	index: 0, handler: __TI_decompress_lzss
	index: 1, handler: __TI_decompress_none
	index: 2, handler: __TI_zero_init


GLOBAL SYMBOLS: SORTED ALPHABETICALLY BY Name 

address   name                            
-------   ----                            
0000088f  ADC0_IRQHandler                 
0000088f  ADC1_IRQHandler                 
0000088f  AES_IRQHandler                  
0000114a  C$$EXIT                         
0000088f  CANFD0_IRQHandler               
0000088f  DAC0_IRQHandler                 
00001133  DL_Common_delayCycles           
00000385  DL_Timer_initFourCCPWMMode      
00000489  DL_Timer_initTimerMode          
00001055  DL_Timer_setCaptCompUpdateMethod
000010a9  DL_Timer_setCaptureCompareOutCtl
00001115  DL_Timer_setCaptureCompareValue 
00001071  DL_Timer_setClockConfig         
00000c61  DL_UART_init                    
000010ef  DL_UART_setClockConfig          
0000088f  DMA_IRQHandler                  
0000088f  Default_Handler                 
00000ea1  Encoder_Init                    
0000088f  GROUP0_IRQHandler               
000009a9  GROUP1_IRQHandler               
00000225  Grayscale_Print                 
0000114b  HOSTexit                        
0000088f  HardFault_Handler               
0000088f  I2C0_IRQHandler                 
0000088f  I2C1_IRQHandler                 
00000f7d  Motor_Init                      
00000745  Motor_SetSpeed                  
0000088f  NMI_Handler                     
0000088f  PendSV_Handler                  
0000088f  RTC_IRQHandler                  
0000114f  Reset_Handler                   
0000088f  SPI0_IRQHandler                 
0000088f  SPI1_IRQHandler                 
0000088f  SVC_Handler                     
00000585  SYSCFG_DL_GPIO_init             
00000891  SYSCFG_DL_PWM_0_init            
00000d35  SYSCFG_DL_SYSCTL_init           
00000c11  SYSCFG_DL_TIMER_TICK_init       
00000b09  SYSCFG_DL_UART_0_init           
00000f49  SYSCFG_DL_init                  
00000ca9  SYSCFG_DL_initPower             
00000b69  SpeedControl_Init               
00000fdd  SpeedControl_Update             
0000088f  SysTick_Handler                 
00000bbd  TIMA0_IRQHandler                
0000088f  TIMA1_IRQHandler                
0000088f  TIMG0_IRQHandler                
0000088f  TIMG12_IRQHandler               
0000088f  TIMG6_IRQHandler                
0000088f  TIMG7_IRQHandler                
0000088f  TIMG8_IRQHandler                
00000cf1  UART0_IRQHandler                
0000088f  UART1_IRQHandler                
0000088f  UART2_IRQHandler                
0000088f  UART3_IRQHandler                
000010c1  USART_Init                      
0000108d  USART_SendData                  
00000fad  USART_SendString                
20208000  __STACK_END                     
00000200  __STACK_SIZE                    
00000000  __TI_ATRegion0_region_sz        
00000000  __TI_ATRegion0_src_addr         
00000000  __TI_ATRegion0_trg_addr         
00000000  __TI_ATRegion1_region_sz        
00000000  __TI_ATRegion1_src_addr         
00000000  __TI_ATRegion1_trg_addr         
00000000  __TI_ATRegion2_region_sz        
00000000  __TI_ATRegion2_src_addr         
00000000  __TI_ATRegion2_trg_addr         
00001208  __TI_CINIT_Base                 
00001218  __TI_CINIT_Limit                
00001218  __TI_CINIT_Warm                 
000011e8  __TI_Handler_Table_Base         
000011f4  __TI_Handler_Table_Limit        
00000ded  __TI_auto_init_nobinit_nopinit  
00000a29  __TI_decompress_lzss            
00001101  __TI_decompress_none            
ffffffff  __TI_pprof_out_hndl             
ffffffff  __TI_prof_data_size             
ffffffff  __TI_prof_data_start            
00000000  __TI_static_base__              
000010d9  __TI_zero_init_nomemset         
00000677  __addsf3                        
00000ed9  __aeabi_f2iz                    
00000677  __aeabi_fadd                    
00000aa5  __aeabi_fcmpeq                  
00000ae1  __aeabi_fcmpge                  
00000af5  __aeabi_fcmpgt                  
00000acd  __aeabi_fcmple                  
00000ab9  __aeabi_fcmplt                  
0000091d  __aeabi_fmul                    
0000066d  __aeabi_fsub                    
00000d75  __aeabi_i2f                     
0000113d  __aeabi_memcpy                  
0000113d  __aeabi_memcpy4                 
0000113d  __aeabi_memcpy8                 
00001005  __aeabi_ui2f                    
ffffffff  __binit__                       
00000e29  __cmpsf2                        
00000e29  __eqsf2                         
00000ed9  __fixsfsi                       
00000d75  __floatsisf                     
00001005  __floatunsisf                   
00000db1  __gesf2                         
00000db1  __gtsf2                         
00000e29  __lesf2                         
00000e29  __ltsf2                         
UNDEFED   __mpu_init                      
00000e65  __muldsi3                       
0000091d  __mulsf3                        
00000e29  __nesf2                         
20207e00  __stack                         
20200000  __start___llvm_prf_bits         
20200000  __start___llvm_prf_cnts         
20200000  __stop___llvm_prf_bits          
20200000  __stop___llvm_prf_cnts          
0000066d  __subsf3                        
0000102d  _c_int00_noargs                 
UNDEFED   _system_post_cinit              
00001153  _system_pre_init                
00001145  abort                           
ffffffff  binit                           
00001125  delay_ms                        
202000bc  gPWM_0Backup                    
20200000  gTIMER_TICKBackup               
20200224  g_enc_edge_left                 
20200228  g_enc_edge_right                
2020022c  g_gpio_pending                  
20200230  g_gpioa_entry                   
20200234  g_group1_entry                  
20200248  g_timer_ticks                   
00000000  interruptVectors                
00000f11  main                            
000007f5  memcpy                          
202001a4  recv0_buff                      
2020024e  recv0_flag                      
2020024c  recv0_length                    


GLOBAL SYMBOLS: SORTED BY Symbol Address 

address   name                            
-------   ----                            
00000000  __TI_ATRegion0_region_sz        
00000000  __TI_ATRegion0_src_addr         
00000000  __TI_ATRegion0_trg_addr         
00000000  __TI_ATRegion1_region_sz        
00000000  __TI_ATRegion1_src_addr         
00000000  __TI_ATRegion1_trg_addr         
00000000  __TI_ATRegion2_region_sz        
00000000  __TI_ATRegion2_src_addr         
00000000  __TI_ATRegion2_trg_addr         
00000000  __TI_static_base__              
00000000  interruptVectors                
00000200  __STACK_SIZE                    
00000225  Grayscale_Print                 
00000385  DL_Timer_initFourCCPWMMode      
00000489  DL_Timer_initTimerMode          
00000585  SYSCFG_DL_GPIO_init             
0000066d  __aeabi_fsub                    
0000066d  __subsf3                        
00000677  __addsf3                        
00000677  __aeabi_fadd                    
00000745  Motor_SetSpeed                  
000007f5  memcpy                          
0000088f  ADC0_IRQHandler                 
0000088f  ADC1_IRQHandler                 
0000088f  AES_IRQHandler                  
0000088f  CANFD0_IRQHandler               
0000088f  DAC0_IRQHandler                 
0000088f  DMA_IRQHandler                  
0000088f  Default_Handler                 
0000088f  GROUP0_IRQHandler               
0000088f  HardFault_Handler               
0000088f  I2C0_IRQHandler                 
0000088f  I2C1_IRQHandler                 
0000088f  NMI_Handler                     
0000088f  PendSV_Handler                  
0000088f  RTC_IRQHandler                  
0000088f  SPI0_IRQHandler                 
0000088f  SPI1_IRQHandler                 
0000088f  SVC_Handler                     
0000088f  SysTick_Handler                 
0000088f  TIMA1_IRQHandler                
0000088f  TIMG0_IRQHandler                
0000088f  TIMG12_IRQHandler               
0000088f  TIMG6_IRQHandler                
0000088f  TIMG7_IRQHandler                
0000088f  TIMG8_IRQHandler                
0000088f  UART1_IRQHandler                
0000088f  UART2_IRQHandler                
0000088f  UART3_IRQHandler                
00000891  SYSCFG_DL_PWM_0_init            
0000091d  __aeabi_fmul                    
0000091d  __mulsf3                        
000009a9  GROUP1_IRQHandler               
00000a29  __TI_decompress_lzss            
00000aa5  __aeabi_fcmpeq                  
00000ab9  __aeabi_fcmplt                  
00000acd  __aeabi_fcmple                  
00000ae1  __aeabi_fcmpge                  
00000af5  __aeabi_fcmpgt                  
00000b09  SYSCFG_DL_UART_0_init           
00000b69  SpeedControl_Init               
00000bbd  TIMA0_IRQHandler                
00000c11  SYSCFG_DL_TIMER_TICK_init       
00000c61  DL_UART_init                    
00000ca9  SYSCFG_DL_initPower             
00000cf1  UART0_IRQHandler                
00000d35  SYSCFG_DL_SYSCTL_init           
00000d75  __aeabi_i2f                     
00000d75  __floatsisf                     
00000db1  __gesf2                         
00000db1  __gtsf2                         
00000ded  __TI_auto_init_nobinit_nopinit  
00000e29  __cmpsf2                        
00000e29  __eqsf2                         
00000e29  __lesf2                         
00000e29  __ltsf2                         
00000e29  __nesf2                         
00000e65  __muldsi3                       
00000ea1  Encoder_Init                    
00000ed9  __aeabi_f2iz                    
00000ed9  __fixsfsi                       
00000f11  main                            
00000f49  SYSCFG_DL_init                  
00000f7d  Motor_Init                      
00000fad  USART_SendString                
00000fdd  SpeedControl_Update             
00001005  __aeabi_ui2f                    
00001005  __floatunsisf                   
0000102d  _c_int00_noargs                 
00001055  DL_Timer_setCaptCompUpdateMethod
00001071  DL_Timer_setClockConfig         
0000108d  USART_SendData                  
000010a9  DL_Timer_setCaptureCompareOutCtl
000010c1  USART_Init                      
000010d9  __TI_zero_init_nomemset         
000010ef  DL_UART_setClockConfig          
00001101  __TI_decompress_none            
00001115  DL_Timer_setCaptureCompareValue 
00001125  delay_ms                        
00001133  DL_Common_delayCycles           
0000113d  __aeabi_memcpy                  
0000113d  __aeabi_memcpy4                 
0000113d  __aeabi_memcpy8                 
00001145  abort                           
0000114a  C$$EXIT                         
0000114b  HOSTexit                        
0000114f  Reset_Handler                   
00001153  _system_pre_init                
000011e8  __TI_Handler_Table_Base         
000011f4  __TI_Handler_Table_Limit        
00001208  __TI_CINIT_Base                 
00001218  __TI_CINIT_Limit                
00001218  __TI_CINIT_Warm                 
20200000  __start___llvm_prf_bits         
20200000  __start___llvm_prf_cnts         
20200000  __stop___llvm_prf_bits          
20200000  __stop___llvm_prf_cnts          
20200000  gTIMER_TICKBackup               
202000bc  gPWM_0Backup                    
202001a4  recv0_buff                      
20200224  g_enc_edge_left                 
20200228  g_enc_edge_right                
2020022c  g_gpio_pending                  
20200230  g_gpioa_entry                   
20200234  g_group1_entry                  
20200248  g_timer_ticks                   
2020024c  recv0_length                    
2020024e  recv0_flag                      
20207e00  __stack                         
20208000  __STACK_END                     
ffffffff  __TI_pprof_out_hndl             
ffffffff  __TI_prof_data_size             
ffffffff  __TI_prof_data_start            
ffffffff  __binit__                       
ffffffff  binit                           
UNDEFED   __mpu_init                      
UNDEFED   _system_post_cinit              

[137 symbols]
