<?xml version="1.0" encoding="ISO-8859-1" ?>
<link_info>
   <banner>TI ARM Clang Linker PC v4.0.4.LTS</banner>
   <copyright>Copyright (c) 1996-2018 Texas Instruments Incorporated</copyright>
   <command_line>D:\ti\ccs2050\ccs\tools\compiler\ti-cgt-armllvm_4.0.4.LTS\bin\tiarmlnk -ID:\ti\ccs2050\ccs\tools\compiler\ti-cgt-armllvm_4.0.4.LTS\lib -o MoterNEW_Encode_PID_FollowLine.out -mMoterNEW_Encode_PID_FollowLine.map -iD:/ti/mspm0_sdk_2_10_00_04/source -iC:/Users/hp/workspace_ccstheia/MoterNEW_Encode_PID_FollowLine -iC:/Users/hp/workspace_ccstheia/MoterNEW_Encode_PID_FollowLine/Debug/syscfg -iD:/ti/ccs2050/ccs/tools/compiler/ti-cgt-armllvm_4.0.4.LTS/lib --diag_wrap=off --display_error_number --warn_sections --xml_link_info=MoterNEW_Encode_PID_FollowLine_linkInfo.xml --rom_model ./delay.o ./empty.o ./ti_msp_dl_config.o ./startup_mspm0g350x_ticlang.o ./encoder.o ./grayscale.o ./line_follow.o ./motor.o ./speed_control.o ./usart.o -l./device_linker.cmd -ldevice.cmd.genlibs -llibc.a --start-group -llibc++.a -llibc++abi.a -llibc.a -llibsys.a -llibsysbm.a -llibclang_rt.builtins.a -llibclang_rt.profile.a --end-group --cg_opt_level=2</command_line>
   <link_time>0x6a562e5f</link_time>
   <link_errors>0x0</link_errors>
   <output_file>C:\Users\hp\workspace_ccstheia\MoterNEW_Encode_PID_FollowLine\Debug\MoterNEW_Encode_PID_FollowLine.out</output_file>
   <entry_point>
      <name>_c_int00_noargs</name>
      <address>0x1f85</address>
   </entry_point>
   <input_file_list>
      <input_file id="fl-1">
         <path>C:\Users\hp\workspace_ccstheia\MoterNEW_Encode_PID_FollowLine\Debug\.\</path>
         <kind>object</kind>
         <file>delay.o</file>
         <name>delay.o</name>
      </input_file>
      <input_file id="fl-2">
         <path>C:\Users\hp\workspace_ccstheia\MoterNEW_Encode_PID_FollowLine\Debug\.\</path>
         <kind>object</kind>
         <file>empty.o</file>
         <name>empty.o</name>
      </input_file>
      <input_file id="fl-3">
         <path>C:\Users\hp\workspace_ccstheia\MoterNEW_Encode_PID_FollowLine\Debug\.\</path>
         <kind>object</kind>
         <file>ti_msp_dl_config.o</file>
         <name>ti_msp_dl_config.o</name>
      </input_file>
      <input_file id="fl-4">
         <path>C:\Users\hp\workspace_ccstheia\MoterNEW_Encode_PID_FollowLine\Debug\.\</path>
         <kind>object</kind>
         <file>startup_mspm0g350x_ticlang.o</file>
         <name>startup_mspm0g350x_ticlang.o</name>
      </input_file>
      <input_file id="fl-5">
         <path>C:\Users\hp\workspace_ccstheia\MoterNEW_Encode_PID_FollowLine\Debug\.\</path>
         <kind>object</kind>
         <file>encoder.o</file>
         <name>encoder.o</name>
      </input_file>
      <input_file id="fl-6">
         <path>C:\Users\hp\workspace_ccstheia\MoterNEW_Encode_PID_FollowLine\Debug\.\</path>
         <kind>object</kind>
         <file>grayscale.o</file>
         <name>grayscale.o</name>
      </input_file>
      <input_file id="fl-7">
         <path>C:\Users\hp\workspace_ccstheia\MoterNEW_Encode_PID_FollowLine\Debug\.\</path>
         <kind>object</kind>
         <file>line_follow.o</file>
         <name>line_follow.o</name>
      </input_file>
      <input_file id="fl-8">
         <path>C:\Users\hp\workspace_ccstheia\MoterNEW_Encode_PID_FollowLine\Debug\.\</path>
         <kind>object</kind>
         <file>motor.o</file>
         <name>motor.o</name>
      </input_file>
      <input_file id="fl-9">
         <path>C:\Users\hp\workspace_ccstheia\MoterNEW_Encode_PID_FollowLine\Debug\.\</path>
         <kind>object</kind>
         <file>speed_control.o</file>
         <name>speed_control.o</name>
      </input_file>
      <input_file id="fl-a">
         <path>C:\Users\hp\workspace_ccstheia\MoterNEW_Encode_PID_FollowLine\Debug\.\</path>
         <kind>object</kind>
         <file>usart.o</file>
         <name>usart.o</name>
      </input_file>
      <input_file id="fl-17">
         <path>C:\Users\hp\workspace_ccstheia\MoterNEW_Encode_PID_FollowLine\Debug\</path>
         <kind>object</kind>
         <file>&lt;internal&gt;</file>
         <name>&lt;internal&gt;</name>
      </input_file>
      <input_file id="fl-18">
         <path>D:\ti\mspm0_sdk_2_10_00_04\source\ti\driverlib\lib\ticlang\m0p\mspm0g1x0x_g3x0x\</path>
         <kind>archive</kind>
         <file>driverlib.a</file>
         <name>dl_common.o</name>
      </input_file>
      <input_file id="fl-19">
         <path>D:\ti\mspm0_sdk_2_10_00_04\source\ti\driverlib\lib\ticlang\m0p\mspm0g1x0x_g3x0x\</path>
         <kind>archive</kind>
         <file>driverlib.a</file>
         <name>dl_timer.o</name>
      </input_file>
      <input_file id="fl-1a">
         <path>D:\ti\mspm0_sdk_2_10_00_04\source\ti\driverlib\lib\ticlang\m0p\mspm0g1x0x_g3x0x\</path>
         <kind>archive</kind>
         <file>driverlib.a</file>
         <name>dl_uart.o</name>
      </input_file>
      <input_file id="fl-31">
         <path>D:\ti\ccs2050\ccs\tools\compiler\ti-cgt-armllvm_4.0.4.LTS\lib\armv6m-ti-none-eabi\c\</path>
         <kind>archive</kind>
         <file>libc.a</file>
         <name>snprintf.c.obj</name>
      </input_file>
      <input_file id="fl-32">
         <path>D:\ti\ccs2050\ccs\tools\compiler\ti-cgt-armllvm_4.0.4.LTS\lib\armv6m-ti-none-eabi\c\</path>
         <kind>archive</kind>
         <file>libc.a</file>
         <name>boot_cortex_m.c.obj</name>
      </input_file>
      <input_file id="fl-33">
         <path>D:\ti\ccs2050\ccs\tools\compiler\ti-cgt-armllvm_4.0.4.LTS\lib\armv6m-ti-none-eabi\c\</path>
         <kind>archive</kind>
         <file>libc.a</file>
         <name>mathacl_init.c.obj</name>
      </input_file>
      <input_file id="fl-34">
         <path>D:\ti\ccs2050\ccs\tools\compiler\ti-cgt-armllvm_4.0.4.LTS\lib\armv6m-ti-none-eabi\c\</path>
         <kind>archive</kind>
         <file>libc.a</file>
         <name>autoinit.c.obj</name>
      </input_file>
      <input_file id="fl-35">
         <path>D:\ti\ccs2050\ccs\tools\compiler\ti-cgt-armllvm_4.0.4.LTS\lib\armv6m-ti-none-eabi\c\</path>
         <kind>archive</kind>
         <file>libc.a</file>
         <name>pre_init.c.obj</name>
      </input_file>
      <input_file id="fl-36">
         <path>D:\ti\ccs2050\ccs\tools\compiler\ti-cgt-armllvm_4.0.4.LTS\lib\armv6m-ti-none-eabi\c\</path>
         <kind>archive</kind>
         <file>libc.a</file>
         <name>cpy_tbl.c.obj</name>
      </input_file>
      <input_file id="fl-37">
         <path>D:\ti\ccs2050\ccs\tools\compiler\ti-cgt-armllvm_4.0.4.LTS\lib\armv6m-ti-none-eabi\c\</path>
         <kind>archive</kind>
         <file>libc.a</file>
         <name>copy_zero_init.c.obj</name>
      </input_file>
      <input_file id="fl-38">
         <path>D:\ti\ccs2050\ccs\tools\compiler\ti-cgt-armllvm_4.0.4.LTS\lib\armv6m-ti-none-eabi\c\</path>
         <kind>archive</kind>
         <file>libc.a</file>
         <name>copy_decompress_none.c.obj</name>
      </input_file>
      <input_file id="fl-39">
         <path>D:\ti\ccs2050\ccs\tools\compiler\ti-cgt-armllvm_4.0.4.LTS\lib\armv6m-ti-none-eabi\c\</path>
         <kind>archive</kind>
         <file>libc.a</file>
         <name>copy_decompress_lzss.c.obj</name>
      </input_file>
      <input_file id="fl-3a">
         <path>D:\ti\ccs2050\ccs\tools\compiler\ti-cgt-armllvm_4.0.4.LTS\lib\armv6m-ti-none-eabi\c\</path>
         <kind>archive</kind>
         <file>libc.a</file>
         <name>_printfi.c.obj</name>
      </input_file>
      <input_file id="fl-3b">
         <path>D:\ti\ccs2050\ccs\tools\compiler\ti-cgt-armllvm_4.0.4.LTS\lib\armv6m-ti-none-eabi\c\</path>
         <kind>archive</kind>
         <file>libc.a</file>
         <name>aeabi_portable.c.obj</name>
      </input_file>
      <input_file id="fl-3c">
         <path>D:\ti\ccs2050\ccs\tools\compiler\ti-cgt-armllvm_4.0.4.LTS\lib\armv6m-ti-none-eabi\c\</path>
         <kind>archive</kind>
         <file>libc.a</file>
         <name>exit.c.obj</name>
      </input_file>
      <input_file id="fl-3d">
         <path>D:\ti\ccs2050\ccs\tools\compiler\ti-cgt-armllvm_4.0.4.LTS\lib\armv6m-ti-none-eabi\c\</path>
         <kind>archive</kind>
         <file>libc.a</file>
         <name>_lock.c.obj</name>
      </input_file>
      <input_file id="fl-3e">
         <path>D:\ti\ccs2050\ccs\tools\compiler\ti-cgt-armllvm_4.0.4.LTS\lib\armv6m-ti-none-eabi\c\</path>
         <kind>archive</kind>
         <file>libc.a</file>
         <name>_ltoa.c.obj</name>
      </input_file>
      <input_file id="fl-3f">
         <path>D:\ti\ccs2050\ccs\tools\compiler\ti-cgt-armllvm_4.0.4.LTS\lib\armv6m-ti-none-eabi\c\</path>
         <kind>archive</kind>
         <file>libc.a</file>
         <name>args_main.c.obj</name>
      </input_file>
      <input_file id="fl-40">
         <path>D:\ti\ccs2050\ccs\tools\compiler\ti-cgt-armllvm_4.0.4.LTS\lib\armv6m-ti-none-eabi\c\</path>
         <kind>archive</kind>
         <file>libc.a</file>
         <name>assert.c.obj</name>
      </input_file>
      <input_file id="fl-41">
         <path>D:\ti\ccs2050\ccs\tools\compiler\ti-cgt-armllvm_4.0.4.LTS\lib\armv6m-ti-none-eabi\c\</path>
         <kind>archive</kind>
         <file>libc.a</file>
         <name>atoi.c.obj</name>
      </input_file>
      <input_file id="fl-42">
         <path>D:\ti\ccs2050\ccs\tools\compiler\ti-cgt-armllvm_4.0.4.LTS\lib\armv6m-ti-none-eabi\c\</path>
         <kind>archive</kind>
         <file>libc.a</file>
         <name>defs.c.obj</name>
      </input_file>
      <input_file id="fl-43">
         <path>D:\ti\ccs2050\ccs\tools\compiler\ti-cgt-armllvm_4.0.4.LTS\lib\armv6m-ti-none-eabi\c\</path>
         <kind>archive</kind>
         <file>libc.a</file>
         <name>memccpy.c.obj</name>
      </input_file>
      <input_file id="fl-44">
         <path>D:\ti\ccs2050\ccs\tools\compiler\ti-cgt-armllvm_4.0.4.LTS\lib\armv6m-ti-none-eabi\c\</path>
         <kind>archive</kind>
         <file>libc.a</file>
         <name>memory.c.obj</name>
      </input_file>
      <input_file id="fl-45">
         <path>D:\ti\ccs2050\ccs\tools\compiler\ti-cgt-armllvm_4.0.4.LTS\lib\armv6m-ti-none-eabi\c\</path>
         <kind>archive</kind>
         <file>libc.a</file>
         <name>s_frexp.c.obj</name>
      </input_file>
      <input_file id="fl-46">
         <path>D:\ti\ccs2050\ccs\tools\compiler\ti-cgt-armllvm_4.0.4.LTS\lib\armv6m-ti-none-eabi\c\</path>
         <kind>archive</kind>
         <file>libc.a</file>
         <name>s_scalbn.c.obj</name>
      </input_file>
      <input_file id="fl-47">
         <path>D:\ti\ccs2050\ccs\tools\compiler\ti-cgt-armllvm_4.0.4.LTS\lib\armv6m-ti-none-eabi\c\</path>
         <kind>archive</kind>
         <file>libc.a</file>
         <name>wcslen.c.obj</name>
      </input_file>
      <input_file id="fl-48">
         <path>D:\ti\ccs2050\ccs\tools\compiler\ti-cgt-armllvm_4.0.4.LTS\lib\armv6m-ti-none-eabi\c\</path>
         <kind>archive</kind>
         <file>libc.a</file>
         <name>sprintf.c.obj</name>
      </input_file>
      <input_file id="fl-49">
         <path>D:\ti\ccs2050\ccs\tools\compiler\ti-cgt-armllvm_4.0.4.LTS\lib\armv6m-ti-none-eabi\c\</path>
         <kind>archive</kind>
         <file>libc.a</file>
         <name>fflush.c.obj</name>
      </input_file>
      <input_file id="fl-4a">
         <path>D:\ti\ccs2050\ccs\tools\compiler\ti-cgt-armllvm_4.0.4.LTS\lib\armv6m-ti-none-eabi\c\</path>
         <kind>archive</kind>
         <file>libc.a</file>
         <name>aeabi_ctype.S.obj</name>
      </input_file>
      <input_file id="fl-ea">
         <path>D:\ti\ccs2050\ccs\tools\compiler\ti-cgt-armllvm_4.0.4.LTS\lib\armv6m-ti-none-eabi\c\</path>
         <kind>archive</kind>
         <file>libsysbm.a</file>
         <name>hostexit.c.obj</name>
      </input_file>
      <input_file id="fl-eb">
         <path>D:\ti\ccs2050\ccs\tools\compiler\ti-cgt-armllvm_4.0.4.LTS\lib\armv6m-ti-none-eabi\c\</path>
         <kind>archive</kind>
         <file>libsysbm.a</file>
         <name>write.c.obj</name>
      </input_file>
      <input_file id="fl-ec">
         <path>D:\ti\ccs2050\ccs\tools\compiler\ti-cgt-armllvm_4.0.4.LTS\lib\armv6m-ti-none-eabi\c\</path>
         <kind>archive</kind>
         <file>libsysbm.a</file>
         <name>host_device.c.obj</name>
      </input_file>
      <input_file id="fl-ed">
         <path>D:\ti\ccs2050\ccs\tools\compiler\ti-cgt-armllvm_4.0.4.LTS\lib\armv6m-ti-none-eabi\c\</path>
         <kind>archive</kind>
         <file>libsysbm.a</file>
         <name>hostclose.c.obj</name>
      </input_file>
      <input_file id="fl-ee">
         <path>D:\ti\ccs2050\ccs\tools\compiler\ti-cgt-armllvm_4.0.4.LTS\lib\armv6m-ti-none-eabi\c\</path>
         <kind>archive</kind>
         <file>libsysbm.a</file>
         <name>hostlseek.c.obj</name>
      </input_file>
      <input_file id="fl-ef">
         <path>D:\ti\ccs2050\ccs\tools\compiler\ti-cgt-armllvm_4.0.4.LTS\lib\armv6m-ti-none-eabi\c\</path>
         <kind>archive</kind>
         <file>libsysbm.a</file>
         <name>hostopen.c.obj</name>
      </input_file>
      <input_file id="fl-f0">
         <path>D:\ti\ccs2050\ccs\tools\compiler\ti-cgt-armllvm_4.0.4.LTS\lib\armv6m-ti-none-eabi\c\</path>
         <kind>archive</kind>
         <file>libsysbm.a</file>
         <name>hostread.c.obj</name>
      </input_file>
      <input_file id="fl-f1">
         <path>D:\ti\ccs2050\ccs\tools\compiler\ti-cgt-armllvm_4.0.4.LTS\lib\armv6m-ti-none-eabi\c\</path>
         <kind>archive</kind>
         <file>libsysbm.a</file>
         <name>hostrename.c.obj</name>
      </input_file>
      <input_file id="fl-f2">
         <path>D:\ti\ccs2050\ccs\tools\compiler\ti-cgt-armllvm_4.0.4.LTS\lib\armv6m-ti-none-eabi\c\</path>
         <kind>archive</kind>
         <file>libsysbm.a</file>
         <name>hostunlink.c.obj</name>
      </input_file>
      <input_file id="fl-f3">
         <path>D:\ti\ccs2050\ccs\tools\compiler\ti-cgt-armllvm_4.0.4.LTS\lib\armv6m-ti-none-eabi\c\</path>
         <kind>archive</kind>
         <file>libsysbm.a</file>
         <name>hostwrite.c.obj</name>
      </input_file>
      <input_file id="fl-f4">
         <path>D:\ti\ccs2050\ccs\tools\compiler\ti-cgt-armllvm_4.0.4.LTS\lib\armv6m-ti-none-eabi\c\</path>
         <kind>archive</kind>
         <file>libsysbm.a</file>
         <name>trgmsg.c.obj</name>
      </input_file>
      <input_file id="fl-f5">
         <path>D:\ti\ccs2050\ccs\tools\compiler\ti-cgt-armllvm_4.0.4.LTS\lib\armv6m-ti-none-eabi\</path>
         <kind>archive</kind>
         <file>libclang_rt.builtins.a</file>
         <name>addsf3.S.obj</name>
      </input_file>
      <input_file id="fl-f6">
         <path>D:\ti\ccs2050\ccs\tools\compiler\ti-cgt-armllvm_4.0.4.LTS\lib\armv6m-ti-none-eabi\</path>
         <kind>archive</kind>
         <file>libclang_rt.builtins.a</file>
         <name>adddf3.S.obj</name>
      </input_file>
      <input_file id="fl-f7">
         <path>D:\ti\ccs2050\ccs\tools\compiler\ti-cgt-armllvm_4.0.4.LTS\lib\armv6m-ti-none-eabi\</path>
         <kind>archive</kind>
         <file>libclang_rt.builtins.a</file>
         <name>muldf3.S.obj</name>
      </input_file>
      <input_file id="fl-f8">
         <path>D:\ti\ccs2050\ccs\tools\compiler\ti-cgt-armllvm_4.0.4.LTS\lib\armv6m-ti-none-eabi\</path>
         <kind>archive</kind>
         <file>libclang_rt.builtins.a</file>
         <name>muldsi3.S.obj</name>
      </input_file>
      <input_file id="fl-f9">
         <path>D:\ti\ccs2050\ccs\tools\compiler\ti-cgt-armllvm_4.0.4.LTS\lib\armv6m-ti-none-eabi\</path>
         <kind>archive</kind>
         <file>libclang_rt.builtins.a</file>
         <name>mulsf3.S.obj</name>
      </input_file>
      <input_file id="fl-fa">
         <path>D:\ti\ccs2050\ccs\tools\compiler\ti-cgt-armllvm_4.0.4.LTS\lib\armv6m-ti-none-eabi\</path>
         <kind>archive</kind>
         <file>libclang_rt.builtins.a</file>
         <name>divsf3.S.obj</name>
      </input_file>
      <input_file id="fl-fb">
         <path>D:\ti\ccs2050\ccs\tools\compiler\ti-cgt-armllvm_4.0.4.LTS\lib\armv6m-ti-none-eabi\</path>
         <kind>archive</kind>
         <file>libclang_rt.builtins.a</file>
         <name>divdf3.S.obj</name>
      </input_file>
      <input_file id="fl-fc">
         <path>D:\ti\ccs2050\ccs\tools\compiler\ti-cgt-armllvm_4.0.4.LTS\lib\armv6m-ti-none-eabi\</path>
         <kind>archive</kind>
         <file>libclang_rt.builtins.a</file>
         <name>fixdfsi.S.obj</name>
      </input_file>
      <input_file id="fl-fd">
         <path>D:\ti\ccs2050\ccs\tools\compiler\ti-cgt-armllvm_4.0.4.LTS\lib\armv6m-ti-none-eabi\</path>
         <kind>archive</kind>
         <file>libclang_rt.builtins.a</file>
         <name>fixsfsi.S.obj</name>
      </input_file>
      <input_file id="fl-fe">
         <path>D:\ti\ccs2050\ccs\tools\compiler\ti-cgt-armllvm_4.0.4.LTS\lib\armv6m-ti-none-eabi\</path>
         <kind>archive</kind>
         <file>libclang_rt.builtins.a</file>
         <name>floatsidf.S.obj</name>
      </input_file>
      <input_file id="fl-ff">
         <path>D:\ti\ccs2050\ccs\tools\compiler\ti-cgt-armllvm_4.0.4.LTS\lib\armv6m-ti-none-eabi\</path>
         <kind>archive</kind>
         <file>libclang_rt.builtins.a</file>
         <name>floatsisf.S.obj</name>
      </input_file>
      <input_file id="fl-100">
         <path>D:\ti\ccs2050\ccs\tools\compiler\ti-cgt-armllvm_4.0.4.LTS\lib\armv6m-ti-none-eabi\</path>
         <kind>archive</kind>
         <file>libclang_rt.builtins.a</file>
         <name>floatunsisf.S.obj</name>
      </input_file>
      <input_file id="fl-101">
         <path>D:\ti\ccs2050\ccs\tools\compiler\ti-cgt-armllvm_4.0.4.LTS\lib\armv6m-ti-none-eabi\</path>
         <kind>archive</kind>
         <file>libclang_rt.builtins.a</file>
         <name>muldi3.S.obj</name>
      </input_file>
      <input_file id="fl-102">
         <path>D:\ti\ccs2050\ccs\tools\compiler\ti-cgt-armllvm_4.0.4.LTS\lib\armv6m-ti-none-eabi\</path>
         <kind>archive</kind>
         <file>libclang_rt.builtins.a</file>
         <name>aeabi_dcmp.S.obj</name>
      </input_file>
      <input_file id="fl-103">
         <path>D:\ti\ccs2050\ccs\tools\compiler\ti-cgt-armllvm_4.0.4.LTS\lib\armv6m-ti-none-eabi\</path>
         <kind>archive</kind>
         <file>libclang_rt.builtins.a</file>
         <name>aeabi_fcmp.S.obj</name>
      </input_file>
      <input_file id="fl-104">
         <path>D:\ti\ccs2050\ccs\tools\compiler\ti-cgt-armllvm_4.0.4.LTS\lib\armv6m-ti-none-eabi\</path>
         <kind>archive</kind>
         <file>libclang_rt.builtins.a</file>
         <name>aeabi_idivmod.S.obj</name>
      </input_file>
      <input_file id="fl-105">
         <path>D:\ti\ccs2050\ccs\tools\compiler\ti-cgt-armllvm_4.0.4.LTS\lib\armv6m-ti-none-eabi\</path>
         <kind>archive</kind>
         <file>libclang_rt.builtins.a</file>
         <name>aeabi_memcpy.S.obj</name>
      </input_file>
      <input_file id="fl-106">
         <path>D:\ti\ccs2050\ccs\tools\compiler\ti-cgt-armllvm_4.0.4.LTS\lib\armv6m-ti-none-eabi\</path>
         <kind>archive</kind>
         <file>libclang_rt.builtins.a</file>
         <name>aeabi_memset.S.obj</name>
      </input_file>
      <input_file id="fl-107">
         <path>D:\ti\ccs2050\ccs\tools\compiler\ti-cgt-armllvm_4.0.4.LTS\lib\armv6m-ti-none-eabi\</path>
         <kind>archive</kind>
         <file>libclang_rt.builtins.a</file>
         <name>aeabi_uidivmod.S.obj</name>
      </input_file>
      <input_file id="fl-108">
         <path>D:\ti\ccs2050\ccs\tools\compiler\ti-cgt-armllvm_4.0.4.LTS\lib\armv6m-ti-none-eabi\</path>
         <kind>archive</kind>
         <file>libclang_rt.builtins.a</file>
         <name>aeabi_uldivmod.S.obj</name>
      </input_file>
      <input_file id="fl-109">
         <path>D:\ti\ccs2050\ccs\tools\compiler\ti-cgt-armllvm_4.0.4.LTS\lib\armv6m-ti-none-eabi\</path>
         <kind>archive</kind>
         <file>libclang_rt.builtins.a</file>
         <name>comparesf2.S.obj</name>
      </input_file>
      <input_file id="fl-10a">
         <path>D:\ti\ccs2050\ccs\tools\compiler\ti-cgt-armllvm_4.0.4.LTS\lib\armv6m-ti-none-eabi\</path>
         <kind>archive</kind>
         <file>libclang_rt.builtins.a</file>
         <name>udivmoddi4.S.obj</name>
      </input_file>
      <input_file id="fl-10b">
         <path>D:\ti\ccs2050\ccs\tools\compiler\ti-cgt-armllvm_4.0.4.LTS\lib\armv6m-ti-none-eabi\</path>
         <kind>archive</kind>
         <file>libclang_rt.builtins.a</file>
         <name>ashldi3.S.obj</name>
      </input_file>
      <input_file id="fl-10c">
         <path>D:\ti\ccs2050\ccs\tools\compiler\ti-cgt-armllvm_4.0.4.LTS\lib\armv6m-ti-none-eabi\</path>
         <kind>archive</kind>
         <file>libclang_rt.builtins.a</file>
         <name>comparedf2.c.obj</name>
      </input_file>
      <input_file id="fl-10d">
         <path>D:\ti\ccs2050\ccs\tools\compiler\ti-cgt-armllvm_4.0.4.LTS\lib\armv6m-ti-none-eabi\</path>
         <kind>archive</kind>
         <file>libclang_rt.builtins.a</file>
         <name>aeabi_div0.c.obj</name>
      </input_file>
      <input_file id="fl-10e">
         <path>D:\ti\ccs2050\ccs\tools\compiler\ti-cgt-armllvm_4.0.4.LTS\lib\armv6m-ti-none-eabi\c\</path>
         <kind>archive</kind>
         <file>libc.a</file>
         <name>memcpy16.S.obj</name>
      </input_file>
      <input_file id="fl-10f">
         <path>D:\ti\ccs2050\ccs\tools\compiler\ti-cgt-armllvm_4.0.4.LTS\lib\armv6m-ti-none-eabi\c\</path>
         <kind>archive</kind>
         <file>libc.a</file>
         <name>memset16.S.obj</name>
      </input_file>
   </input_file_list>
   <object_component_list>
      <object_component id="oc-18">
         <name>.intvecs</name>
         <load_address>0x0</load_address>
         <readonly>true</readonly>
         <run_address>0x0</run_address>
         <size>0xc0</size>
         <alignment>0x4</alignment>
         <input_file_ref idref="fl-4"/>
      </object_component>
      <object_component id="oc-18a">
         <name>.text:__TI_printfi_nofloat</name>
         <load_address>0xc0</load_address>
         <readonly>true</readonly>
         <executable>true</executable>
         <run_address>0xc0</run_address>
         <size>0x868</size>
         <alignment>0x4</alignment>
         <input_file_ref idref="fl-3a"/>
      </object_component>
      <object_component id="oc-c1">
         <name>.text.LineFollow_Update</name>
         <load_address>0x928</load_address>
         <readonly>true</readonly>
         <executable>true</executable>
         <run_address>0x928</run_address>
         <size>0x354</size>
         <alignment>0x4</alignment>
         <input_file_ref idref="fl-7"/>
      </object_component>
      <object_component id="oc-a0">
         <name>.text.SpeedPI_UpdateSingle</name>
         <load_address>0xc7c</load_address>
         <readonly>true</readonly>
         <executable>true</executable>
         <run_address>0xc7c</run_address>
         <size>0x164</size>
         <alignment>0x4</alignment>
         <input_file_ref idref="fl-9"/>
      </object_component>
      <object_component id="oc-16d">
         <name>.text.DL_Timer_initFourCCPWMMode</name>
         <load_address>0xde0</load_address>
         <readonly>true</readonly>
         <executable>true</executable>
         <run_address>0xde0</run_address>
         <size>0x104</size>
         <alignment>0x4</alignment>
         <input_file_ref idref="fl-19"/>
      </object_component>
      <object_component id="oc-90">
         <name>.text.main</name>
         <load_address>0xee4</load_address>
         <readonly>true</readonly>
         <executable>true</executable>
         <run_address>0xee4</run_address>
         <size>0x104</size>
         <alignment>0x4</alignment>
         <input_file_ref idref="fl-2"/>
      </object_component>
      <object_component id="oc-172">
         <name>.text.DL_Timer_initTimerMode</name>
         <load_address>0xfe8</load_address>
         <readonly>true</readonly>
         <executable>true</executable>
         <run_address>0xfe8</run_address>
         <size>0xfc</size>
         <alignment>0x4</alignment>
         <input_file_ref idref="fl-19"/>
      </object_component>
      <object_component id="oc-119">
         <name>.text.SYSCFG_DL_GPIO_init</name>
         <load_address>0x10e4</load_address>
         <readonly>true</readonly>
         <executable>true</executable>
         <run_address>0x10e4</run_address>
         <size>0xe8</size>
         <alignment>0x4</alignment>
         <input_file_ref idref="fl-3"/>
      </object_component>
      <object_component id="oc-101">
         <name>.text</name>
         <load_address>0x11cc</load_address>
         <readonly>true</readonly>
         <executable>true</executable>
         <run_address>0x11cc</run_address>
         <size>0xd8</size>
         <alignment>0x4</alignment>
         <input_file_ref idref="fl-f5"/>
      </object_component>
      <object_component id="oc-a1">
         <name>.text.Motor_SetSpeed</name>
         <load_address>0x12a4</load_address>
         <readonly>true</readonly>
         <executable>true</executable>
         <run_address>0x12a4</run_address>
         <size>0xb0</size>
         <alignment>0x4</alignment>
         <input_file_ref idref="fl-8"/>
      </object_component>
      <object_component id="oc-1dd">
         <name>.text</name>
         <load_address>0x1354</load_address>
         <readonly>true</readonly>
         <executable>true</executable>
         <run_address>0x1354</run_address>
         <size>0xa2</size>
         <alignment>0x4</alignment>
         <input_file_ref idref="fl-10a"/>
      </object_component>
      <object_component id="oc-b0">
         <name>.text:memcpy</name>
         <load_address>0x13f6</load_address>
         <readonly>true</readonly>
         <executable>true</executable>
         <run_address>0x13f6</run_address>
         <size>0x9a</size>
         <alignment>0x1</alignment>
         <input_file_ref idref="fl-10e"/>
      </object_component>
      <object_component id="oc-be">
         <name>.text.LineFollow_Init</name>
         <load_address>0x1490</load_address>
         <readonly>true</readonly>
         <executable>true</executable>
         <run_address>0x1490</run_address>
         <size>0x94</size>
         <alignment>0x4</alignment>
         <input_file_ref idref="fl-7"/>
      </object_component>
      <object_component id="oc-11c">
         <name>.text.SYSCFG_DL_PWM_0_init</name>
         <load_address>0x1524</load_address>
         <readonly>true</readonly>
         <executable>true</executable>
         <run_address>0x1524</run_address>
         <size>0x8c</size>
         <alignment>0x4</alignment>
         <input_file_ref idref="fl-3"/>
      </object_component>
      <object_component id="oc-c3">
         <name>.text.__mulsf3</name>
         <load_address>0x15b0</load_address>
         <readonly>true</readonly>
         <executable>true</executable>
         <run_address>0x15b0</run_address>
         <size>0x8c</size>
         <alignment>0x4</alignment>
         <input_file_ref idref="fl-f9"/>
      </object_component>
      <object_component id="oc-13b">
         <name>.text.__divsf3</name>
         <load_address>0x163c</load_address>
         <readonly>true</readonly>
         <executable>true</executable>
         <run_address>0x163c</run_address>
         <size>0x82</size>
         <alignment>0x4</alignment>
         <input_file_ref idref="fl-fa"/>
      </object_component>
      <object_component id="oc-33">
         <name>.text.Default_Handler</name>
         <load_address>0x16be</load_address>
         <readonly>true</readonly>
         <executable>true</executable>
         <run_address>0x16be</run_address>
         <size>0x2</size>
         <alignment>0x2</alignment>
         <input_file_ref idref="fl-4"/>
      </object_component>
      <object_component id="oc-34">
         <name>.text.GROUP1_IRQHandler</name>
         <load_address>0x16c0</load_address>
         <readonly>true</readonly>
         <executable>true</executable>
         <run_address>0x16c0</run_address>
         <size>0x80</size>
         <alignment>0x4</alignment>
         <input_file_ref idref="fl-5"/>
      </object_component>
      <object_component id="oc-1c">
         <name>.text:decompress:lzss</name>
         <load_address>0x1740</load_address>
         <readonly>true</readonly>
         <executable>true</executable>
         <run_address>0x1740</run_address>
         <size>0x7c</size>
         <alignment>0x4</alignment>
         <input_file_ref idref="fl-39"/>
      </object_component>
      <object_component id="oc-135">
         <name>.text.Grayscale_ReadAll</name>
         <load_address>0x17bc</load_address>
         <readonly>true</readonly>
         <executable>true</executable>
         <run_address>0x17bc</run_address>
         <size>0x74</size>
         <alignment>0x4</alignment>
         <input_file_ref idref="fl-6"/>
      </object_component>
      <object_component id="oc-105">
         <name>.text.__aeabi_fcmp</name>
         <load_address>0x1830</load_address>
         <readonly>true</readonly>
         <executable>true</executable>
         <run_address>0x1830</run_address>
         <size>0x62</size>
         <alignment>0x4</alignment>
         <input_file_ref idref="fl-103"/>
      </object_component>
      <object_component id="oc-117">
         <name>.text:memset</name>
         <load_address>0x1892</load_address>
         <readonly>true</readonly>
         <executable>true</executable>
         <run_address>0x1892</run_address>
         <size>0x62</size>
         <alignment>0x1</alignment>
         <input_file_ref idref="fl-10f"/>
      </object_component>
      <object_component id="oc-11f">
         <name>.text.SYSCFG_DL_UART_0_init</name>
         <load_address>0x18f4</load_address>
         <readonly>true</readonly>
         <executable>true</executable>
         <run_address>0x18f4</run_address>
         <size>0x60</size>
         <alignment>0x4</alignment>
         <input_file_ref idref="fl-3"/>
      </object_component>
      <object_component id="oc-118">
         <name>.text.SYSCFG_DL_initPower</name>
         <load_address>0x1954</load_address>
         <readonly>true</readonly>
         <executable>true</executable>
         <run_address>0x1954</run_address>
         <size>0x54</size>
         <alignment>0x4</alignment>
         <input_file_ref idref="fl-3"/>
      </object_component>
      <object_component id="oc-bc">
         <name>.text.SpeedControl_Init</name>
         <load_address>0x19a8</load_address>
         <readonly>true</readonly>
         <executable>true</executable>
         <run_address>0x19a8</run_address>
         <size>0x54</size>
         <alignment>0x4</alignment>
         <input_file_ref idref="fl-9"/>
      </object_component>
      <object_component id="oc-45">
         <name>.text.TIMA0_IRQHandler</name>
         <load_address>0x19fc</load_address>
         <readonly>true</readonly>
         <executable>true</executable>
         <run_address>0x19fc</run_address>
         <size>0x54</size>
         <alignment>0x4</alignment>
         <input_file_ref idref="fl-5"/>
      </object_component>
      <object_component id="oc-11d">
         <name>.text.SYSCFG_DL_TIMER_TICK_init</name>
         <load_address>0x1a50</load_address>
         <readonly>true</readonly>
         <executable>true</executable>
         <run_address>0x1a50</run_address>
         <size>0x50</size>
         <alignment>0x4</alignment>
         <input_file_ref idref="fl-3"/>
      </object_component>
      <object_component id="oc-11e">
         <name>.text.SYSCFG_DL_LINE_TIMER_init</name>
         <load_address>0x1aa0</load_address>
         <readonly>true</readonly>
         <executable>true</executable>
         <run_address>0x1aa0</run_address>
         <size>0x4c</size>
         <alignment>0x4</alignment>
         <input_file_ref idref="fl-3"/>
      </object_component>
      <object_component id="oc-d5">
         <name>.text.snprintf</name>
         <load_address>0x1aec</load_address>
         <readonly>true</readonly>
         <executable>true</executable>
         <run_address>0x1aec</run_address>
         <size>0x4c</size>
         <alignment>0x4</alignment>
         <input_file_ref idref="fl-31"/>
      </object_component>
      <object_component id="oc-17d">
         <name>.text.DL_UART_init</name>
         <load_address>0x1b38</load_address>
         <readonly>true</readonly>
         <executable>true</executable>
         <run_address>0x1b38</run_address>
         <size>0x48</size>
         <alignment>0x4</alignment>
         <input_file_ref idref="fl-1a"/>
      </object_component>
      <object_component id="oc-13f">
         <name>.text.SpeedControl_SetTargetPPS</name>
         <load_address>0x1b80</load_address>
         <readonly>true</readonly>
         <executable>true</executable>
         <run_address>0x1b80</run_address>
         <size>0x44</size>
         <alignment>0x4</alignment>
         <input_file_ref idref="fl-9"/>
      </object_component>
      <object_component id="oc-3a">
         <name>.text.UART0_IRQHandler</name>
         <load_address>0x1bc4</load_address>
         <readonly>true</readonly>
         <executable>true</executable>
         <run_address>0x1bc4</run_address>
         <size>0x44</size>
         <alignment>0x4</alignment>
         <input_file_ref idref="fl-a"/>
      </object_component>
      <object_component id="oc-11a">
         <name>.text.SYSCFG_DL_SYSCTL_init</name>
         <load_address>0x1c08</load_address>
         <readonly>true</readonly>
         <executable>true</executable>
         <run_address>0x1c08</run_address>
         <size>0x40</size>
         <alignment>0x4</alignment>
         <input_file_ref idref="fl-3"/>
      </object_component>
      <object_component id="oc-b5">
         <name>.text.SYSCFG_DL_init</name>
         <load_address>0x1c48</load_address>
         <readonly>true</readonly>
         <executable>true</executable>
         <run_address>0x1c48</run_address>
         <size>0x40</size>
         <alignment>0x4</alignment>
         <input_file_ref idref="fl-3"/>
      </object_component>
      <object_component id="oc-1a4">
         <name>.text.__aeabi_uidivmod</name>
         <load_address>0x1c88</load_address>
         <readonly>true</readonly>
         <executable>true</executable>
         <run_address>0x1c88</run_address>
         <size>0x40</size>
         <alignment>0x4</alignment>
         <input_file_ref idref="fl-107"/>
      </object_component>
      <object_component id="oc-1aa">
         <name>.text.atoi</name>
         <load_address>0x1cc8</load_address>
         <readonly>true</readonly>
         <executable>true</executable>
         <run_address>0x1cc8</run_address>
         <size>0x40</size>
         <alignment>0x4</alignment>
         <input_file_ref idref="fl-41"/>
      </object_component>
      <object_component id="oc-f9">
         <name>.text.__floatsisf</name>
         <load_address>0x1d08</load_address>
         <readonly>true</readonly>
         <executable>true</executable>
         <run_address>0x1d08</run_address>
         <size>0x3c</size>
         <alignment>0x4</alignment>
         <input_file_ref idref="fl-ff"/>
      </object_component>
      <object_component id="oc-163">
         <name>.text.__gtsf2</name>
         <load_address>0x1d44</load_address>
         <readonly>true</readonly>
         <executable>true</executable>
         <run_address>0x1d44</run_address>
         <size>0x3c</size>
         <alignment>0x4</alignment>
         <input_file_ref idref="fl-109"/>
      </object_component>
      <object_component id="oc-e7">
         <name>.text:__TI_auto_init_nobinit_nopinit</name>
         <load_address>0x1d80</load_address>
         <readonly>true</readonly>
         <executable>true</executable>
         <run_address>0x1d80</run_address>
         <size>0x3c</size>
         <alignment>0x4</alignment>
         <input_file_ref idref="fl-34"/>
      </object_component>
      <object_component id="oc-15e">
         <name>.text.__eqsf2</name>
         <load_address>0x1dbc</load_address>
         <readonly>true</readonly>
         <executable>true</executable>
         <run_address>0x1dbc</run_address>
         <size>0x3a</size>
         <alignment>0x4</alignment>
         <input_file_ref idref="fl-109"/>
      </object_component>
      <object_component id="oc-1cb">
         <name>.text.__aeabi_idiv0</name>
         <load_address>0x1df6</load_address>
         <readonly>true</readonly>
         <executable>true</executable>
         <run_address>0x1df6</run_address>
         <size>0x2</size>
         <alignment>0x2</alignment>
         <input_file_ref idref="fl-10d"/>
      </object_component>
      <object_component id="oc-140">
         <name>.text.__muldsi3</name>
         <load_address>0x1df8</load_address>
         <readonly>true</readonly>
         <executable>true</executable>
         <run_address>0x1df8</run_address>
         <size>0x3a</size>
         <alignment>0x4</alignment>
         <input_file_ref idref="fl-f8"/>
      </object_component>
      <object_component id="oc-214">
         <name>.text.__aeabi_ldiv0</name>
         <load_address>0x1e32</load_address>
         <readonly>true</readonly>
         <executable>true</executable>
         <run_address>0x1e32</run_address>
         <size>0x2</size>
         <alignment>0x2</alignment>
         <input_file_ref idref="fl-10d"/>
      </object_component>
      <object_component id="oc-bd">
         <name>.text.Encoder_Init</name>
         <load_address>0x1e34</load_address>
         <readonly>true</readonly>
         <executable>true</executable>
         <run_address>0x1e34</run_address>
         <size>0x38</size>
         <alignment>0x4</alignment>
         <input_file_ref idref="fl-5"/>
      </object_component>
      <object_component id="oc-c7">
         <name>.text.__fixsfsi</name>
         <load_address>0x1e6c</load_address>
         <readonly>true</readonly>
         <executable>true</executable>
         <run_address>0x1e6c</run_address>
         <size>0x38</size>
         <alignment>0x4</alignment>
         <input_file_ref idref="fl-fd"/>
      </object_component>
      <object_component id="oc-ba">
         <name>.text.Motor_Init</name>
         <load_address>0x1ea4</load_address>
         <readonly>true</readonly>
         <executable>true</executable>
         <run_address>0x1ea4</run_address>
         <size>0x30</size>
         <alignment>0x4</alignment>
         <input_file_ref idref="fl-8"/>
      </object_component>
      <object_component id="oc-db">
         <name>.text.USART_SendString</name>
         <load_address>0x1ed4</load_address>
         <readonly>true</readonly>
         <executable>true</executable>
         <run_address>0x1ed4</run_address>
         <size>0x30</size>
         <alignment>0x4</alignment>
         <input_file_ref idref="fl-a"/>
      </object_component>
      <object_component id="oc-147">
         <name>.text._outs</name>
         <load_address>0x1f04</load_address>
         <readonly>true</readonly>
         <executable>true</executable>
         <run_address>0x1f04</run_address>
         <size>0x30</size>
         <alignment>0x2</alignment>
         <input_file_ref idref="fl-31"/>
      </object_component>
      <object_component id="oc-7a">
         <name>.text.SpeedControl_Update</name>
         <load_address>0x1f34</load_address>
         <readonly>true</readonly>
         <executable>true</executable>
         <run_address>0x1f34</run_address>
         <size>0x28</size>
         <alignment>0x4</alignment>
         <input_file_ref idref="fl-9"/>
      </object_component>
      <object_component id="oc-fd">
         <name>.text.__floatunsisf</name>
         <load_address>0x1f5c</load_address>
         <readonly>true</readonly>
         <executable>true</executable>
         <run_address>0x1f5c</run_address>
         <size>0x28</size>
         <alignment>0x4</alignment>
         <input_file_ref idref="fl-100"/>
      </object_component>
      <object_component id="oc-61">
         <name>.text:_c_int00_noargs</name>
         <load_address>0x1f84</load_address>
         <readonly>true</readonly>
         <executable>true</executable>
         <run_address>0x1f84</run_address>
         <size>0x28</size>
         <alignment>0x4</alignment>
         <input_file_ref idref="fl-32"/>
      </object_component>
      <object_component id="oc-1b7">
         <name>.text.__muldi3</name>
         <load_address>0x1fac</load_address>
         <readonly>true</readonly>
         <executable>true</executable>
         <run_address>0x1fac</run_address>
         <size>0x24</size>
         <alignment>0x4</alignment>
         <input_file_ref idref="fl-101"/>
      </object_component>
      <object_component id="oc-19f">
         <name>.text.memccpy</name>
         <load_address>0x1fd0</load_address>
         <readonly>true</readonly>
         <executable>true</executable>
         <run_address>0x1fd0</run_address>
         <size>0x22</size>
         <alignment>0x2</alignment>
         <input_file_ref idref="fl-43"/>
      </object_component>
      <object_component id="oc-bf">
         <name>.text.LineFollow_TimerInit</name>
         <load_address>0x1ff4</load_address>
         <readonly>true</readonly>
         <executable>true</executable>
         <run_address>0x1ff4</run_address>
         <size>0x20</size>
         <alignment>0x4</alignment>
         <input_file_ref idref="fl-7"/>
      </object_component>
      <object_component id="oc-215">
         <name>.text.__ashldi3</name>
         <load_address>0x2014</load_address>
         <readonly>true</readonly>
         <executable>true</executable>
         <run_address>0x2014</run_address>
         <size>0x1e</size>
         <alignment>0x4</alignment>
         <input_file_ref idref="fl-10b"/>
      </object_component>
      <object_component id="oc-16f">
         <name>.text.DL_Timer_setCaptCompUpdateMethod</name>
         <load_address>0x2034</load_address>
         <readonly>true</readonly>
         <executable>true</executable>
         <run_address>0x2034</run_address>
         <size>0x1c</size>
         <alignment>0x4</alignment>
         <input_file_ref idref="fl-19"/>
      </object_component>
      <object_component id="oc-16c">
         <name>.text.DL_Timer_setClockConfig</name>
         <load_address>0x2050</load_address>
         <readonly>true</readonly>
         <executable>true</executable>
         <run_address>0x2050</run_address>
         <size>0x1c</size>
         <alignment>0x4</alignment>
         <input_file_ref idref="fl-19"/>
      </object_component>
      <object_component id="oc-40">
         <name>.text.TIMG6_IRQHandler</name>
         <load_address>0x206c</load_address>
         <readonly>true</readonly>
         <executable>true</executable>
         <run_address>0x206c</run_address>
         <size>0x1c</size>
         <alignment>0x4</alignment>
         <input_file_ref idref="fl-7"/>
      </object_component>
      <object_component id="oc-16e">
         <name>.text.DL_Timer_setCaptureCompareOutCtl</name>
         <load_address>0x2088</load_address>
         <readonly>true</readonly>
         <executable>true</executable>
         <run_address>0x2088</run_address>
         <size>0x18</size>
         <alignment>0x4</alignment>
         <input_file_ref idref="fl-19"/>
      </object_component>
      <object_component id="oc-d1">
         <name>.text.Encoder_GetSpeed</name>
         <load_address>0x20a0</load_address>
         <readonly>true</readonly>
         <executable>true</executable>
         <run_address>0x20a0</run_address>
         <size>0x18</size>
         <alignment>0x4</alignment>
         <input_file_ref idref="fl-5"/>
      </object_component>
      <object_component id="oc-bb">
         <name>.text.USART_Init</name>
         <load_address>0x20b8</load_address>
         <readonly>true</readonly>
         <executable>true</executable>
         <run_address>0x20b8</run_address>
         <size>0x18</size>
         <alignment>0x4</alignment>
         <input_file_ref idref="fl-a"/>
      </object_component>
      <object_component id="oc-148">
         <name>.text._outc</name>
         <load_address>0x20d0</load_address>
         <readonly>true</readonly>
         <executable>true</executable>
         <run_address>0x20d0</run_address>
         <size>0x18</size>
         <alignment>0x2</alignment>
         <input_file_ref idref="fl-31"/>
      </object_component>
      <object_component id="oc-58">
         <name>.text:decompress:ZI:__TI_zero_init_nomemset</name>
         <load_address>0x20e8</load_address>
         <readonly>true</readonly>
         <executable>true</executable>
         <run_address>0x20e8</run_address>
         <size>0x16</size>
         <alignment>0x2</alignment>
         <input_file_ref idref="fl-37"/>
      </object_component>
      <object_component id="oc-1bc">
         <name>.text.__aeabi_uldivmod</name>
         <load_address>0x2100</load_address>
         <readonly>true</readonly>
         <executable>true</executable>
         <run_address>0x2100</run_address>
         <size>0x14</size>
         <alignment>0x4</alignment>
         <input_file_ref idref="fl-108"/>
      </object_component>
      <object_component id="oc-177">
         <name>.text.DL_UART_setClockConfig</name>
         <load_address>0x2114</load_address>
         <readonly>true</readonly>
         <executable>true</executable>
         <run_address>0x2114</run_address>
         <size>0x12</size>
         <alignment>0x2</alignment>
         <input_file_ref idref="fl-1a"/>
      </object_component>
      <object_component id="oc-20">
         <name>.text:decompress:none</name>
         <load_address>0x2126</load_address>
         <readonly>true</readonly>
         <executable>true</executable>
         <run_address>0x2126</run_address>
         <size>0x12</size>
         <alignment>0x2</alignment>
         <input_file_ref idref="fl-38"/>
      </object_component>
      <object_component id="oc-109">
         <name>.text.DL_Timer_setCaptureCompareValue</name>
         <load_address>0x2138</load_address>
         <readonly>true</readonly>
         <executable>true</executable>
         <run_address>0x2138</run_address>
         <size>0x10</size>
         <alignment>0x4</alignment>
         <input_file_ref idref="fl-19"/>
      </object_component>
      <object_component id="oc-1ae">
         <name>.text.wcslen</name>
         <load_address>0x2148</load_address>
         <readonly>true</readonly>
         <executable>true</executable>
         <run_address>0x2148</run_address>
         <size>0x10</size>
         <alignment>0x2</alignment>
         <input_file_ref idref="fl-47"/>
      </object_component>
      <object_component id="oc-19e">
         <name>.text.__aeabi_memset</name>
         <load_address>0x2158</load_address>
         <readonly>true</readonly>
         <executable>true</executable>
         <run_address>0x2158</run_address>
         <size>0xe</size>
         <alignment>0x4</alignment>
         <input_file_ref idref="fl-106"/>
      </object_component>
      <object_component id="oc-19d">
         <name>.text.strlen</name>
         <load_address>0x2166</load_address>
         <readonly>true</readonly>
         <executable>true</executable>
         <run_address>0x2166</run_address>
         <size>0xe</size>
         <alignment>0x2</alignment>
         <input_file_ref idref="fl-3a"/>
      </object_component>
      <object_component id="oc-cd">
         <name>.text.LineFollow_GetActiveCount</name>
         <load_address>0x2174</load_address>
         <readonly>true</readonly>
         <executable>true</executable>
         <run_address>0x2174</run_address>
         <size>0xc</size>
         <alignment>0x4</alignment>
         <input_file_ref idref="fl-7"/>
      </object_component>
      <object_component id="oc-cb">
         <name>.text.LineFollow_GetError</name>
         <load_address>0x2180</load_address>
         <readonly>true</readonly>
         <executable>true</executable>
         <run_address>0x2180</run_address>
         <size>0xc</size>
         <alignment>0x4</alignment>
         <input_file_ref idref="fl-7"/>
      </object_component>
      <object_component id="oc-c2">
         <name>.text.LineFollow_GetFilteredPosition</name>
         <load_address>0x218c</load_address>
         <readonly>true</readonly>
         <executable>true</executable>
         <run_address>0x218c</run_address>
         <size>0xc</size>
         <alignment>0x4</alignment>
         <input_file_ref idref="fl-7"/>
      </object_component>
      <object_component id="oc-cf">
         <name>.text.LineFollow_GetLeftTargetPPS</name>
         <load_address>0x2198</load_address>
         <readonly>true</readonly>
         <executable>true</executable>
         <run_address>0x2198</run_address>
         <size>0xc</size>
         <alignment>0x4</alignment>
         <input_file_ref idref="fl-7"/>
      </object_component>
      <object_component id="oc-d0">
         <name>.text.LineFollow_GetRightTargetPPS</name>
         <load_address>0x21a4</load_address>
         <readonly>true</readonly>
         <executable>true</executable>
         <run_address>0x21a4</run_address>
         <size>0xc</size>
         <alignment>0x4</alignment>
         <input_file_ref idref="fl-7"/>
      </object_component>
      <object_component id="oc-cc">
         <name>.text.LineFollow_GetSensorBitmap</name>
         <load_address>0x21b0</load_address>
         <readonly>true</readonly>
         <executable>true</executable>
         <run_address>0x21b0</run_address>
         <size>0xc</size>
         <alignment>0x4</alignment>
         <input_file_ref idref="fl-7"/>
      </object_component>
      <object_component id="oc-d4">
         <name>.text.LineFollow_GetState</name>
         <load_address>0x21bc</load_address>
         <readonly>true</readonly>
         <executable>true</executable>
         <run_address>0x21bc</run_address>
         <size>0xc</size>
         <alignment>0x4</alignment>
         <input_file_ref idref="fl-7"/>
      </object_component>
      <object_component id="oc-ce">
         <name>.text.LineFollow_GetTurnPPS</name>
         <load_address>0x21c8</load_address>
         <readonly>true</readonly>
         <executable>true</executable>
         <run_address>0x21c8</run_address>
         <size>0xc</size>
         <alignment>0x4</alignment>
         <input_file_ref idref="fl-7"/>
      </object_component>
      <object_component id="oc-c0">
         <name>.text.LineFollow_Start</name>
         <load_address>0x21d4</load_address>
         <readonly>true</readonly>
         <executable>true</executable>
         <run_address>0x21d4</run_address>
         <size>0xc</size>
         <alignment>0x4</alignment>
         <input_file_ref idref="fl-7"/>
      </object_component>
      <object_component id="oc-d2">
         <name>.text.SpeedControl_GetLeftPWM</name>
         <load_address>0x21e0</load_address>
         <readonly>true</readonly>
         <executable>true</executable>
         <run_address>0x21e0</run_address>
         <size>0xc</size>
         <alignment>0x4</alignment>
         <input_file_ref idref="fl-9"/>
      </object_component>
      <object_component id="oc-d3">
         <name>.text.SpeedControl_GetRightPWM</name>
         <load_address>0x21ec</load_address>
         <readonly>true</readonly>
         <executable>true</executable>
         <run_address>0x21ec</run_address>
         <size>0xc</size>
         <alignment>0x4</alignment>
         <input_file_ref idref="fl-9"/>
      </object_component>
      <object_component id="oc-168">
         <name>.text.DL_Common_delayCycles</name>
         <load_address>0x21f8</load_address>
         <readonly>true</readonly>
         <executable>true</executable>
         <run_address>0x21f8</run_address>
         <size>0xa</size>
         <alignment>0x2</alignment>
         <input_file_ref idref="fl-18"/>
      </object_component>
      <object_component id="oc-1b2">
         <name>.text.__aeabi_errno_addr</name>
         <load_address>0x2204</load_address>
         <readonly>true</readonly>
         <executable>true</executable>
         <run_address>0x2204</run_address>
         <size>0x8</size>
         <alignment>0x4</alignment>
         <input_file_ref idref="fl-3b"/>
      </object_component>
      <object_component id="oc-51">
         <name>.text.__aeabi_memcpy</name>
         <load_address>0x220c</load_address>
         <readonly>true</readonly>
         <executable>true</executable>
         <run_address>0x220c</run_address>
         <size>0x8</size>
         <alignment>0x4</alignment>
         <input_file_ref idref="fl-105"/>
      </object_component>
      <object_component id="oc-e0">
         <name>.text:abort</name>
         <load_address>0x2214</load_address>
         <readonly>true</readonly>
         <executable>true</executable>
         <run_address>0x2214</run_address>
         <size>0x6</size>
         <alignment>0x2</alignment>
         <input_file_ref idref="fl-3c"/>
      </object_component>
      <object_component id="oc-14b">
         <name>.text.HOSTexit</name>
         <load_address>0x221a</load_address>
         <readonly>true</readonly>
         <executable>true</executable>
         <run_address>0x221a</run_address>
         <size>0x4</size>
         <alignment>0x2</alignment>
         <input_file_ref idref="fl-ea"/>
      </object_component>
      <object_component id="oc-2f">
         <name>.text.Reset_Handler</name>
         <load_address>0x221e</load_address>
         <readonly>true</readonly>
         <executable>true</executable>
         <run_address>0x221e</run_address>
         <size>0x4</size>
         <alignment>0x2</alignment>
         <input_file_ref idref="fl-4"/>
      </object_component>
      <object_component id="oc-8c">
         <name>.text._system_pre_init</name>
         <load_address>0x2222</load_address>
         <readonly>true</readonly>
         <executable>true</executable>
         <run_address>0x2222</run_address>
         <size>0x4</size>
         <alignment>0x2</alignment>
         <input_file_ref idref="fl-35"/>
      </object_component>
      <object_component id="oc-271">
         <name>__TI_handler_table</name>
         <load_address>0x2420</load_address>
         <readonly>true</readonly>
         <run_address>0x2420</run_address>
         <size>0xc</size>
         <alignment>0x4</alignment>
      </object_component>
      <object_component id="oc-273">
         <name>.cinit..data.load</name>
         <load_address>0x242c</load_address>
         <readonly>true</readonly>
         <run_address>0x242c</run_address>
         <size>0x9</size>
         <alignment>0x1</alignment>
      </object_component>
      <object_component id="oc-274">
         <name>.cinit..bss.load</name>
         <load_address>0x2438</load_address>
         <readonly>true</readonly>
         <run_address>0x2438</run_address>
         <size>0x8</size>
         <alignment>0x4</alignment>
      </object_component>
      <object_component id="oc-272">
         <name>__TI_cinit_table</name>
         <load_address>0x2440</load_address>
         <readonly>true</readonly>
         <run_address>0x2440</run_address>
         <size>0x10</size>
         <alignment>0x4</alignment>
      </object_component>
      <object_component id="oc-1d1">
         <name>.rodata:__aeabi_ctype_table_</name>
         <load_address>0x2230</load_address>
         <readonly>true</readonly>
         <run_address>0x2230</run_address>
         <size>0x101</size>
         <alignment>0x10</alignment>
         <input_file_ref idref="fl-4a"/>
      </object_component>
      <object_component id="oc-dd">
         <name>.rodata.str1.9517790425240694019.1</name>
         <load_address>0x2331</load_address>
         <readonly>true</readonly>
         <run_address>0x2331</run_address>
         <size>0x61</size>
         <alignment>0x1</alignment>
         <input_file_ref idref="fl-2"/>
      </object_component>
      <object_component id="oc-17e">
         <name>.rodata.gUART_0ClockConfig</name>
         <load_address>0x2392</load_address>
         <readonly>true</readonly>
         <run_address>0x2392</run_address>
         <size>0x2</size>
         <alignment>0x1</alignment>
         <input_file_ref idref="fl-3"/>
      </object_component>
      <object_component id="oc-dc">
         <name>.rodata.cst32</name>
         <load_address>0x2394</load_address>
         <readonly>true</readonly>
         <run_address>0x2394</run_address>
         <size>0x20</size>
         <alignment>0x4</alignment>
         <input_file_ref idref="fl-2"/>
      </object_component>
      <object_component id="oc-176">
         <name>.rodata.gLINE_TIMERTimerConfig</name>
         <load_address>0x23b4</load_address>
         <readonly>true</readonly>
         <run_address>0x23b4</run_address>
         <size>0x14</size>
         <alignment>0x4</alignment>
         <input_file_ref idref="fl-3"/>
      </object_component>
      <object_component id="oc-174">
         <name>.rodata.gTIMER_TICKTimerConfig</name>
         <load_address>0x23c8</load_address>
         <readonly>true</readonly>
         <run_address>0x23c8</run_address>
         <size>0x14</size>
         <alignment>0x4</alignment>
         <input_file_ref idref="fl-3"/>
      </object_component>
      <object_component id="oc-1bb">
         <name>.rodata.str1.10348868589481759720.1</name>
         <load_address>0x23dc</load_address>
         <readonly>true</readonly>
         <run_address>0x23dc</run_address>
         <size>0x11</size>
         <alignment>0x1</alignment>
         <input_file_ref idref="fl-3a"/>
      </object_component>
      <object_component id="oc-1a3">
         <name>.rodata.str1.15363888844622738466.1</name>
         <load_address>0x23ed</load_address>
         <readonly>true</readonly>
         <run_address>0x23ed</run_address>
         <size>0x11</size>
         <alignment>0x1</alignment>
         <input_file_ref idref="fl-3a"/>
      </object_component>
      <object_component id="oc-17f">
         <name>.rodata.gUART_0Config</name>
         <load_address>0x23fe</load_address>
         <readonly>true</readonly>
         <run_address>0x23fe</run_address>
         <size>0xa</size>
         <alignment>0x2</alignment>
         <input_file_ref idref="fl-3"/>
      </object_component>
      <object_component id="oc-171">
         <name>.rodata.gPWM_0Config</name>
         <load_address>0x2408</load_address>
         <readonly>true</readonly>
         <run_address>0x2408</run_address>
         <size>0x8</size>
         <alignment>0x4</alignment>
         <input_file_ref idref="fl-3"/>
      </object_component>
      <object_component id="oc-175">
         <name>.rodata.gLINE_TIMERClockConfig</name>
         <load_address>0x2410</load_address>
         <readonly>true</readonly>
         <run_address>0x2410</run_address>
         <size>0x3</size>
         <alignment>0x1</alignment>
         <input_file_ref idref="fl-3"/>
      </object_component>
      <object_component id="oc-170">
         <name>.rodata.gPWM_0ClockConfig</name>
         <load_address>0x2413</load_address>
         <readonly>true</readonly>
         <run_address>0x2413</run_address>
         <size>0x3</size>
         <alignment>0x1</alignment>
         <input_file_ref idref="fl-3"/>
      </object_component>
      <object_component id="oc-173">
         <name>.rodata.gTIMER_TICKClockConfig</name>
         <load_address>0x2416</load_address>
         <readonly>true</readonly>
         <run_address>0x2416</run_address>
         <size>0x3</size>
         <alignment>0x1</alignment>
         <input_file_ref idref="fl-3"/>
      </object_component>
      <object_component id="oc-239">
         <name>.binit</name>
         <load_address>0x0</load_address>
         <readonly>true</readonly>
         <run_address>0x0</run_address>
         <size>0x0</size>
         <alignment>0x4</alignment>
      </object_component>
      <object_component id="oc-6b">
         <name>.data.g_enc_edge_left</name>
         <load_address>0x20200318</load_address>
         <readwrite>true</readwrite>
         <run_address>0x20200318</run_address>
         <size>0x4</size>
         <alignment>0x4</alignment>
         <input_file_ref idref="fl-5"/>
      </object_component>
      <object_component id="oc-6d">
         <name>.data.g_enc_edge_right</name>
         <load_address>0x2020031c</load_address>
         <readwrite>true</readwrite>
         <run_address>0x2020031c</run_address>
         <size>0x4</size>
         <alignment>0x4</alignment>
         <input_file_ref idref="fl-5"/>
      </object_component>
      <object_component id="oc-80">
         <name>.data.g_timer_ticks</name>
         <load_address>0x2020033c</load_address>
         <readwrite>true</readwrite>
         <run_address>0x2020033c</run_address>
         <size>0x4</size>
         <alignment>0x4</alignment>
         <input_file_ref idref="fl-5"/>
      </object_component>
      <object_component id="oc-68">
         <name>.data.g_group1_entry</name>
         <load_address>0x20200328</load_address>
         <readwrite>true</readwrite>
         <run_address>0x20200328</run_address>
         <size>0x4</size>
         <alignment>0x4</alignment>
         <input_file_ref idref="fl-5"/>
      </object_component>
      <object_component id="oc-69">
         <name>.data.g_gpioa_entry</name>
         <load_address>0x20200324</load_address>
         <readwrite>true</readwrite>
         <run_address>0x20200324</run_address>
         <size>0x4</size>
         <alignment>0x4</alignment>
         <input_file_ref idref="fl-5"/>
      </object_component>
      <object_component id="oc-6a">
         <name>.data.g_gpio_pending</name>
         <load_address>0x20200320</load_address>
         <readwrite>true</readwrite>
         <run_address>0x20200320</run_address>
         <size>0x4</size>
         <alignment>0x4</alignment>
         <input_file_ref idref="fl-5"/>
      </object_component>
      <object_component id="oc-81">
         <name>.data.g_speed_left</name>
         <load_address>0x20200334</load_address>
         <readwrite>true</readwrite>
         <run_address>0x20200334</run_address>
         <size>0x4</size>
         <alignment>0x4</alignment>
         <input_file_ref idref="fl-5"/>
      </object_component>
      <object_component id="oc-82">
         <name>.data.g_speed_right</name>
         <load_address>0x20200338</load_address>
         <readwrite>true</readwrite>
         <run_address>0x20200338</run_address>
         <size>0x4</size>
         <alignment>0x4</alignment>
         <input_file_ref idref="fl-5"/>
      </object_component>
      <object_component id="oc-6c">
         <name>.data.g_speed_counter_left</name>
         <load_address>0x2020032c</load_address>
         <readwrite>true</readwrite>
         <run_address>0x2020032c</run_address>
         <size>0x4</size>
         <alignment>0x4</alignment>
         <input_file_ref idref="fl-5"/>
      </object_component>
      <object_component id="oc-6e">
         <name>.data.g_speed_counter_right</name>
         <load_address>0x20200330</load_address>
         <readwrite>true</readwrite>
         <run_address>0x20200330</run_address>
         <size>0x4</size>
         <alignment>0x4</alignment>
         <input_file_ref idref="fl-5"/>
      </object_component>
      <object_component id="oc-76">
         <name>.data.g_line_update_flag</name>
         <load_address>0x20200342</load_address>
         <readwrite>true</readwrite>
         <run_address>0x20200342</run_address>
         <size>0x1</size>
         <alignment>0x1</alignment>
         <input_file_ref idref="fl-7"/>
      </object_component>
      <object_component id="oc-72">
         <name>.data.recv0_buff</name>
         <load_address>0x20200294</load_address>
         <readwrite>true</readwrite>
         <run_address>0x20200294</run_address>
         <size>0x80</size>
         <alignment>0x1</alignment>
         <input_file_ref idref="fl-a"/>
      </object_component>
      <object_component id="oc-71">
         <name>.data.recv0_length</name>
         <load_address>0x20200340</load_address>
         <readwrite>true</readwrite>
         <run_address>0x20200340</run_address>
         <size>0x2</size>
         <alignment>0x2</alignment>
         <input_file_ref idref="fl-a"/>
      </object_component>
      <object_component id="oc-73">
         <name>.data.recv0_flag</name>
         <load_address>0x20200343</load_address>
         <readwrite>true</readwrite>
         <run_address>0x20200343</run_address>
         <size>0x1</size>
         <alignment>0x1</alignment>
         <input_file_ref idref="fl-a"/>
      </object_component>
      <object_component id="oc-1d8">
         <name>.data.__aeabi_errno</name>
         <load_address>0x20200314</load_address>
         <readwrite>true</readwrite>
         <run_address>0x20200314</run_address>
         <size>0x4</size>
         <alignment>0x4</alignment>
         <input_file_ref idref="fl-3b"/>
      </object_component>
      <object_component id="oc-125">
         <name>.bss.gConfig</name>
         <uninitialized>true</uninitialized>
         <readwrite>true</readwrite>
         <run_address>0x20200244</run_address>
         <size>0x20</size>
         <alignment>0x4</alignment>
         <input_file_ref idref="fl-7"/>
      </object_component>
      <object_component id="oc-126">
         <name>.bss.gEnabled</name>
         <uninitialized>true</uninitialized>
         <readwrite>true</readwrite>
         <run_address>0x2020028f</run_address>
         <size>0x1</size>
         <alignment>0x1</alignment>
         <input_file_ref idref="fl-7"/>
      </object_component>
      <object_component id="oc-127">
         <name>.bss.gFilterInitialized</name>
         <uninitialized>true</uninitialized>
         <readwrite>true</readwrite>
         <run_address>0x20200290</run_address>
         <size>0x1</size>
         <alignment>0x1</alignment>
         <input_file_ref idref="fl-7"/>
      </object_component>
      <object_component id="oc-128">
         <name>.bss.gState</name>
         <uninitialized>true</uninitialized>
         <readwrite>true</readwrite>
         <run_address>0x20200291</run_address>
         <size>0x1</size>
         <alignment>0x1</alignment>
         <input_file_ref idref="fl-7"/>
      </object_component>
      <object_component id="oc-129">
         <name>.bss.gSensorBitmap</name>
         <uninitialized>true</uninitialized>
         <readwrite>true</readwrite>
         <run_address>0x2020028c</run_address>
         <size>0x2</size>
         <alignment>0x2</alignment>
         <input_file_ref idref="fl-7"/>
      </object_component>
      <object_component id="oc-12a">
         <name>.bss.gActiveCount</name>
         <uninitialized>true</uninitialized>
         <readwrite>true</readwrite>
         <run_address>0x2020028e</run_address>
         <size>0x1</size>
         <alignment>0x1</alignment>
         <input_file_ref idref="fl-7"/>
      </object_component>
      <object_component id="oc-12b">
         <name>.bss.gRawPosition</name>
         <uninitialized>true</uninitialized>
         <readwrite>true</readwrite>
         <run_address>0x20200280</run_address>
         <size>0x4</size>
         <alignment>0x4</alignment>
         <input_file_ref idref="fl-7"/>
      </object_component>
      <object_component id="oc-12c">
         <name>.bss.gFilteredPosition</name>
         <uninitialized>true</uninitialized>
         <readwrite>true</readwrite>
         <run_address>0x2020026c</run_address>
         <size>0x4</size>
         <alignment>0x4</alignment>
         <input_file_ref idref="fl-7"/>
      </object_component>
      <object_component id="oc-12d">
         <name>.bss.gError</name>
         <uninitialized>true</uninitialized>
         <readwrite>true</readwrite>
         <run_address>0x20200268</run_address>
         <size>0x4</size>
         <alignment>0x4</alignment>
         <input_file_ref idref="fl-7"/>
      </object_component>
      <object_component id="oc-12e">
         <name>.bss.gPreviousError</name>
         <uninitialized>true</uninitialized>
         <readwrite>true</readwrite>
         <run_address>0x2020027c</run_address>
         <size>0x4</size>
         <alignment>0x4</alignment>
         <input_file_ref idref="fl-7"/>
      </object_component>
      <object_component id="oc-12f">
         <name>.bss.gIntegral</name>
         <uninitialized>true</uninitialized>
         <readwrite>true</readwrite>
         <run_address>0x20200270</run_address>
         <size>0x4</size>
         <alignment>0x4</alignment>
         <input_file_ref idref="fl-7"/>
      </object_component>
      <object_component id="oc-130">
         <name>.bss.gDerivativeFiltered</name>
         <uninitialized>true</uninitialized>
         <readwrite>true</readwrite>
         <run_address>0x20200264</run_address>
         <size>0x4</size>
         <alignment>0x4</alignment>
         <input_file_ref idref="fl-7"/>
      </object_component>
      <object_component id="oc-131">
         <name>.bss.gOutput</name>
         <uninitialized>true</uninitialized>
         <readwrite>true</readwrite>
         <run_address>0x20200278</run_address>
         <size>0x4</size>
         <alignment>0x4</alignment>
         <input_file_ref idref="fl-7"/>
      </object_component>
      <object_component id="oc-132">
         <name>.bss.gTurnPPS</name>
         <uninitialized>true</uninitialized>
         <readwrite>true</readwrite>
         <run_address>0x20200288</run_address>
         <size>0x4</size>
         <alignment>0x4</alignment>
         <input_file_ref idref="fl-7"/>
      </object_component>
      <object_component id="oc-133">
         <name>.bss.gLeftTargetPPS</name>
         <uninitialized>true</uninitialized>
         <readwrite>true</readwrite>
         <run_address>0x20200274</run_address>
         <size>0x4</size>
         <alignment>0x4</alignment>
         <input_file_ref idref="fl-7"/>
      </object_component>
      <object_component id="oc-134">
         <name>.bss.gRightTargetPPS</name>
         <uninitialized>true</uninitialized>
         <readwrite>true</readwrite>
         <run_address>0x20200284</run_address>
         <size>0x4</size>
         <alignment>0x4</alignment>
         <input_file_ref idref="fl-7"/>
      </object_component>
      <object_component id="oc-a7">
         <name>.bss.g_leftController</name>
         <uninitialized>true</uninitialized>
         <readwrite>true</readwrite>
         <run_address>0x202001fc</run_address>
         <size>0x24</size>
         <alignment>0x4</alignment>
         <input_file_ref idref="fl-9"/>
      </object_component>
      <object_component id="oc-a8">
         <name>.bss.g_rightController</name>
         <uninitialized>true</uninitialized>
         <readwrite>true</readwrite>
         <run_address>0x20200220</run_address>
         <size>0x24</size>
         <alignment>0x4</alignment>
         <input_file_ref idref="fl-9"/>
      </object_component>
      <object_component id="oc-120">
         <name>.common:gPWM_0Backup</name>
         <uninitialized>true</uninitialized>
         <readwrite>true</readwrite>
         <run_address>0x2020015c</run_address>
         <size>0xa0</size>
         <alignment>0x4</alignment>
      </object_component>
      <object_component id="oc-121">
         <name>.common:gTIMER_TICKBackup</name>
         <uninitialized>true</uninitialized>
         <readwrite>true</readwrite>
         <run_address>0x20200000</run_address>
         <size>0xbc</size>
         <alignment>0x4</alignment>
      </object_component>
      <object_component id="oc-122">
         <name>.common:gLINE_TIMERBackup</name>
         <uninitialized>true</uninitialized>
         <readwrite>true</readwrite>
         <run_address>0x202000bc</run_address>
         <size>0xa0</size>
         <alignment>0x4</alignment>
      </object_component>
      <object_component id="oc-1a">
         <name>.stack</name>
         <uninitialized>true</uninitialized>
         <readwrite>true</readwrite>
         <run_address>0x20207e00</run_address>
         <size>0x4</size>
         <alignment>0x4</alignment>
         <input_file_ref idref="fl-32"/>
      </object_component>
      <object_component id="oc-276">
         <name>.stack</name>
         <uninitialized>true</uninitialized>
         <readwrite>true</readwrite>
         <run_address>0x20207e00</run_address>
         <size>0x0</size>
         <alignment>0x8</alignment>
      </object_component>
      <object_component id="oc-91">
         <name>.debug_loc</name>
         <load_address>0x0</load_address>
         <run_address>0x0</run_address>
         <size>0x1aa</size>
         <alignment>0x1</alignment>
         <input_file_ref idref="fl-2"/>
      </object_component>
      <object_component id="oc-11b">
         <name>.debug_loc</name>
         <load_address>0x1aa</load_address>
         <run_address>0x1aa</run_address>
         <size>0x109</size>
         <alignment>0x1</alignment>
         <input_file_ref idref="fl-3"/>
      </object_component>
      <object_component id="oc-36">
         <name>.debug_loc</name>
         <load_address>0x2b3</load_address>
         <run_address>0x2b3</run_address>
         <size>0xb6</size>
         <alignment>0x1</alignment>
         <input_file_ref idref="fl-5"/>
      </object_component>
      <object_component id="oc-136">
         <name>.debug_loc</name>
         <load_address>0x369</load_address>
         <run_address>0x369</run_address>
         <size>0x336</size>
         <alignment>0x1</alignment>
         <input_file_ref idref="fl-6"/>
      </object_component>
      <object_component id="oc-79">
         <name>.debug_loc</name>
         <load_address>0x69f</load_address>
         <run_address>0x69f</run_address>
         <size>0x332</size>
         <alignment>0x1</alignment>
         <input_file_ref idref="fl-7"/>
      </object_component>
      <object_component id="oc-a2">
         <name>.debug_loc</name>
         <load_address>0x9d1</load_address>
         <run_address>0x9d1</run_address>
         <size>0x15a</size>
         <alignment>0x1</alignment>
         <input_file_ref idref="fl-8"/>
      </object_component>
      <object_component id="oc-7f">
         <name>.debug_loc</name>
         <load_address>0xb2b</load_address>
         <run_address>0xb2b</run_address>
         <size>0x2ec</size>
         <alignment>0x1</alignment>
         <input_file_ref idref="fl-9"/>
      </object_component>
      <object_component id="oc-3c">
         <name>.debug_loc</name>
         <load_address>0xe17</load_address>
         <run_address>0xe17</run_address>
         <size>0x28b</size>
         <alignment>0x1</alignment>
         <input_file_ref idref="fl-a"/>
      </object_component>
      <object_component id="oc-19a">
         <name>.debug_loc</name>
         <load_address>0x10a2</load_address>
         <run_address>0x10a2</run_address>
         <size>0x13</size>
         <alignment>0x1</alignment>
         <input_file_ref idref="fl-18"/>
      </object_component>
      <object_component id="oc-10c">
         <name>.debug_loc</name>
         <load_address>0x10b5</load_address>
         <run_address>0x10b5</run_address>
         <size>0x1a68</size>
         <alignment>0x1</alignment>
         <input_file_ref idref="fl-19"/>
      </object_component>
      <object_component id="oc-17a">
         <name>.debug_loc</name>
         <load_address>0x2b1d</load_address>
         <run_address>0x2b1d</run_address>
         <size>0x7e4</size>
         <alignment>0x1</alignment>
         <input_file_ref idref="fl-1a"/>
      </object_component>
      <object_component id="oc-d9">
         <name>.debug_loc</name>
         <load_address>0x3301</load_address>
         <run_address>0x3301</run_address>
         <size>0x193</size>
         <alignment>0x1</alignment>
         <input_file_ref idref="fl-31"/>
      </object_component>
      <object_component id="oc-4c">
         <name>.debug_loc</name>
         <load_address>0x3494</load_address>
         <run_address>0x3494</run_address>
         <size>0xd8</size>
         <alignment>0x1</alignment>
         <input_file_ref idref="fl-32"/>
      </object_component>
      <object_component id="oc-ea">
         <name>.debug_loc</name>
         <load_address>0x356c</load_address>
         <run_address>0x356c</run_address>
         <size>0x424</size>
         <alignment>0x1</alignment>
         <input_file_ref idref="fl-34"/>
      </object_component>
      <object_component id="oc-59">
         <name>.debug_loc</name>
         <load_address>0x3990</load_address>
         <run_address>0x3990</run_address>
         <size>0x16c</size>
         <alignment>0x1</alignment>
         <input_file_ref idref="fl-37"/>
      </object_component>
      <object_component id="oc-57">
         <name>.debug_loc</name>
         <load_address>0x3afc</load_address>
         <run_address>0x3afc</run_address>
         <size>0x6f</size>
         <alignment>0x1</alignment>
         <input_file_ref idref="fl-38"/>
      </object_component>
      <object_component id="oc-4f">
         <name>.debug_loc</name>
         <load_address>0x3b6b</load_address>
         <run_address>0x3b6b</run_address>
         <size>0x167</size>
         <alignment>0x1</alignment>
         <input_file_ref idref="fl-39"/>
      </object_component>
      <object_component id="oc-189">
         <name>.debug_loc</name>
         <load_address>0x3cd2</load_address>
         <run_address>0x3cd2</run_address>
         <size>0x32d8</size>
         <alignment>0x1</alignment>
         <input_file_ref idref="fl-3a"/>
      </object_component>
      <object_component id="oc-1db">
         <name>.debug_loc</name>
         <load_address>0x6faa</load_address>
         <run_address>0x6faa</run_address>
         <size>0x101</size>
         <alignment>0x1</alignment>
         <input_file_ref idref="fl-3b"/>
      </object_component>
      <object_component id="oc-e6">
         <name>.debug_loc</name>
         <load_address>0x70ab</load_address>
         <run_address>0x70ab</run_address>
         <size>0x26</size>
         <alignment>0x1</alignment>
         <input_file_ref idref="fl-3c"/>
      </object_component>
      <object_component id="oc-1d4">
         <name>.debug_loc</name>
         <load_address>0x70d1</load_address>
         <run_address>0x70d1</run_address>
         <size>0x66</size>
         <alignment>0x1</alignment>
         <input_file_ref idref="fl-41"/>
      </object_component>
      <object_component id="oc-1ca">
         <name>.debug_loc</name>
         <load_address>0x7137</load_address>
         <run_address>0x7137</run_address>
         <size>0xbf</size>
         <alignment>0x1</alignment>
         <input_file_ref idref="fl-43"/>
      </object_component>
      <object_component id="oc-1d7">
         <name>.debug_loc</name>
         <load_address>0x71f6</load_address>
         <run_address>0x71f6</run_address>
         <size>0x33</size>
         <alignment>0x1</alignment>
         <input_file_ref idref="fl-47"/>
      </object_component>
      <object_component id="oc-213">
         <name>.debug_loc</name>
         <load_address>0x7229</load_address>
         <run_address>0x7229</run_address>
         <size>0x20</size>
         <alignment>0x1</alignment>
         <input_file_ref idref="fl-10d"/>
      </object_component>
      <object_component id="oc-de">
         <name>.debug_abbrev</name>
         <load_address>0x0</load_address>
         <run_address>0x0</run_address>
         <size>0x1d4</size>
         <alignment>0x1</alignment>
         <input_file_ref idref="fl-2"/>
      </object_component>
[...]
      </symbol>
      <symbol id="sm-9c">
         <name>I2C0_IRQHandler</name>
         <value>0x16bf</value>
         <object_component_ref idref="oc-33"/>
      </symbol>
      <symbol id="sm-9d">
         <name>I2C1_IRQHandler</name>
         <value>0x16bf</value>
         <object_component_ref idref="oc-33"/>
      </symbol>
      <symbol id="sm-9e">
         <name>AES_IRQHandler</name>
         <value>0x16bf</value>
         <object_component_ref idref="oc-33"/>
      </symbol>
      <symbol id="sm-9f">
         <name>RTC_IRQHandler</name>
         <value>0x16bf</value>
         <object_component_ref idref="oc-33"/>
      </symbol>
      <symbol id="sm-a0">
         <name>DMA_IRQHandler</name>
         <value>0x16bf</value>
         <object_component_ref idref="oc-33"/>
      </symbol>
      <symbol id="sm-bc">
         <name>Encoder_Init</name>
         <value>0x1e35</value>
         <object_component_ref idref="oc-bd"/>
      </symbol>
      <symbol id="sm-bd">
         <name>Encoder_GetSpeed</name>
         <value>0x20a1</value>
         <object_component_ref idref="oc-d1"/>
      </symbol>
      <symbol id="sm-be">
         <name>GROUP1_IRQHandler</name>
         <value>0x16c1</value>
         <object_component_ref idref="oc-34"/>
      </symbol>
      <symbol id="sm-bf">
         <name>g_group1_entry</name>
         <value>0x20200328</value>
         <object_component_ref idref="oc-68"/>
      </symbol>
      <symbol id="sm-c0">
         <name>g_gpioa_entry</name>
         <value>0x20200324</value>
         <object_component_ref idref="oc-69"/>
      </symbol>
      <symbol id="sm-c1">
         <name>g_gpio_pending</name>
         <value>0x20200320</value>
         <object_component_ref idref="oc-6a"/>
      </symbol>
      <symbol id="sm-c2">
         <name>g_enc_edge_left</name>
         <value>0x20200318</value>
         <object_component_ref idref="oc-6b"/>
      </symbol>
      <symbol id="sm-c3">
         <name>g_enc_edge_right</name>
         <value>0x2020031c</value>
         <object_component_ref idref="oc-6d"/>
      </symbol>
      <symbol id="sm-c4">
         <name>TIMA0_IRQHandler</name>
         <value>0x19fd</value>
         <object_component_ref idref="oc-45"/>
      </symbol>
      <symbol id="sm-c5">
         <name>g_timer_ticks</name>
         <value>0x2020033c</value>
         <object_component_ref idref="oc-80"/>
      </symbol>
      <symbol id="sm-d0">
         <name>Grayscale_ReadAll</name>
         <value>0x17bd</value>
         <object_component_ref idref="oc-135"/>
      </symbol>
      <symbol id="sm-11f">
         <name>LineFollow_Init</name>
         <value>0x1491</value>
         <object_component_ref idref="oc-be"/>
      </symbol>
      <symbol id="sm-120">
         <name>LineFollow_TimerInit</name>
         <value>0x1ff5</value>
         <object_component_ref idref="oc-bf"/>
      </symbol>
      <symbol id="sm-121">
         <name>LineFollow_Start</name>
         <value>0x21d5</value>
         <object_component_ref idref="oc-c0"/>
      </symbol>
      <symbol id="sm-122">
         <name>LineFollow_Update</name>
         <value>0x929</value>
         <object_component_ref idref="oc-c1"/>
      </symbol>
      <symbol id="sm-123">
         <name>LineFollow_GetSensorBitmap</name>
         <value>0x21b1</value>
         <object_component_ref idref="oc-cc"/>
      </symbol>
      <symbol id="sm-124">
         <name>LineFollow_GetActiveCount</name>
         <value>0x2175</value>
         <object_component_ref idref="oc-cd"/>
      </symbol>
      <symbol id="sm-125">
         <name>LineFollow_GetFilteredPosition</name>
         <value>0x218d</value>
         <object_component_ref idref="oc-c2"/>
      </symbol>
      <symbol id="sm-126">
         <name>LineFollow_GetError</name>
         <value>0x2181</value>
         <object_component_ref idref="oc-cb"/>
      </symbol>
      <symbol id="sm-127">
         <name>LineFollow_GetTurnPPS</name>
         <value>0x21c9</value>
         <object_component_ref idref="oc-ce"/>
      </symbol>
      <symbol id="sm-128">
         <name>LineFollow_GetLeftTargetPPS</name>
         <value>0x2199</value>
         <object_component_ref idref="oc-cf"/>
      </symbol>
      <symbol id="sm-129">
         <name>LineFollow_GetRightTargetPPS</name>
         <value>0x21a5</value>
         <object_component_ref idref="oc-d0"/>
      </symbol>
      <symbol id="sm-12a">
         <name>LineFollow_GetState</name>
         <value>0x21bd</value>
         <object_component_ref idref="oc-d4"/>
      </symbol>
      <symbol id="sm-12b">
         <name>TIMG6_IRQHandler</name>
         <value>0x206d</value>
         <object_component_ref idref="oc-40"/>
      </symbol>
      <symbol id="sm-12c">
         <name>g_line_update_flag</name>
         <value>0x20200342</value>
         <object_component_ref idref="oc-76"/>
      </symbol>
      <symbol id="sm-13a">
         <name>Motor_Init</name>
         <value>0x1ea5</value>
         <object_component_ref idref="oc-ba"/>
      </symbol>
      <symbol id="sm-13b">
         <name>Motor_SetSpeed</name>
         <value>0x12a5</value>
         <object_component_ref idref="oc-a1"/>
      </symbol>
      <symbol id="sm-15a">
         <name>SpeedControl_Init</name>
         <value>0x19a9</value>
         <object_component_ref idref="oc-bc"/>
      </symbol>
      <symbol id="sm-15b">
         <name>SpeedControl_SetTargetPPS</name>
         <value>0x1b81</value>
         <object_component_ref idref="oc-13f"/>
      </symbol>
      <symbol id="sm-15c">
         <name>SpeedControl_Update</name>
         <value>0x1f35</value>
         <object_component_ref idref="oc-7a"/>
      </symbol>
      <symbol id="sm-15d">
         <name>SpeedControl_GetLeftPWM</name>
         <value>0x21e1</value>
         <object_component_ref idref="oc-d2"/>
      </symbol>
      <symbol id="sm-15e">
         <name>SpeedControl_GetRightPWM</name>
         <value>0x21ed</value>
         <object_component_ref idref="oc-d3"/>
      </symbol>
      <symbol id="sm-16f">
         <name>USART_Init</name>
         <value>0x20b9</value>
         <object_component_ref idref="oc-bb"/>
      </symbol>
      <symbol id="sm-170">
         <name>USART_SendString</name>
         <value>0x1ed5</value>
         <object_component_ref idref="oc-db"/>
      </symbol>
      <symbol id="sm-171">
         <name>UART0_IRQHandler</name>
         <value>0x1bc5</value>
         <object_component_ref idref="oc-3a"/>
      </symbol>
      <symbol id="sm-172">
         <name>recv0_length</name>
         <value>0x20200340</value>
         <object_component_ref idref="oc-71"/>
      </symbol>
      <symbol id="sm-173">
         <name>recv0_buff</name>
         <value>0x20200294</value>
         <object_component_ref idref="oc-72"/>
      </symbol>
      <symbol id="sm-174">
         <name>recv0_flag</name>
         <value>0x20200343</value>
         <object_component_ref idref="oc-73"/>
      </symbol>
      <symbol id="sm-175">
         <name>__TI_ATRegion0_src_addr</name>
         <value>0x0</value>
      </symbol>
      <symbol id="sm-176">
         <name>__TI_ATRegion0_trg_addr</name>
         <value>0x0</value>
      </symbol>
      <symbol id="sm-177">
         <name>__TI_ATRegion0_region_sz</name>
         <value>0x0</value>
      </symbol>
      <symbol id="sm-178">
         <name>__TI_ATRegion1_src_addr</name>
         <value>0x0</value>
      </symbol>
      <symbol id="sm-179">
         <name>__TI_ATRegion1_trg_addr</name>
         <value>0x0</value>
      </symbol>
      <symbol id="sm-17a">
         <name>__TI_ATRegion1_region_sz</name>
         <value>0x0</value>
      </symbol>
      <symbol id="sm-17b">
         <name>__TI_ATRegion2_src_addr</name>
         <value>0x0</value>
      </symbol>
      <symbol id="sm-17c">
         <name>__TI_ATRegion2_trg_addr</name>
         <value>0x0</value>
      </symbol>
      <symbol id="sm-17d">
         <name>__TI_ATRegion2_region_sz</name>
         <value>0x0</value>
      </symbol>
      <symbol id="sm-186">
         <name>DL_Common_delayCycles</name>
         <value>0x21f9</value>
         <object_component_ref idref="oc-168"/>
      </symbol>
      <symbol id="sm-1a2">
         <name>DL_Timer_setClockConfig</name>
         <value>0x2051</value>
         <object_component_ref idref="oc-16c"/>
      </symbol>
      <symbol id="sm-1a3">
         <name>DL_Timer_initTimerMode</name>
         <value>0xfe9</value>
         <object_component_ref idref="oc-172"/>
      </symbol>
      <symbol id="sm-1a4">
         <name>DL_Timer_setCaptureCompareValue</name>
         <value>0x2139</value>
         <object_component_ref idref="oc-109"/>
      </symbol>
      <symbol id="sm-1a5">
         <name>DL_Timer_setCaptCompUpdateMethod</name>
         <value>0x2035</value>
         <object_component_ref idref="oc-16f"/>
      </symbol>
      <symbol id="sm-1a6">
         <name>DL_Timer_setCaptureCompareOutCtl</name>
         <value>0x2089</value>
         <object_component_ref idref="oc-16e"/>
      </symbol>
      <symbol id="sm-1a7">
         <name>DL_Timer_initFourCCPWMMode</name>
         <value>0xde1</value>
         <object_component_ref idref="oc-16d"/>
      </symbol>
      <symbol id="sm-1b4">
         <name>DL_UART_init</name>
         <value>0x1b39</value>
         <object_component_ref idref="oc-17d"/>
      </symbol>
      <symbol id="sm-1b5">
         <name>DL_UART_setClockConfig</name>
         <value>0x2115</value>
         <object_component_ref idref="oc-177"/>
      </symbol>
      <symbol id="sm-1c6">
         <name>snprintf</name>
         <value>0x1aed</value>
         <object_component_ref idref="oc-d5"/>
      </symbol>
      <symbol id="sm-1d1">
         <name>_c_int00_noargs</name>
         <value>0x1f85</value>
         <object_component_ref idref="oc-61"/>
      </symbol>
      <symbol id="sm-1d2">
         <name>__stack</name>
         <value>0x20207e00</value>
         <object_component_ref idref="oc-1a"/>
      </symbol>
      <symbol id="sm-1de">
         <name>__TI_auto_init_nobinit_nopinit</name>
         <value>0x1d81</value>
         <object_component_ref idref="oc-e7"/>
      </symbol>
      <symbol id="sm-1e6">
         <name>_system_pre_init</name>
         <value>0x2223</value>
         <object_component_ref idref="oc-8c"/>
      </symbol>
      <symbol id="sm-1f1">
         <name>__TI_zero_init_nomemset</name>
         <value>0x20e9</value>
         <object_component_ref idref="oc-58"/>
      </symbol>
      <symbol id="sm-1fa">
         <name>__TI_decompress_none</name>
         <value>0x2127</value>
         <object_component_ref idref="oc-20"/>
      </symbol>
      <symbol id="sm-205">
         <name>__TI_decompress_lzss</name>
         <value>0x1741</value>
         <object_component_ref idref="oc-1c"/>
      </symbol>
      <symbol id="sm-227">
         <name>__TI_printfi_nofloat</name>
         <value>0xc1</value>
         <object_component_ref idref="oc-18a"/>
      </symbol>
      <symbol id="sm-232">
         <name>__aeabi_errno_addr</name>
         <value>0x2205</value>
         <object_component_ref idref="oc-1b2"/>
      </symbol>
      <symbol id="sm-233">
         <name>__aeabi_errno</name>
         <value>0x20200314</value>
         <object_component_ref idref="oc-1d8"/>
      </symbol>
      <symbol id="sm-23d">
         <name>abort</name>
         <value>0x2215</value>
         <object_component_ref idref="oc-e0"/>
      </symbol>
      <symbol id="sm-24b">
         <name>atoi</name>
         <value>0x1cc9</value>
         <object_component_ref idref="oc-1aa"/>
      </symbol>
      <symbol id="sm-255">
         <name>memccpy</name>
         <value>0x1fd1</value>
         <object_component_ref idref="oc-19f"/>
      </symbol>
      <symbol id="sm-261">
         <name>wcslen</name>
         <value>0x2149</value>
         <object_component_ref idref="oc-1ae"/>
      </symbol>
      <symbol id="sm-264">
         <name>__aeabi_ctype_table_</name>
         <value>0x2230</value>
         <object_component_ref idref="oc-1d1"/>
      </symbol>
      <symbol id="sm-265">
         <name>__aeabi_ctype_table_C</name>
         <value>0x2230</value>
         <object_component_ref idref="oc-1d1"/>
      </symbol>
      <symbol id="sm-26d">
         <name>HOSTexit</name>
         <value>0x221b</value>
         <object_component_ref idref="oc-14b"/>
      </symbol>
      <symbol id="sm-26e">
         <name>C$$EXIT</name>
         <value>0x221a</value>
         <object_component_ref idref="oc-14b"/>
      </symbol>
      <symbol id="sm-27e">
         <name>__aeabi_fadd</name>
         <value>0x11d7</value>
         <object_component_ref idref="oc-101"/>
      </symbol>
      <symbol id="sm-27f">
         <name>__addsf3</name>
         <value>0x11d7</value>
         <object_component_ref idref="oc-101"/>
      </symbol>
      <symbol id="sm-280">
         <name>__aeabi_fsub</name>
         <value>0x11cd</value>
         <object_component_ref idref="oc-101"/>
      </symbol>
      <symbol id="sm-281">
         <name>__subsf3</name>
         <value>0x11cd</value>
         <object_component_ref idref="oc-101"/>
      </symbol>
      <symbol id="sm-287">
         <name>__muldsi3</name>
         <value>0x1df9</value>
         <object_component_ref idref="oc-140"/>
      </symbol>
      <symbol id="sm-28d">
         <name>__aeabi_fmul</name>
         <value>0x15b1</value>
         <object_component_ref idref="oc-c3"/>
      </symbol>
      <symbol id="sm-28e">
         <name>__mulsf3</name>
         <value>0x15b1</value>
         <object_component_ref idref="oc-c3"/>
      </symbol>
      <symbol id="sm-294">
         <name>__aeabi_fdiv</name>
         <value>0x163d</value>
         <object_component_ref idref="oc-13b"/>
      </symbol>
      <symbol id="sm-295">
         <name>__divsf3</name>
         <value>0x163d</value>
         <object_component_ref idref="oc-13b"/>
      </symbol>
      <symbol id="sm-29b">
         <name>__aeabi_f2iz</name>
         <value>0x1e6d</value>
         <object_component_ref idref="oc-c7"/>
      </symbol>
      <symbol id="sm-29c">
         <name>__fixsfsi</name>
         <value>0x1e6d</value>
         <object_component_ref idref="oc-c7"/>
      </symbol>
      <symbol id="sm-2a2">
         <name>__aeabi_i2f</name>
         <value>0x1d09</value>
         <object_component_ref idref="oc-f9"/>
      </symbol>
      <symbol id="sm-2a3">
         <name>__floatsisf</name>
         <value>0x1d09</value>
         <object_component_ref idref="oc-f9"/>
      </symbol>
      <symbol id="sm-2a9">
         <name>__aeabi_ui2f</name>
         <value>0x1f5d</value>
         <object_component_ref idref="oc-fd"/>
      </symbol>
      <symbol id="sm-2aa">
         <name>__floatunsisf</name>
         <value>0x1f5d</value>
         <object_component_ref idref="oc-fd"/>
      </symbol>
      <symbol id="sm-2b0">
         <name>__aeabi_lmul</name>
         <value>0x1fad</value>
         <object_component_ref idref="oc-1b7"/>
      </symbol>
      <symbol id="sm-2b1">
         <name>__muldi3</name>
         <value>0x1fad</value>
         <object_component_ref idref="oc-1b7"/>
      </symbol>
      <symbol id="sm-2b7">
         <name>__aeabi_fcmpeq</name>
         <value>0x1831</value>
         <object_component_ref idref="oc-105"/>
      </symbol>
      <symbol id="sm-2b8">
         <name>__aeabi_fcmplt</name>
         <value>0x1845</value>
         <object_component_ref idref="oc-105"/>
      </symbol>
      <symbol id="sm-2b9">
         <name>__aeabi_fcmple</name>
         <value>0x1859</value>
         <object_component_ref idref="oc-105"/>
      </symbol>
      <symbol id="sm-2ba">
         <name>__aeabi_fcmpge</name>
         <value>0x186d</value>
         <object_component_ref idref="oc-105"/>
      </symbol>
      <symbol id="sm-2bb">
         <name>__aeabi_fcmpgt</name>
         <value>0x1881</value>
         <object_component_ref idref="oc-105"/>
      </symbol>
      <symbol id="sm-2c1">
         <name>__aeabi_memcpy</name>
         <value>0x220d</value>
         <object_component_ref idref="oc-51"/>
      </symbol>
      <symbol id="sm-2c2">
         <name>__aeabi_memcpy4</name>
         <value>0x220d</value>
         <object_component_ref idref="oc-51"/>
      </symbol>
      <symbol id="sm-2c3">
         <name>__aeabi_memcpy8</name>
         <value>0x220d</value>
         <object_component_ref idref="oc-51"/>
      </symbol>
      <symbol id="sm-2ca">
         <name>__aeabi_memset</name>
         <value>0x2159</value>
         <object_component_ref idref="oc-19e"/>
      </symbol>
      <symbol id="sm-2cb">
         <name>__aeabi_memset4</name>
         <value>0x2159</value>
         <object_component_ref idref="oc-19e"/>
      </symbol>
      <symbol id="sm-2cc">
         <name>__aeabi_memset8</name>
         <value>0x2159</value>
         <object_component_ref idref="oc-19e"/>
      </symbol>
      <symbol id="sm-2d2">
         <name>__aeabi_uidiv</name>
         <value>0x1c89</value>
         <object_component_ref idref="oc-1a4"/>
      </symbol>
      <symbol id="sm-2d3">
         <name>__aeabi_uidivmod</name>
         <value>0x1c89</value>
         <object_component_ref idref="oc-1a4"/>
      </symbol>
      <symbol id="sm-2d9">
         <name>__aeabi_uldivmod</name>
         <value>0x2101</value>
         <object_component_ref idref="oc-1bc"/>
      </symbol>
      <symbol id="sm-2e2">
         <name>__eqsf2</name>
         <value>0x1dbd</value>
         <object_component_ref idref="oc-15e"/>
      </symbol>
      <symbol id="sm-2e3">
         <name>__lesf2</name>
         <value>0x1dbd</value>
         <object_component_ref idref="oc-15e"/>
      </symbol>
      <symbol id="sm-2e4">
         <name>__ltsf2</name>
         <value>0x1dbd</value>
         <object_component_ref idref="oc-15e"/>
      </symbol>
      <symbol id="sm-2e5">
         <name>__nesf2</name>
         <value>0x1dbd</value>
         <object_component_ref idref="oc-15e"/>
      </symbol>
      <symbol id="sm-2e6">
         <name>__cmpsf2</name>
         <value>0x1dbd</value>
         <object_component_ref idref="oc-15e"/>
      </symbol>
      <symbol id="sm-2e7">
         <name>__gtsf2</name>
         <value>0x1d45</value>
         <object_component_ref idref="oc-163"/>
      </symbol>
      <symbol id="sm-2e8">
         <name>__gesf2</name>
         <value>0x1d45</value>
         <object_component_ref idref="oc-163"/>
      </symbol>
      <symbol id="sm-2ee">
         <name>__udivmoddi4</name>
         <value>0x1355</value>
         <object_component_ref idref="oc-1dd"/>
      </symbol>
      <symbol id="sm-2f4">
         <name>__aeabi_llsl</name>
         <value>0x2015</value>
         <object_component_ref idref="oc-215"/>
      </symbol>
      <symbol id="sm-2f5">
         <name>__ashldi3</name>
         <value>0x2015</value>
         <object_component_ref idref="oc-215"/>
      </symbol>
      <symbol id="sm-302">
         <name>__aeabi_idiv0</name>
         <value>0x1df7</value>
         <object_component_ref idref="oc-1cb"/>
      </symbol>
      <symbol id="sm-303">
         <name>__aeabi_ldiv0</name>
         <value>0x1e33</value>
         <object_component_ref idref="oc-214"/>
      </symbol>
      <symbol id="sm-31c">
         <name>memcpy</name>
         <value>0x13f7</value>
         <object_component_ref idref="oc-b0"/>
      </symbol>
      <symbol id="sm-32b">
         <name>memset</name>
         <value>0x1893</value>
         <object_component_ref idref="oc-117"/>
      </symbol>
      <symbol id="sm-32c">
         <name>__TI_static_base__</name>
         <value>0x0</value>
      </symbol>
      <symbol id="sm-32f">
         <name>__mpu_init</name>
         <value>0x0</value>
      </symbol>
      <symbol id="sm-330">
         <name>_system_post_cinit</name>
         <value>0x0</value>
      </symbol>
   </symbol_table>
   <title>Link successful</title>
</link_info>
