******************************************************************************
            TI ARM Clang Linker PC v4.0.4                      
******************************************************************************
>> Linked Fri Jul  3 12:55:44 2026

OUTPUT FILE NAME:   <MoterPWM.out>
ENTRY POINT SYMBOL: "_c_int00_noinit_noargs"  address: 000004bd


MEMORY CONFIGURATION

         name            origin    length      used     unused   attr    fill
----------------------  --------  ---------  --------  --------  ----  --------
  FLASH                 00000000   00020000  000005c0  0001fa40  R  X
  SRAM                  20200000   00008000  00000200  00007e00  RW X
  BCR_CONFIG            41c00000   000000ff  00000000  000000ff  R   
  BSL_CONFIG            41c00100   00000080  00000000  00000080  R   


SEGMENT ALLOCATION MAP

run origin  load origin   length   init length attrs members
----------  ----------- ---------- ----------- ----- -------
00000000    00000000    000005c0   000005c0    r-x
  00000000    00000000    000000c0   000000c0    r-- .intvecs
  000000c0    000000c0    000004e8   000004e8    r-x .text
  000005a8    000005a8    00000018   00000018    r-- .rodata
20207e00    20207e00    00000200   00000000    rw-
  20207e00    20207e00    00000200   00000000    rw- .stack


SECTION ALLOCATION MAP

 output                                  attributes/
section   page    origin      length       input sections
--------  ----  ----------  ----------   ----------------
.intvecs   0    00000000    000000c0     
                  00000000    000000c0     startup_mspm0g350x_ticlang.o (.intvecs)

.text      0    000000c0    000004e8     
                  000000c0    00000104     driverlib.a : dl_timer.o (.text.DL_Timer_initFourCCPWMMode)
                  000001c4    0000008c     ti_msp_dl_config.o (.text.SYSCFG_DL_PWM_0_init)
                  00000250    00000060     ti_msp_dl_config.o (.text.SYSCFG_DL_UART_0_init)
                  000002b0    00000048     driverlib.a : dl_uart.o (.text.DL_UART_init)
                  000002f8    00000046     empty.o (.text.main)
                  0000033e    00000002     startup_mspm0g350x_ticlang.o (.text.Default_Handler)
                  00000340    00000040     motor.o (.text.Motor_SetSpeed)
                  00000380    00000040     ti_msp_dl_config.o (.text.SYSCFG_DL_initPower)
                  000003c0    00000040     delay.o (.text.delay_ms)
                  00000400    0000003c     ti_msp_dl_config.o (.text.SYSCFG_DL_GPIO_init)
                  0000043c    00000030     motor.o (.text.Motor_Init)
                  0000046c    00000030     ti_msp_dl_config.o (.text.SYSCFG_DL_SYSCTL_init)
                  0000049c    00000020     motor.o (.text.Motor_Stop)
                  000004bc    00000020     libc.a : boot_cortex_m.c.obj (.text:_c_int00_noinit_noargs)
                  000004dc    0000001c     driverlib.a : dl_timer.o (.text.DL_Timer_setCaptCompUpdateMethod)
                  000004f8    0000001c                 : dl_timer.o (.text.DL_Timer_setClockConfig)
                  00000514    0000001c     ti_msp_dl_config.o (.text.SYSCFG_DL_SYSTICK_init)
                  00000530    0000001c     ti_msp_dl_config.o (.text.SYSCFG_DL_init)
                  0000054c    00000018     driverlib.a : dl_timer.o (.text.DL_Timer_setCaptureCompareOutCtl)
                  00000564    00000012                 : dl_uart.o (.text.DL_UART_setClockConfig)
                  00000576    00000002     --HOLE-- [fill = 0]
                  00000578    00000010                 : dl_timer.o (.text.DL_Timer_setCaptureCompareValue)
                  00000588    0000000a                 : dl_common.o (.text.DL_Common_delayCycles)
                  00000592    00000006     libc.a : exit.c.obj (.text:abort)
                  00000598    00000004     libsysbm.a : hostexit.c.obj (.text.HOSTexit)
                  0000059c    00000004     startup_mspm0g350x_ticlang.o (.text.Reset_Handler)
                  000005a0    00000004     libc.a : pre_init.c.obj (.text._system_pre_init)
                  000005a4    00000004     --HOLE-- [fill = 0]

.cinit     0    00000000    00000000     

.rodata    0    000005a8    00000018     
                  000005a8    0000000a     ti_msp_dl_config.o (.rodata.gUART_0Config)
                  000005b2    00000002     ti_msp_dl_config.o (.rodata.gUART_0ClockConfig)
                  000005b4    00000008     ti_msp_dl_config.o (.rodata.gPWM_0Config)
                  000005bc    00000003     ti_msp_dl_config.o (.rodata.gPWM_0ClockConfig)
                  000005bf    00000001     --HOLE-- [fill = 0]

.init_array 
*          0    00000000    00000000     UNINITIALIZED

.binit     0    00000000    00000000     

.stack     0    20207e00    00000200     UNINITIALIZED
                  20207e00    00000004     libc.a : boot_cortex_m.c.obj (.stack)
                  20207e04    000001fc     --HOLE--

__llvm_prf_cnts 
*          0    20200000    00000000     UNINITIALIZED

__llvm_prf_bits 
*          0    20200000    00000000     UNINITIALIZED

MODULE SUMMARY

       Module                         code   ro data   rw data
       ------                         ----   -------   -------
    .\
       ti_msp_dl_config.o             464    23        0      
       startup_mspm0g350x_ticlang.o   6      192       0      
       motor.o                        144    0         0      
       empty.o                        70     0         0      
       delay.o                        64     0         0      
    +--+------------------------------+------+---------+---------+
       Total:                         748    215       0      
                                                              
    D:/ti/mspm0_sdk_2_10_00_04/source/ti/driverlib/lib/ticlang/m0p/mspm0g1x0x_g3x0x/driverlib.a
       dl_timer.o                     356    0         0      
       dl_uart.o                      90     0         0      
       dl_common.o                    10     0         0      
    +--+------------------------------+------+---------+---------+
       Total:                         456    0         0      
                                                              
    D:\ti\ccs2050\ccs\tools\compiler\ti-cgt-armllvm_4.0.4.LTS\lib\armv6m-ti-none-eabi/c/libc.a
       boot_cortex_m.c.obj            32     0         0      
       exit.c.obj                     6      0         0      
       pre_init.c.obj                 4      0         0      
    +--+------------------------------+------+---------+---------+
       Total:                         42     0         0      
                                                              
    D:\ti\ccs2050\ccs\tools\compiler\ti-cgt-armllvm_4.0.4.LTS\lib\armv6m-ti-none-eabi/c/libsysbm.a
       hostexit.c.obj                 4      0         0      
    +--+------------------------------+------+---------+---------+
       Total:                         4      0         0      
                                                              
       Stack:                         0      0         512    
    +--+------------------------------+------+---------+---------+
       Grand Total:                   1250   215       512    


GLOBAL SYMBOLS: SORTED ALPHABETICALLY BY Name 

address   name                            
-------   ----                            
0000033f  ADC0_IRQHandler                 
0000033f  ADC1_IRQHandler                 
0000033f  AES_IRQHandler                  
00000598  C$$EXIT                         
0000033f  CANFD0_IRQHandler               
0000033f  DAC0_IRQHandler                 
00000589  DL_Common_delayCycles           
000000c1  DL_Timer_initFourCCPWMMode      
000004dd  DL_Timer_setCaptCompUpdateMethod
0000054d  DL_Timer_setCaptureCompareOutCtl
00000579  DL_Timer_setCaptureCompareValue 
000004f9  DL_Timer_setClockConfig         
000002b1  DL_UART_init                    
00000565  DL_UART_setClockConfig          
0000033f  DMA_IRQHandler                  
0000033f  Default_Handler                 
0000033f  GROUP0_IRQHandler               
0000033f  GROUP1_IRQHandler               
00000599  HOSTexit                        
0000033f  HardFault_Handler               
0000033f  I2C0_IRQHandler                 
0000033f  I2C1_IRQHandler                 
0000043d  Motor_Init                      
00000341  Motor_SetSpeed                  
0000049d  Motor_Stop                      
0000033f  NMI_Handler                     
0000033f  PendSV_Handler                  
0000033f  RTC_IRQHandler                  
0000059d  Reset_Handler                   
0000033f  SPI0_IRQHandler                 
0000033f  SPI1_IRQHandler                 
0000033f  SVC_Handler                     
00000401  SYSCFG_DL_GPIO_init             
000001c5  SYSCFG_DL_PWM_0_init            
0000046d  SYSCFG_DL_SYSCTL_init           
00000515  SYSCFG_DL_SYSTICK_init          
00000251  SYSCFG_DL_UART_0_init           
00000531  SYSCFG_DL_init                  
00000381  SYSCFG_DL_initPower             
0000033f  SysTick_Handler                 
0000033f  TIMA0_IRQHandler                
0000033f  TIMA1_IRQHandler                
0000033f  TIMG0_IRQHandler                
0000033f  TIMG12_IRQHandler               
0000033f  TIMG6_IRQHandler                
0000033f  TIMG7_IRQHandler                
0000033f  TIMG8_IRQHandler                
0000033f  UART0_IRQHandler                
0000033f  UART1_IRQHandler                
0000033f  UART2_IRQHandler                
0000033f  UART3_IRQHandler                
20208000  __STACK_END                     
00000200  __STACK_SIZE                    
00000000  __TI_ATRegion0_region_sz        
00000000  __TI_ATRegion0_src_addr         
00000000  __TI_ATRegion0_trg_addr         
00000000  __TI_ATRegion1_region_sz        
00000000  __TI_ATRegion1_src_addr         
00000000  __TI_ATRegion1_trg_addr         
00000000  __TI_ATRegion2_region_sz        
00000000  __TI_ATRegion2_src_addr         
00000000  __TI_ATRegion2_trg_addr         
00000000  __TI_CINIT_Base                 
00000000  __TI_CINIT_Limit                
00000000  __TI_CINIT_Warm                 
ffffffff  __TI_pprof_out_hndl             
ffffffff  __TI_prof_data_size             
ffffffff  __TI_prof_data_start            
00000000  __TI_static_base__              
ffffffff  __binit__                       
UNDEFED   __mpu_init                      
20207e00  __stack                         
20200000  __start___llvm_prf_bits         
20200000  __start___llvm_prf_cnts         
20200000  __stop___llvm_prf_bits          
20200000  __stop___llvm_prf_cnts          
000004bd  _c_int00_noinit_noargs          
000005a1  _system_pre_init                
00000593  abort                           
ffffffff  binit                           
000003c1  delay_ms                        
00000000  interruptVectors                
000002f9  main                            


GLOBAL SYMBOLS: SORTED BY Symbol Address 

address   name                            
-------   ----                            
00000000  __TI_ATRegion0_region_sz        
00000000  __TI_ATRegion0_src_addr         
00000000  __TI_ATRegion0_trg_addr         
00000000  __TI_ATRegion1_region_sz        
00000000  __TI_ATRegion1_src_addr         
00000000  __TI_ATRegion1_trg_addr         
00000000  __TI_ATRegion2_region_sz        
00000000  __TI_ATRegion2_src_addr         
00000000  __TI_ATRegion2_trg_addr         
00000000  __TI_CINIT_Base                 
00000000  __TI_CINIT_Limit                
00000000  __TI_CINIT_Warm                 
00000000  __TI_static_base__              
00000000  interruptVectors                
000000c1  DL_Timer_initFourCCPWMMode      
000001c5  SYSCFG_DL_PWM_0_init            
00000200  __STACK_SIZE                    
00000251  SYSCFG_DL_UART_0_init           
000002b1  DL_UART_init                    
000002f9  main                            
0000033f  ADC0_IRQHandler                 
0000033f  ADC1_IRQHandler                 
0000033f  AES_IRQHandler                  
0000033f  CANFD0_IRQHandler               
0000033f  DAC0_IRQHandler                 
0000033f  DMA_IRQHandler                  
0000033f  Default_Handler                 
0000033f  GROUP0_IRQHandler               
0000033f  GROUP1_IRQHandler               
0000033f  HardFault_Handler               
0000033f  I2C0_IRQHandler                 
0000033f  I2C1_IRQHandler                 
0000033f  NMI_Handler                     
0000033f  PendSV_Handler                  
0000033f  RTC_IRQHandler                  
0000033f  SPI0_IRQHandler                 
0000033f  SPI1_IRQHandler                 
0000033f  SVC_Handler                     
0000033f  SysTick_Handler                 
0000033f  TIMA0_IRQHandler                
0000033f  TIMA1_IRQHandler                
0000033f  TIMG0_IRQHandler                
0000033f  TIMG12_IRQHandler               
0000033f  TIMG6_IRQHandler                
0000033f  TIMG7_IRQHandler                
0000033f  TIMG8_IRQHandler                
0000033f  UART0_IRQHandler                
0000033f  UART1_IRQHandler                
0000033f  UART2_IRQHandler                
0000033f  UART3_IRQHandler                
00000341  Motor_SetSpeed                  
00000381  SYSCFG_DL_initPower             
000003c1  delay_ms                        
00000401  SYSCFG_DL_GPIO_init             
0000043d  Motor_Init                      
0000046d  SYSCFG_DL_SYSCTL_init           
0000049d  Motor_Stop                      
000004bd  _c_int00_noinit_noargs          
000004dd  DL_Timer_setCaptCompUpdateMethod
000004f9  DL_Timer_setClockConfig         
00000515  SYSCFG_DL_SYSTICK_init          
00000531  SYSCFG_DL_init                  
0000054d  DL_Timer_setCaptureCompareOutCtl
00000565  DL_UART_setClockConfig          
00000579  DL_Timer_setCaptureCompareValue 
00000589  DL_Common_delayCycles           
00000593  abort                           
00000598  C$$EXIT                         
00000599  HOSTexit                        
0000059d  Reset_Handler                   
000005a1  _system_pre_init                
20200000  __start___llvm_prf_bits         
20200000  __start___llvm_prf_cnts         
20200000  __stop___llvm_prf_bits          
20200000  __stop___llvm_prf_cnts          
20207e00  __stack                         
20208000  __STACK_END                     
ffffffff  __TI_pprof_out_hndl             
ffffffff  __TI_prof_data_size             
ffffffff  __TI_prof_data_start            
ffffffff  __binit__                       
ffffffff  binit                           
UNDEFED   __mpu_init                      

[83 symbols]
