******************************************************************************
            TI ARM Clang Linker PC v4.0.4                      
******************************************************************************
>> Linked Sun Jul 12 16:42:00 2026

OUTPUT FILE NAME:   <MoterNEW.out>
ENTRY POINT SYMBOL: "_c_int00_noargs"  address: 00000569


MEMORY CONFIGURATION

         name            origin    length      used     unused   attr    fill
----------------------  --------  ---------  --------  --------  ----  --------
  FLASH                 00000000   00020000  000006b8  0001f948  R  X
  SRAM                  20200000   00008000  000002a0  00007d60  RW X
  BCR_CONFIG            41c00000   000000ff  00000000  000000ff  R   
  BSL_CONFIG            41c00100   00000080  00000000  00000080  R   


SEGMENT ALLOCATION MAP

run origin  load origin   length   init length attrs members
----------  ----------- ---------- ----------- ----- -------
00000000    00000000    000006b8   000006b8    r-x
  00000000    00000000    000000c0   000000c0    r-- .intvecs
  000000c0    000000c0    000005c8   000005c8    r-x .text
  00000688    00000688    00000018   00000018    r-- .rodata
  000006a0    000006a0    00000018   00000018    r-- .cinit
20200000    20200000    000000a0   00000000    rw-
  20200000    20200000    000000a0   00000000    rw- .bss
20207e00    20207e00    00000200   00000000    rw-
  20207e00    20207e00    00000200   00000000    rw- .stack


SECTION ALLOCATION MAP

 output                                  attributes/
section   page    origin      length       input sections
--------  ----  ----------  ----------   ----------------
.intvecs   0    00000000    000000c0     
                  00000000    000000c0     startup_mspm0g350x_ticlang.o (.intvecs)

.text      0    000000c0    000005c8     
                  000000c0    00000104     driverlib.a : dl_timer.o (.text.DL_Timer_initFourCCPWMMode)
                  000001c4    000000a4     motor.o (.text.Motor_SetSpeed)
                  00000268    00000090     empty.o (.text.main)
                  000002f8    0000008c     ti_msp_dl_config.o (.text.SYSCFG_DL_PWM_0_init)
                  00000384    00000060     ti_msp_dl_config.o (.text.SYSCFG_DL_GPIO_init)
                  000003e4    00000060     ti_msp_dl_config.o (.text.SYSCFG_DL_UART_0_init)
                  00000444    00000048     driverlib.a : dl_uart.o (.text.DL_UART_init)
                  0000048c    00000040     ti_msp_dl_config.o (.text.SYSCFG_DL_initPower)
                  000004cc    0000003c     libc.a : autoinit.c.obj (.text:__TI_auto_init_nobinit_nopinit)
                  00000508    00000030     motor.o (.text.Motor_Init)
                  00000538    00000030     ti_msp_dl_config.o (.text.SYSCFG_DL_SYSCTL_init)
                  00000568    00000028     libc.a : boot_cortex_m.c.obj (.text:_c_int00_noargs)
                  00000590    00000024     ti_msp_dl_config.o (.text.SYSCFG_DL_init)
                  000005b4    00000020     motor.o (.text.Motor_Brake)
                  000005d4    0000001c     driverlib.a : dl_timer.o (.text.DL_Timer_setCaptCompUpdateMethod)
                  000005f0    0000001c                 : dl_timer.o (.text.DL_Timer_setClockConfig)
                  0000060c    00000018                 : dl_timer.o (.text.DL_Timer_setCaptureCompareOutCtl)
                  00000624    00000016     libc.a : copy_zero_init.c.obj (.text:decompress:ZI:__TI_zero_init_nomemset)
                  0000063a    00000012     driverlib.a : dl_uart.o (.text.DL_UART_setClockConfig)
                  0000064c    00000010                 : dl_timer.o (.text.DL_Timer_setCaptureCompareValue)
                  0000065c    0000000e     delay.o (.text.delay_ms)
                  0000066a    0000000a     driverlib.a : dl_common.o (.text.DL_Common_delayCycles)
                  00000674    00000006     libc.a : exit.c.obj (.text:abort)
                  0000067a    00000004     libsysbm.a : hostexit.c.obj (.text.HOSTexit)
                  0000067e    00000004     startup_mspm0g350x_ticlang.o (.text.Reset_Handler)
                  00000682    00000004     libc.a : pre_init.c.obj (.text._system_pre_init)
                  00000686    00000002     startup_mspm0g350x_ticlang.o (.text.Default_Handler)

.cinit     0    000006a0    00000018     
                  000006a0    00000008     (.cinit..bss.load) [load image, compression = zero_init]
                  000006a8    00000004     (__TI_handler_table)
                  000006ac    00000008     (__TI_cinit_table)
                  000006b4    00000004     --HOLE-- [fill = 0]

.rodata    0    00000688    00000018     
                  00000688    0000000a     ti_msp_dl_config.o (.rodata.gUART_0Config)
                  00000692    00000002     ti_msp_dl_config.o (.rodata.gUART_0ClockConfig)
                  00000694    00000008     ti_msp_dl_config.o (.rodata.gPWM_0Config)
                  0000069c    00000003     ti_msp_dl_config.o (.rodata.gPWM_0ClockConfig)
                  0000069f    00000001     --HOLE-- [fill = 0]

.init_array 
*          0    00000000    00000000     UNINITIALIZED

.binit     0    00000000    00000000     

.bss       0    20200000    000000a0     UNINITIALIZED
                  20200000    000000a0     (.common:gPWM_0Backup)

.stack     0    20207e00    00000200     UNINITIALIZED
                  20207e00    00000004     libc.a : boot_cortex_m.c.obj (.stack)
                  20207e04    000001fc     --HOLE--

__llvm_prf_cnts 
*          0    20200000    00000000     UNINITIALIZED

__llvm_prf_bits 
*          0    20200000    00000000     UNINITIALIZED

MODULE SUMMARY

       Module                         code   ro data   rw data
       ------                         ----   -------   -------
    .\
       ti_msp_dl_config.o             480    23        160    
       motor.o                        244    0         0      
       startup_mspm0g350x_ticlang.o   6      192       0      
       empty.o                        144    0         0      
       delay.o                        14     0         0      
    +--+------------------------------+------+---------+---------+
       Total:                         888    215       160    
                                                              
    D:/ti/mspm0_sdk_2_10_00_04/source/ti/driverlib/lib/ticlang/m0p/mspm0g1x0x_g3x0x/driverlib.a
       dl_timer.o                     356    0         0      
       dl_uart.o                      90     0         0      
       dl_common.o                    10     0         0      
    +--+------------------------------+------+---------+---------+
       Total:                         456    0         0      
                                                              
    D:\ti\ccs2050\ccs\tools\compiler\ti-cgt-armllvm_4.0.4.LTS\lib\armv6m-ti-none-eabi/c/libc.a
       autoinit.c.obj                 60     0         0      
       boot_cortex_m.c.obj            40     0         0      
       copy_zero_init.c.obj           22     0         0      
       exit.c.obj                     6      0         0      
       pre_init.c.obj                 4      0         0      
    +--+------------------------------+------+---------+---------+
       Total:                         132    0         0      
                                                              
    D:\ti\ccs2050\ccs\tools\compiler\ti-cgt-armllvm_4.0.4.LTS\lib\armv6m-ti-none-eabi/c/libsysbm.a
       hostexit.c.obj                 4      0         0      
    +--+------------------------------+------+---------+---------+
       Total:                         4      0         0      
                                                              
       Stack:                         0      0         512    
       Linker Generated:              0      20        0      
    +--+------------------------------+------+---------+---------+
       Grand Total:                   1480   235       672    


LINKER GENERATED COPY TABLES

__TI_cinit_table @ 000006ac records: 1, size/record: 8, table size: 8
	.bss: load addr=000006a0, load size=00000008 bytes, run addr=20200000, run size=000000a0 bytes, compression=zero_init


LINKER GENERATED HANDLER TABLE

__TI_handler_table @ 000006a8 records: 1, size/record: 4, table size: 4
	index: 0, handler: __TI_zero_init


GLOBAL SYMBOLS: SORTED ALPHABETICALLY BY Name 

address   name                            
-------   ----                            
00000687  ADC0_IRQHandler                 
00000687  ADC1_IRQHandler                 
00000687  AES_IRQHandler                  
0000067a  C$$EXIT                         
00000687  CANFD0_IRQHandler               
00000687  DAC0_IRQHandler                 
0000066b  DL_Common_delayCycles           
000000c1  DL_Timer_initFourCCPWMMode      
000005d5  DL_Timer_setCaptCompUpdateMethod
0000060d  DL_Timer_setCaptureCompareOutCtl
0000064d  DL_Timer_setCaptureCompareValue 
000005f1  DL_Timer_setClockConfig         
00000445  DL_UART_init                    
0000063b  DL_UART_setClockConfig          
00000687  DMA_IRQHandler                  
00000687  Default_Handler                 
00000687  GROUP0_IRQHandler               
00000687  GROUP1_IRQHandler               
0000067b  HOSTexit                        
00000687  HardFault_Handler               
00000687  I2C0_IRQHandler                 
00000687  I2C1_IRQHandler                 
000005b5  Motor_Brake                     
00000509  Motor_Init                      
000001c5  Motor_SetSpeed                  
00000687  NMI_Handler                     
00000687  PendSV_Handler                  
00000687  RTC_IRQHandler                  
0000067f  Reset_Handler                   
00000687  SPI0_IRQHandler                 
00000687  SPI1_IRQHandler                 
00000687  SVC_Handler                     
00000385  SYSCFG_DL_GPIO_init             
000002f9  SYSCFG_DL_PWM_0_init            
00000539  SYSCFG_DL_SYSCTL_init           
000003e5  SYSCFG_DL_UART_0_init           
00000591  SYSCFG_DL_init                  
0000048d  SYSCFG_DL_initPower             
00000687  SysTick_Handler                 
00000687  TIMA0_IRQHandler                
00000687  TIMA1_IRQHandler                
00000687  TIMG0_IRQHandler                
00000687  TIMG12_IRQHandler               
00000687  TIMG6_IRQHandler                
00000687  TIMG7_IRQHandler                
00000687  TIMG8_IRQHandler                
00000687  UART0_IRQHandler                
00000687  UART1_IRQHandler                
00000687  UART2_IRQHandler                
00000687  UART3_IRQHandler                
20208000  __STACK_END                     
00000200  __STACK_SIZE                    
00000000  __TI_ATRegion0_region_sz        
00000000  __TI_ATRegion0_src_addr         
00000000  __TI_ATRegion0_trg_addr         
00000000  __TI_ATRegion1_region_sz        
00000000  __TI_ATRegion1_src_addr         
00000000  __TI_ATRegion1_trg_addr         
00000000  __TI_ATRegion2_region_sz        
00000000  __TI_ATRegion2_src_addr         
00000000  __TI_ATRegion2_trg_addr         
000006ac  __TI_CINIT_Base                 
000006b4  __TI_CINIT_Limit                
000006b4  __TI_CINIT_Warm                 
000006a8  __TI_Handler_Table_Base         
000006ac  __TI_Handler_Table_Limit        
000004cd  __TI_auto_init_nobinit_nopinit  
ffffffff  __TI_pprof_out_hndl             
ffffffff  __TI_prof_data_size             
ffffffff  __TI_prof_data_start            
00000000  __TI_static_base__              
00000625  __TI_zero_init_nomemset         
ffffffff  __binit__                       
UNDEFED   __mpu_init                      
20207e00  __stack                         
20200000  __start___llvm_prf_bits         
20200000  __start___llvm_prf_cnts         
20200000  __stop___llvm_prf_bits          
20200000  __stop___llvm_prf_cnts          
00000569  _c_int00_noargs                 
UNDEFED   _system_post_cinit              
00000683  _system_pre_init                
00000675  abort                           
ffffffff  binit                           
0000065d  delay_ms                        
20200000  gPWM_0Backup                    
00000000  interruptVectors                
00000269  main                            


GLOBAL SYMBOLS: SORTED BY Symbol Address 

address   name                            
-------   ----                            
00000000  __TI_ATRegion0_region_sz        
00000000  __TI_ATRegion0_src_addr         
00000000  __TI_ATRegion0_trg_addr         
00000000  __TI_ATRegion1_region_sz        
00000000  __TI_ATRegion1_src_addr         
00000000  __TI_ATRegion1_trg_addr         
00000000  __TI_ATRegion2_region_sz        
00000000  __TI_ATRegion2_src_addr         
00000000  __TI_ATRegion2_trg_addr         
00000000  __TI_static_base__              
00000000  interruptVectors                
000000c1  DL_Timer_initFourCCPWMMode      
000001c5  Motor_SetSpeed                  
00000200  __STACK_SIZE                    
00000269  main                            
000002f9  SYSCFG_DL_PWM_0_init            
00000385  SYSCFG_DL_GPIO_init             
000003e5  SYSCFG_DL_UART_0_init           
00000445  DL_UART_init                    
0000048d  SYSCFG_DL_initPower             
000004cd  __TI_auto_init_nobinit_nopinit  
00000509  Motor_Init                      
00000539  SYSCFG_DL_SYSCTL_init           
00000569  _c_int00_noargs                 
00000591  SYSCFG_DL_init                  
000005b5  Motor_Brake                     
000005d5  DL_Timer_setCaptCompUpdateMethod
000005f1  DL_Timer_setClockConfig         
0000060d  DL_Timer_setCaptureCompareOutCtl
00000625  __TI_zero_init_nomemset         
0000063b  DL_UART_setClockConfig          
0000064d  DL_Timer_setCaptureCompareValue 
0000065d  delay_ms                        
0000066b  DL_Common_delayCycles           
00000675  abort                           
0000067a  C$$EXIT                         
0000067b  HOSTexit                        
0000067f  Reset_Handler                   
00000683  _system_pre_init                
00000687  ADC0_IRQHandler                 
00000687  ADC1_IRQHandler                 
00000687  AES_IRQHandler                  
00000687  CANFD0_IRQHandler               
00000687  DAC0_IRQHandler                 
00000687  DMA_IRQHandler                  
00000687  Default_Handler                 
00000687  GROUP0_IRQHandler               
00000687  GROUP1_IRQHandler               
00000687  HardFault_Handler               
00000687  I2C0_IRQHandler                 
00000687  I2C1_IRQHandler                 
00000687  NMI_Handler                     
00000687  PendSV_Handler                  
00000687  RTC_IRQHandler                  
00000687  SPI0_IRQHandler                 
00000687  SPI1_IRQHandler                 
00000687  SVC_Handler                     
00000687  SysTick_Handler                 
00000687  TIMA0_IRQHandler                
00000687  TIMA1_IRQHandler                
00000687  TIMG0_IRQHandler                
00000687  TIMG12_IRQHandler               
00000687  TIMG6_IRQHandler                
00000687  TIMG7_IRQHandler                
00000687  TIMG8_IRQHandler                
00000687  UART0_IRQHandler                
00000687  UART1_IRQHandler                
00000687  UART2_IRQHandler                
00000687  UART3_IRQHandler                
000006a8  __TI_Handler_Table_Base         
000006ac  __TI_CINIT_Base                 
000006ac  __TI_Handler_Table_Limit        
000006b4  __TI_CINIT_Limit                
000006b4  __TI_CINIT_Warm                 
20200000  __start___llvm_prf_bits         
20200000  __start___llvm_prf_cnts         
20200000  __stop___llvm_prf_bits          
20200000  __stop___llvm_prf_cnts          
20200000  gPWM_0Backup                    
20207e00  __stack                         
20208000  __STACK_END                     
ffffffff  __TI_pprof_out_hndl             
ffffffff  __TI_prof_data_size             
ffffffff  __TI_prof_data_start            
ffffffff  __binit__                       
ffffffff  binit                           
UNDEFED   __mpu_init                      
UNDEFED   _system_post_cinit              

[88 symbols]
