******************************************************************************
            TI ARM Clang Linker PC v4.0.4                      
******************************************************************************
>> Linked Mon Jul 13 18:46:13 2026

OUTPUT FILE NAME:   <MoterNEW_Encode.out>
ENTRY POINT SYMBOL: "_c_int00_noargs"  address: 000014f5


MEMORY CONFIGURATION

         name            origin    length      used     unused   attr    fill
----------------------  --------  ---------  --------  --------  ----  --------
  FLASH                 00000000   00020000  00001960  0001e6a0  R  X
  SRAM                  20200000   00008000  0000040b  00007bf5  RW X
  BCR_CONFIG            41c00000   000000ff  00000000  000000ff  R   
  BSL_CONFIG            41c00100   00000080  00000000  00000080  R   


SEGMENT ALLOCATION MAP

run origin  load origin   length   init length attrs members
----------  ----------- ---------- ----------- ----- -------
00000000    00000000    00001960   00001960    r-x
  00000000    00000000    000000c0   000000c0    r-- .intvecs
  000000c0    000000c0    00001630   00001630    r-x .text
  000016f0    000016f0    00000240   00000240    r-- .rodata
  00001930    00001930    00000030   00000030    r-- .cinit
20200000    20200000    0000020b   00000000    rw-
  20200000    20200000    0000015c   00000000    rw- .bss
  2020015c    2020015c    000000af   00000000    rw- .data
20207e00    20207e00    00000200   00000000    rw-
  20207e00    20207e00    00000200   00000000    rw- .stack


SECTION ALLOCATION MAP

 output                                  attributes/
section   page    origin      length       input sections
--------  ----  ----------  ----------   ----------------
.intvecs   0    00000000    000000c0     
                  00000000    000000c0     startup_mspm0g350x_ticlang.o (.intvecs)

.text      0    000000c0    00001630     
                  000000c0    00000868     libc.a : _printfi.c.obj (.text:__TI_printfi_nofloat)
                  00000928    00000144     empty.o (.text.main)
                  00000a6c    00000104     driverlib.a : dl_timer.o (.text.DL_Timer_initFourCCPWMMode)
                  00000b70    000000fc                 : dl_timer.o (.text.DL_Timer_initTimerMode)
                  00000c6c    000000b0     motor.o (.text.Motor_SetSpeed)
                  00000d1c    000000a8     ti_msp_dl_config.o (.text.SYSCFG_DL_GPIO_init)
                  00000dc4    000000a2     libclang_rt.builtins.a : udivmoddi4.S.obj (.text)
                  00000e66    0000009a     libc.a : memcpy16.S.obj (.text:memcpy)
                  00000f00    0000008c     ti_msp_dl_config.o (.text.SYSCFG_DL_PWM_0_init)
                  00000f8c    00000080     encoder.o (.text.GROUP1_IRQHandler)
                  0000100c    0000007c     libc.a : copy_decompress_lzss.c.obj (.text:decompress:lzss)
                  00001088    00000062            : memset16.S.obj (.text:memset)
                  000010ea    00000002     startup_mspm0g350x_ticlang.o (.text.Default_Handler)
                  000010ec    00000060     ti_msp_dl_config.o (.text.SYSCFG_DL_UART_0_init)
                  0000114c    00000050     ti_msp_dl_config.o (.text.SYSCFG_DL_TIMER_TICK_init)
                  0000119c    00000048     driverlib.a : dl_uart.o (.text.DL_UART_init)
                  000011e4    00000048     ti_msp_dl_config.o (.text.SYSCFG_DL_initPower)
                  0000122c    00000048     encoder.o (.text.TIMA0_IRQHandler)
                  00001274    00000044     usart.o (.text.UART0_IRQHandler)
                  000012b8    00000040     ti_msp_dl_config.o (.text.SYSCFG_DL_SYSCTL_init)
                  000012f8    00000040     libclang_rt.builtins.a : aeabi_uidivmod.S.obj (.text.__aeabi_uidivmod)
                  00001338    00000040     libc.a : atoi.c.obj (.text.atoi)
                  00001378    0000003c            : autoinit.c.obj (.text:__TI_auto_init_nobinit_nopinit)
                  000013b4    0000003a     libclang_rt.builtins.a : muldsi3.S.obj (.text.__muldsi3)
                  000013ee    00000002                            : aeabi_div0.c.obj (.text.__aeabi_idiv0)
                  000013f0    00000038     encoder.o (.text.Encoder_Init)
                  00001428    00000038     libc.a : sprintf.c.obj (.text.sprintf)
                  00001460    00000034     ti_msp_dl_config.o (.text.SYSCFG_DL_init)
                  00001494    00000030     motor.o (.text.Motor_Init)
                  000014c4    00000030     usart.o (.text.USART_SendString)
                  000014f4    00000028     libc.a : boot_cortex_m.c.obj (.text:_c_int00_noargs)
                  0000151c    00000024     libclang_rt.builtins.a : muldi3.S.obj (.text.__muldi3)
                  00001540    00000022     libc.a : memccpy.c.obj (.text.memccpy)
                  00001562    00000002     libclang_rt.builtins.a : aeabi_div0.c.obj (.text.__aeabi_ldiv0)
                  00001564    0000001e                            : ashldi3.S.obj (.text.__ashldi3)
                  00001582    00000002     --HOLE-- [fill = 0]
                  00001584    0000001c     driverlib.a : dl_timer.o (.text.DL_Timer_setCaptCompUpdateMethod)
                  000015a0    0000001c                 : dl_timer.o (.text.DL_Timer_setClockConfig)
                  000015bc    00000018                 : dl_timer.o (.text.DL_Timer_setCaptureCompareOutCtl)
                  000015d4    00000018     encoder.o (.text.Encoder_GetSpeed)
                  000015ec    00000018     usart.o (.text.USART_Init)
                  00001604    00000018     libc.a : sprintf.c.obj (.text._outs)
                  0000161c    00000016            : copy_zero_init.c.obj (.text:decompress:ZI:__TI_zero_init_nomemset)
                  00001632    00000002     --HOLE-- [fill = 0]
                  00001634    00000014     libclang_rt.builtins.a : aeabi_uldivmod.S.obj (.text.__aeabi_uldivmod)
                  00001648    00000012     driverlib.a : dl_uart.o (.text.DL_UART_setClockConfig)
                  0000165a    00000012     libc.a : copy_decompress_none.c.obj (.text:decompress:none)
                  0000166c    00000010     driverlib.a : dl_timer.o (.text.DL_Timer_setCaptureCompareValue)
                  0000167c    00000010     libc.a : wcslen.c.obj (.text.wcslen)
                  0000168c    0000000e     libclang_rt.builtins.a : aeabi_memset.S.obj (.text.__aeabi_memset)
                  0000169a    0000000e     delay.o (.text.delay_ms)
                  000016a8    0000000e     libc.a : _printfi.c.obj (.text.strlen)
                  000016b6    0000000a     driverlib.a : dl_common.o (.text.DL_Common_delayCycles)
                  000016c0    0000000a     libc.a : sprintf.c.obj (.text._outc)
                  000016ca    00000002     --HOLE-- [fill = 0]
                  000016cc    00000008            : aeabi_portable.c.obj (.text.__aeabi_errno_addr)
                  000016d4    00000008     libclang_rt.builtins.a : aeabi_memcpy.S.obj (.text.__aeabi_memcpy)
                  000016dc    00000006     libc.a : exit.c.obj (.text:abort)
                  000016e2    00000004     libsysbm.a : hostexit.c.obj (.text.HOSTexit)
                  000016e6    00000004     startup_mspm0g350x_ticlang.o (.text.Reset_Handler)
                  000016ea    00000004     libc.a : pre_init.c.obj (.text._system_pre_init)
                  000016ee    00000002     --HOLE-- [fill = 0]

.cinit     0    00001930    00000030     
                  00001930    0000000c     (__TI_handler_table)
                  0000193c    00000009     (.cinit..data.load) [load image, compression = lzss]
                  00001945    00000003     --HOLE-- [fill = 0]
                  00001948    00000008     (.cinit..bss.load) [load image, compression = zero_init]
                  00001950    00000010     (__TI_cinit_table)

.rodata    0    000016f0    00000240     
                  000016f0    00000101     libc.a : aeabi_ctype.S.obj (.rodata:__aeabi_ctype_table_)
                  000017f1    0000003e     empty.o (.rodata.str1.11898133897667081452.1)
                  0000182f    0000003e     empty.o (.rodata.str1.17669528882079347314.1)
                  0000186d    0000002e     empty.o (.rodata.str1.14685083708502177989.1)
                  0000189b    00000026     empty.o (.rodata.str1.254342170260855183.1)
                  000018c1    0000001c     empty.o (.rodata.str1.9517790425240694019.1)
                  000018dd    00000003     ti_msp_dl_config.o (.rodata.gPWM_0ClockConfig)
                  000018e0    00000014     ti_msp_dl_config.o (.rodata.gTIMER_TICKTimerConfig)
                  000018f4    00000011     libc.a : _printfi.c.obj (.rodata.str1.10348868589481759720.1)
                  00001905    00000011            : _printfi.c.obj (.rodata.str1.15363888844622738466.1)
                  00001916    0000000a     ti_msp_dl_config.o (.rodata.gUART_0Config)
                  00001920    00000008     ti_msp_dl_config.o (.rodata.gPWM_0Config)
                  00001928    00000003     ti_msp_dl_config.o (.rodata.gTIMER_TICKClockConfig)
                  0000192b    00000002     ti_msp_dl_config.o (.rodata.gUART_0ClockConfig)
                  0000192d    00000003     --HOLE-- [fill = 0]

.init_array 
*          0    00000000    00000000     UNINITIALIZED

.binit     0    00000000    00000000     

.bss       0    20200000    0000015c     UNINITIALIZED
                  20200000    000000bc     (.common:gTIMER_TICKBackup)
                  202000bc    000000a0     (.common:gPWM_0Backup)

.data      0    2020015c    000000af     UNINITIALIZED
                  2020015c    00000080     usart.o (.data.recv0_buff)
                  202001dc    00000004     libc.a : aeabi_portable.c.obj (.data.__aeabi_errno)
                  202001e0    00000004     encoder.o (.data.g_enc_edge_left)
                  202001e4    00000004     encoder.o (.data.g_enc_edge_right)
                  202001e8    00000004     encoder.o (.data.g_gpio_pending)
                  202001ec    00000004     encoder.o (.data.g_gpioa_entry)
                  202001f0    00000004     encoder.o (.data.g_group1_entry)
                  202001f4    00000004     encoder.o (.data.g_speed_counter_left)
                  202001f8    00000004     encoder.o (.data.g_speed_counter_right)
                  202001fc    00000004     encoder.o (.data.g_speed_left)
                  20200200    00000004     encoder.o (.data.g_speed_right)
                  20200204    00000004     encoder.o (.data.g_timer_ticks)
                  20200208    00000002     usart.o (.data.recv0_length)
                  2020020a    00000001     usart.o (.data.recv0_flag)

.stack     0    20207e00    00000200     UNINITIALIZED
                  20207e00    00000004     libc.a : boot_cortex_m.c.obj (.stack)
                  20207e04    000001fc     --HOLE--

__llvm_prf_cnts 
*          0    20200000    00000000     UNINITIALIZED

__llvm_prf_bits 
*          0    20200000    00000000     UNINITIALIZED

MODULE SUMMARY

       Module                         code   ro data   rw data
       ------                         ----   -------   -------
    .\
       ti_msp_dl_config.o             672    46        348    
       empty.o                        324    236       0      
       encoder.o                      280    0         40     
       usart.o                        140    0         131    
       motor.o                        224    0         0      
       startup_mspm0g350x_ticlang.o   6      192       0      
       delay.o                        14     0         0      
    +--+------------------------------+------+---------+---------+
       Total:                         1660   474       519    
                                                              
    D:/ti/mspm0_sdk_2_10_00_04/source/ti/driverlib/lib/ticlang/m0p/mspm0g1x0x_g3x0x/driverlib.a
       dl_timer.o                     608    0         0      
       dl_uart.o                      90     0         0      
       dl_common.o                    10     0         0      
    +--+------------------------------+------+---------+---------+
       Total:                         708    0         0      
                                                              
    D:\ti\ccs2050\ccs\tools\compiler\ti-cgt-armllvm_4.0.4.LTS\lib\armv6m-ti-none-eabi/c/libc.a
       _printfi.c.obj                 2166   34        0      
       aeabi_ctype.S.obj              0      257       0      
       memcpy16.S.obj                 154    0         0      
       copy_decompress_lzss.c.obj     124    0         0      
       memset16.S.obj                 98     0         0      
       sprintf.c.obj                  90     0         0      
       atoi.c.obj                     64     0         0      
       autoinit.c.obj                 60     0         0      
       boot_cortex_m.c.obj            40     0         0      
       memccpy.c.obj                  34     0         0      
       copy_zero_init.c.obj           22     0         0      
       copy_decompress_none.c.obj     18     0         0      
       wcslen.c.obj                   16     0         0      
       aeabi_portable.c.obj           8      0         4      
       exit.c.obj                     6      0         0      
       pre_init.c.obj                 4      0         0      
    +--+------------------------------+------+---------+---------+
       Total:                         2904   291       4      
                                                              
    D:\ti\ccs2050\ccs\tools\compiler\ti-cgt-armllvm_4.0.4.LTS\lib\armv6m-ti-none-eabi/c/libsysbm.a
       hostexit.c.obj                 4      0         0      
    +--+------------------------------+------+---------+---------+
       Total:                         4      0         0      
                                                              
    D:\ti\ccs2050\ccs\tools\compiler\ti-cgt-armllvm_4.0.4.LTS\lib\armv6m-ti-none-eabi/libclang_rt.builtins.a
       udivmoddi4.S.obj               162    0         0      
       aeabi_uidivmod.S.obj           64     0         0      
       muldsi3.S.obj                  58     0         0      
       muldi3.S.obj                   36     0         0      
       ashldi3.S.obj                  30     0         0      
       aeabi_uldivmod.S.obj           20     0         0      
       aeabi_memset.S.obj             14     0         0      
       aeabi_memcpy.S.obj             8      0         0      
       aeabi_div0.c.obj               4      0         0      
    +--+------------------------------+------+---------+---------+
       Total:                         396    0         0      
                                                              
       Stack:                         0      0         512    
       Linker Generated:              0      45        0      
    +--+------------------------------+------+---------+---------+
       Grand Total:                   5672   810       1035   


LINKER GENERATED COPY TABLES

__TI_cinit_table @ 00001950 records: 2, size/record: 8, table size: 16
	.data: load addr=0000193c, load size=00000009 bytes, run addr=2020015c, run size=000000af bytes, compression=lzss
	.bss: load addr=00001948, load size=00000008 bytes, run addr=20200000, run size=0000015c bytes, compression=zero_init


LINKER GENERATED HANDLER TABLE

__TI_handler_table @ 00001930 records: 3, size/record: 4, table size: 12
	index: 0, handler: __TI_decompress_lzss
	index: 1, handler: __TI_decompress_none
	index: 2, handler: __TI_zero_init


GLOBAL SYMBOLS: SORTED ALPHABETICALLY BY Name 

address   name                            
-------   ----                            
000010eb  ADC0_IRQHandler                 
000010eb  ADC1_IRQHandler                 
000010eb  AES_IRQHandler                  
000016e2  C$$EXIT                         
000010eb  CANFD0_IRQHandler               
000010eb  DAC0_IRQHandler                 
000016b7  DL_Common_delayCycles           
00000a6d  DL_Timer_initFourCCPWMMode      
00000b71  DL_Timer_initTimerMode          
00001585  DL_Timer_setCaptCompUpdateMethod
000015bd  DL_Timer_setCaptureCompareOutCtl
0000166d  DL_Timer_setCaptureCompareValue 
000015a1  DL_Timer_setClockConfig         
0000119d  DL_UART_init                    
00001649  DL_UART_setClockConfig          
000010eb  DMA_IRQHandler                  
000010eb  Default_Handler                 
000015d5  Encoder_GetSpeed                
000013f1  Encoder_Init                    
000010eb  GROUP0_IRQHandler               
00000f8d  GROUP1_IRQHandler               
000016e3  HOSTexit                        
000010eb  HardFault_Handler               
000010eb  I2C0_IRQHandler                 
000010eb  I2C1_IRQHandler                 
00001495  Motor_Init                      
00000c6d  Motor_SetSpeed                  
000010eb  NMI_Handler                     
000010eb  PendSV_Handler                  
000010eb  RTC_IRQHandler                  
000016e7  Reset_Handler                   
000010eb  SPI0_IRQHandler                 
000010eb  SPI1_IRQHandler                 
000010eb  SVC_Handler                     
00000d1d  SYSCFG_DL_GPIO_init             
00000f01  SYSCFG_DL_PWM_0_init            
000012b9  SYSCFG_DL_SYSCTL_init           
0000114d  SYSCFG_DL_TIMER_TICK_init       
000010ed  SYSCFG_DL_UART_0_init           
00001461  SYSCFG_DL_init                  
000011e5  SYSCFG_DL_initPower             
000010eb  SysTick_Handler                 
0000122d  TIMA0_IRQHandler                
000010eb  TIMA1_IRQHandler                
000010eb  TIMG0_IRQHandler                
000010eb  TIMG12_IRQHandler               
000010eb  TIMG6_IRQHandler                
000010eb  TIMG7_IRQHandler                
000010eb  TIMG8_IRQHandler                
00001275  UART0_IRQHandler                
000010eb  UART1_IRQHandler                
000010eb  UART2_IRQHandler                
000010eb  UART3_IRQHandler                
000015ed  USART_Init                      
000014c5  USART_SendString                
20208000  __STACK_END                     
00000200  __STACK_SIZE                    
00000000  __TI_ATRegion0_region_sz        
00000000  __TI_ATRegion0_src_addr         
00000000  __TI_ATRegion0_trg_addr         
00000000  __TI_ATRegion1_region_sz        
00000000  __TI_ATRegion1_src_addr         
00000000  __TI_ATRegion1_trg_addr         
00000000  __TI_ATRegion2_region_sz        
00000000  __TI_ATRegion2_src_addr         
00000000  __TI_ATRegion2_trg_addr         
00001950  __TI_CINIT_Base                 
00001960  __TI_CINIT_Limit                
00001960  __TI_CINIT_Warm                 
00001930  __TI_Handler_Table_Base         
0000193c  __TI_Handler_Table_Limit        
00001379  __TI_auto_init_nobinit_nopinit  
0000100d  __TI_decompress_lzss            
0000165b  __TI_decompress_none            
ffffffff  __TI_pprof_out_hndl             
000000c1  __TI_printfi_nofloat            
ffffffff  __TI_prof_data_size             
ffffffff  __TI_prof_data_start            
00000000  __TI_static_base__              
0000161d  __TI_zero_init_nomemset         
000016f0  __aeabi_ctype_table_            
000016f0  __aeabi_ctype_table_C           
202001dc  __aeabi_errno                   
000016cd  __aeabi_errno_addr              
000013ef  __aeabi_idiv0                   
00001563  __aeabi_ldiv0                   
00001565  __aeabi_llsl                    
0000151d  __aeabi_lmul                    
000016d5  __aeabi_memcpy                  
000016d5  __aeabi_memcpy4                 
000016d5  __aeabi_memcpy8                 
0000168d  __aeabi_memset                  
0000168d  __aeabi_memset4                 
0000168d  __aeabi_memset8                 
000012f9  __aeabi_uidiv                   
000012f9  __aeabi_uidivmod                
00001635  __aeabi_uldivmod                
00001565  __ashldi3                       
ffffffff  __binit__                       
UNDEFED   __mpu_init                      
0000151d  __muldi3                        
000013b5  __muldsi3                       
20207e00  __stack                         
20200000  __start___llvm_prf_bits         
20200000  __start___llvm_prf_cnts         
20200000  __stop___llvm_prf_bits          
20200000  __stop___llvm_prf_cnts          
00000dc5  __udivmoddi4                    
000014f5  _c_int00_noargs                 
UNDEFED   _system_post_cinit              
000016eb  _system_pre_init                
000016dd  abort                           
00001339  atoi                            
ffffffff  binit                           
0000169b  delay_ms                        
202000bc  gPWM_0Backup                    
20200000  gTIMER_TICKBackup               
202001e0  g_enc_edge_left                 
202001e4  g_enc_edge_right                
202001e8  g_gpio_pending                  
202001ec  g_gpioa_entry                   
202001f0  g_group1_entry                  
20200204  g_timer_ticks                   
00000000  interruptVectors                
00000929  main                            
00001541  memccpy                         
00000e67  memcpy                          
00001089  memset                          
2020015c  recv0_buff                      
2020020a  recv0_flag                      
20200208  recv0_length                    
00001429  sprintf                         
0000167d  wcslen                          


GLOBAL SYMBOLS: SORTED BY Symbol Address 

address   name                            
-------   ----                            
00000000  __TI_ATRegion0_region_sz        
00000000  __TI_ATRegion0_src_addr         
00000000  __TI_ATRegion0_trg_addr         
00000000  __TI_ATRegion1_region_sz        
00000000  __TI_ATRegion1_src_addr         
00000000  __TI_ATRegion1_trg_addr         
00000000  __TI_ATRegion2_region_sz        
00000000  __TI_ATRegion2_src_addr         
00000000  __TI_ATRegion2_trg_addr         
00000000  __TI_static_base__              
00000000  interruptVectors                
000000c1  __TI_printfi_nofloat            
00000200  __STACK_SIZE                    
00000929  main                            
00000a6d  DL_Timer_initFourCCPWMMode      
00000b71  DL_Timer_initTimerMode          
00000c6d  Motor_SetSpeed                  
00000d1d  SYSCFG_DL_GPIO_init             
00000dc5  __udivmoddi4                    
00000e67  memcpy                          
00000f01  SYSCFG_DL_PWM_0_init            
00000f8d  GROUP1_IRQHandler               
0000100d  __TI_decompress_lzss            
00001089  memset                          
000010eb  ADC0_IRQHandler                 
000010eb  ADC1_IRQHandler                 
000010eb  AES_IRQHandler                  
000010eb  CANFD0_IRQHandler               
000010eb  DAC0_IRQHandler                 
000010eb  DMA_IRQHandler                  
000010eb  Default_Handler                 
000010eb  GROUP0_IRQHandler               
000010eb  HardFault_Handler               
000010eb  I2C0_IRQHandler                 
000010eb  I2C1_IRQHandler                 
000010eb  NMI_Handler                     
000010eb  PendSV_Handler                  
000010eb  RTC_IRQHandler                  
000010eb  SPI0_IRQHandler                 
000010eb  SPI1_IRQHandler                 
000010eb  SVC_Handler                     
000010eb  SysTick_Handler                 
000010eb  TIMA1_IRQHandler                
000010eb  TIMG0_IRQHandler                
000010eb  TIMG12_IRQHandler               
000010eb  TIMG6_IRQHandler                
000010eb  TIMG7_IRQHandler                
000010eb  TIMG8_IRQHandler                
000010eb  UART1_IRQHandler                
000010eb  UART2_IRQHandler                
000010eb  UART3_IRQHandler                
000010ed  SYSCFG_DL_UART_0_init           
0000114d  SYSCFG_DL_TIMER_TICK_init       
0000119d  DL_UART_init                    
000011e5  SYSCFG_DL_initPower             
0000122d  TIMA0_IRQHandler                
00001275  UART0_IRQHandler                
000012b9  SYSCFG_DL_SYSCTL_init           
000012f9  __aeabi_uidiv                   
000012f9  __aeabi_uidivmod                
00001339  atoi                            
00001379  __TI_auto_init_nobinit_nopinit  
000013b5  __muldsi3                       
000013ef  __aeabi_idiv0                   
000013f1  Encoder_Init                    
00001429  sprintf                         
00001461  SYSCFG_DL_init                  
00001495  Motor_Init                      
000014c5  USART_SendString                
000014f5  _c_int00_noargs                 
0000151d  __aeabi_lmul                    
0000151d  __muldi3                        
00001541  memccpy                         
00001563  __aeabi_ldiv0                   
00001565  __aeabi_llsl                    
00001565  __ashldi3                       
00001585  DL_Timer_setCaptCompUpdateMethod
000015a1  DL_Timer_setClockConfig         
000015bd  DL_Timer_setCaptureCompareOutCtl
000015d5  Encoder_GetSpeed                
000015ed  USART_Init                      
0000161d  __TI_zero_init_nomemset         
00001635  __aeabi_uldivmod                
00001649  DL_UART_setClockConfig          
0000165b  __TI_decompress_none            
0000166d  DL_Timer_setCaptureCompareValue 
0000167d  wcslen                          
0000168d  __aeabi_memset                  
0000168d  __aeabi_memset4                 
0000168d  __aeabi_memset8                 
0000169b  delay_ms                        
000016b7  DL_Common_delayCycles           
000016cd  __aeabi_errno_addr              
000016d5  __aeabi_memcpy                  
000016d5  __aeabi_memcpy4                 
000016d5  __aeabi_memcpy8                 
000016dd  abort                           
000016e2  C$$EXIT                         
000016e3  HOSTexit                        
000016e7  Reset_Handler                   
000016eb  _system_pre_init                
000016f0  __aeabi_ctype_table_            
000016f0  __aeabi_ctype_table_C           
00001930  __TI_Handler_Table_Base         
0000193c  __TI_Handler_Table_Limit        
00001950  __TI_CINIT_Base                 
00001960  __TI_CINIT_Limit                
00001960  __TI_CINIT_Warm                 
20200000  __start___llvm_prf_bits         
20200000  __start___llvm_prf_cnts         
20200000  __stop___llvm_prf_bits          
20200000  __stop___llvm_prf_cnts          
20200000  gTIMER_TICKBackup               
202000bc  gPWM_0Backup                    
2020015c  recv0_buff                      
202001dc  __aeabi_errno                   
202001e0  g_enc_edge_left                 
202001e4  g_enc_edge_right                
202001e8  g_gpio_pending                  
202001ec  g_gpioa_entry                   
202001f0  g_group1_entry                  
20200204  g_timer_ticks                   
20200208  recv0_length                    
2020020a  recv0_flag                      
20207e00  __stack                         
20208000  __STACK_END                     
ffffffff  __TI_pprof_out_hndl             
ffffffff  __TI_prof_data_size             
ffffffff  __TI_prof_data_start            
ffffffff  __binit__                       
ffffffff  binit                           
UNDEFED   __mpu_init                      
UNDEFED   _system_post_cinit              

[133 symbols]
