<?xml version="1.0" encoding="ISO-8859-1" ?>
<link_info>
   <banner>TI ARM Clang Linker PC v4.0.4.LTS</banner>
   <copyright>Copyright (c) 1996-2018 Texas Instruments Incorporated</copyright>
   <command_line>D:\ti\ccs2050\ccs\tools\compiler\ti-cgt-armllvm_4.0.4.LTS\bin\tiarmlnk -ID:\ti\ccs2050\ccs\tools\compiler\ti-cgt-armllvm_4.0.4.LTS\lib -o MoterNEW_Encode.out -mMoterNEW_Encode.map -iD:/ti/mspm0_sdk_2_10_00_04/source -iC:/Users/hp/workspace_ccstheia/MoterNEW_Encode -iC:/Users/hp/workspace_ccstheia/MoterNEW_Encode/Debug/syscfg -iD:/ti/ccs2050/ccs/tools/compiler/ti-cgt-armllvm_4.0.4.LTS/lib --diag_wrap=off --display_error_number --warn_sections --xml_link_info=MoterNEW_Encode_linkInfo.xml --rom_model ./delay.o ./empty.o ./ti_msp_dl_config.o ./startup_mspm0g350x_ticlang.o ./encoder.o ./motor.o ./usart.o -l./device_linker.cmd -ldevice.cmd.genlibs -llibc.a --start-group -llibc++.a -llibc++abi.a -llibc.a -llibsys.a -llibsysbm.a -llibclang_rt.builtins.a -llibclang_rt.profile.a --end-group --cg_opt_level=2</command_line>
   <link_time>0x6a536baa</link_time>
   <link_errors>0x0</link_errors>
   <output_file>C:\Users\hp\workspace_ccstheia\MoterNEW_Encode\Debug\MoterNEW_Encode.out</output_file>
   <entry_point>
      <name>_c_int00_noargs</name>
      <address>0x21c5</address>
   </entry_point>
   <input_file_list>
      <input_file id="fl-1">
         <path>C:\Users\hp\workspace_ccstheia\MoterNEW_Encode\Debug\.\</path>
         <kind>object</kind>
         <file>delay.o</file>
         <name>delay.o</name>
      </input_file>
      <input_file id="fl-2">
         <path>C:\Users\hp\workspace_ccstheia\MoterNEW_Encode\Debug\.\</path>
         <kind>object</kind>
         <file>empty.o</file>
         <name>empty.o</name>
      </input_file>
      <input_file id="fl-3">
         <path>C:\Users\hp\workspace_ccstheia\MoterNEW_Encode\Debug\.\</path>
         <kind>object</kind>
         <file>ti_msp_dl_config.o</file>
         <name>ti_msp_dl_config.o</name>
      </input_file>
      <input_file id="fl-4">
         <path>C:\Users\hp\workspace_ccstheia\MoterNEW_Encode\Debug\.\</path>
         <kind>object</kind>
         <file>startup_mspm0g350x_ticlang.o</file>
         <name>startup_mspm0g350x_ticlang.o</name>
      </input_file>
      <input_file id="fl-5">
         <path>C:\Users\hp\workspace_ccstheia\MoterNEW_Encode\Debug\.\</path>
         <kind>object</kind>
         <file>encoder.o</file>
         <name>encoder.o</name>
      </input_file>
      <input_file id="fl-6">
         <path>C:\Users\hp\workspace_ccstheia\MoterNEW_Encode\Debug\.\</path>
         <kind>object</kind>
         <file>motor.o</file>
         <name>motor.o</name>
      </input_file>
      <input_file id="fl-7">
         <path>C:\Users\hp\workspace_ccstheia\MoterNEW_Encode\Debug\.\</path>
         <kind>object</kind>
         <file>usart.o</file>
         <name>usart.o</name>
      </input_file>
      <input_file id="fl-14">
         <path>C:\Users\hp\workspace_ccstheia\MoterNEW_Encode\Debug\</path>
         <kind>object</kind>
         <file>&lt;internal&gt;</file>
         <name>&lt;internal&gt;</name>
      </input_file>
      <input_file id="fl-15">
         <path>D:\ti\mspm0_sdk_2_10_00_04\source\ti\driverlib\lib\ticlang\m0p\mspm0g1x0x_g3x0x\</path>
         <kind>archive</kind>
         <file>driverlib.a</file>
         <name>dl_common.o</name>
      </input_file>
      <input_file id="fl-16">
         <path>D:\ti\mspm0_sdk_2_10_00_04\source\ti\driverlib\lib\ticlang\m0p\mspm0g1x0x_g3x0x\</path>
         <kind>archive</kind>
         <file>driverlib.a</file>
         <name>dl_timer.o</name>
      </input_file>
      <input_file id="fl-17">
         <path>D:\ti\mspm0_sdk_2_10_00_04\source\ti\driverlib\lib\ticlang\m0p\mspm0g1x0x_g3x0x\</path>
         <kind>archive</kind>
         <file>driverlib.a</file>
         <name>dl_uart.o</name>
      </input_file>
      <input_file id="fl-2e">
         <path>D:\ti\ccs2050\ccs\tools\compiler\ti-cgt-armllvm_4.0.4.LTS\lib\armv6m-ti-none-eabi\c\</path>
         <kind>archive</kind>
         <file>libc.a</file>
         <name>printf.c.obj</name>
      </input_file>
      <input_file id="fl-2f">
         <path>D:\ti\ccs2050\ccs\tools\compiler\ti-cgt-armllvm_4.0.4.LTS\lib\armv6m-ti-none-eabi\c\</path>
         <kind>archive</kind>
         <file>libc.a</file>
         <name>_printfi.c.obj</name>
      </input_file>
      <input_file id="fl-30">
         <path>D:\ti\ccs2050\ccs\tools\compiler\ti-cgt-armllvm_4.0.4.LTS\lib\armv6m-ti-none-eabi\c\</path>
         <kind>archive</kind>
         <file>libc.a</file>
         <name>fputc.c.obj</name>
      </input_file>
      <input_file id="fl-31">
         <path>D:\ti\ccs2050\ccs\tools\compiler\ti-cgt-armllvm_4.0.4.LTS\lib\armv6m-ti-none-eabi\c\</path>
         <kind>archive</kind>
         <file>libc.a</file>
         <name>fputs.c.obj</name>
      </input_file>
      <input_file id="fl-32">
         <path>D:\ti\ccs2050\ccs\tools\compiler\ti-cgt-armllvm_4.0.4.LTS\lib\armv6m-ti-none-eabi\c\</path>
         <kind>archive</kind>
         <file>libc.a</file>
         <name>_io_perm.c.obj</name>
      </input_file>
      <input_file id="fl-33">
         <path>D:\ti\ccs2050\ccs\tools\compiler\ti-cgt-armllvm_4.0.4.LTS\lib\armv6m-ti-none-eabi\c\</path>
         <kind>archive</kind>
         <file>libc.a</file>
         <name>setvbuf.c.obj</name>
      </input_file>
      <input_file id="fl-34">
         <path>D:\ti\ccs2050\ccs\tools\compiler\ti-cgt-armllvm_4.0.4.LTS\lib\armv6m-ti-none-eabi\c\</path>
         <kind>archive</kind>
         <file>libc.a</file>
         <name>aeabi_portable.c.obj</name>
      </input_file>
      <input_file id="fl-35">
         <path>D:\ti\ccs2050\ccs\tools\compiler\ti-cgt-armllvm_4.0.4.LTS\lib\armv6m-ti-none-eabi\c\</path>
         <kind>archive</kind>
         <file>libc.a</file>
         <name>exit.c.obj</name>
      </input_file>
      <input_file id="fl-36">
         <path>D:\ti\ccs2050\ccs\tools\compiler\ti-cgt-armllvm_4.0.4.LTS\lib\armv6m-ti-none-eabi\c\</path>
         <kind>archive</kind>
         <file>libc.a</file>
         <name>_lock.c.obj</name>
      </input_file>
      <input_file id="fl-37">
         <path>D:\ti\ccs2050\ccs\tools\compiler\ti-cgt-armllvm_4.0.4.LTS\lib\armv6m-ti-none-eabi\c\</path>
         <kind>archive</kind>
         <file>libc.a</file>
         <name>_ltoa.c.obj</name>
      </input_file>
      <input_file id="fl-38">
         <path>D:\ti\ccs2050\ccs\tools\compiler\ti-cgt-armllvm_4.0.4.LTS\lib\armv6m-ti-none-eabi\c\</path>
         <kind>archive</kind>
         <file>libc.a</file>
         <name>assert.c.obj</name>
      </input_file>
      <input_file id="fl-39">
         <path>D:\ti\ccs2050\ccs\tools\compiler\ti-cgt-armllvm_4.0.4.LTS\lib\armv6m-ti-none-eabi\c\</path>
         <kind>archive</kind>
         <file>libc.a</file>
         <name>atoi.c.obj</name>
      </input_file>
      <input_file id="fl-3a">
         <path>D:\ti\ccs2050\ccs\tools\compiler\ti-cgt-armllvm_4.0.4.LTS\lib\armv6m-ti-none-eabi\c\</path>
         <kind>archive</kind>
         <file>libc.a</file>
         <name>defs.c.obj</name>
      </input_file>
      <input_file id="fl-3b">
         <path>D:\ti\ccs2050\ccs\tools\compiler\ti-cgt-armllvm_4.0.4.LTS\lib\armv6m-ti-none-eabi\c\</path>
         <kind>archive</kind>
         <file>libc.a</file>
         <name>memccpy.c.obj</name>
      </input_file>
      <input_file id="fl-3c">
         <path>D:\ti\ccs2050\ccs\tools\compiler\ti-cgt-armllvm_4.0.4.LTS\lib\armv6m-ti-none-eabi\c\</path>
         <kind>archive</kind>
         <file>libc.a</file>
         <name>memory.c.obj</name>
      </input_file>
      <input_file id="fl-3d">
         <path>D:\ti\ccs2050\ccs\tools\compiler\ti-cgt-armllvm_4.0.4.LTS\lib\armv6m-ti-none-eabi\c\</path>
         <kind>archive</kind>
         <file>libc.a</file>
         <name>boot_cortex_m.c.obj</name>
      </input_file>
      <input_file id="fl-3e">
         <path>D:\ti\ccs2050\ccs\tools\compiler\ti-cgt-armllvm_4.0.4.LTS\lib\armv6m-ti-none-eabi\c\</path>
         <kind>archive</kind>
         <file>libc.a</file>
         <name>mathacl_init.c.obj</name>
      </input_file>
      <input_file id="fl-3f">
         <path>D:\ti\ccs2050\ccs\tools\compiler\ti-cgt-armllvm_4.0.4.LTS\lib\armv6m-ti-none-eabi\c\</path>
         <kind>archive</kind>
         <file>libc.a</file>
         <name>autoinit.c.obj</name>
      </input_file>
      <input_file id="fl-40">
         <path>D:\ti\ccs2050\ccs\tools\compiler\ti-cgt-armllvm_4.0.4.LTS\lib\armv6m-ti-none-eabi\c\</path>
         <kind>archive</kind>
         <file>libc.a</file>
         <name>pre_init.c.obj</name>
      </input_file>
      <input_file id="fl-41">
         <path>D:\ti\ccs2050\ccs\tools\compiler\ti-cgt-armllvm_4.0.4.LTS\lib\armv6m-ti-none-eabi\c\</path>
         <kind>archive</kind>
         <file>libc.a</file>
         <name>cpy_tbl.c.obj</name>
      </input_file>
      <input_file id="fl-42">
         <path>D:\ti\ccs2050\ccs\tools\compiler\ti-cgt-armllvm_4.0.4.LTS\lib\armv6m-ti-none-eabi\c\</path>
         <kind>archive</kind>
         <file>libc.a</file>
         <name>copy_zero_init.c.obj</name>
      </input_file>
      <input_file id="fl-43">
         <path>D:\ti\ccs2050\ccs\tools\compiler\ti-cgt-armllvm_4.0.4.LTS\lib\armv6m-ti-none-eabi\c\</path>
         <kind>archive</kind>
         <file>libc.a</file>
         <name>copy_decompress_none.c.obj</name>
      </input_file>
      <input_file id="fl-44">
         <path>D:\ti\ccs2050\ccs\tools\compiler\ti-cgt-armllvm_4.0.4.LTS\lib\armv6m-ti-none-eabi\c\</path>
         <kind>archive</kind>
         <file>libc.a</file>
         <name>copy_decompress_lzss.c.obj</name>
      </input_file>
      <input_file id="fl-45">
         <path>D:\ti\ccs2050\ccs\tools\compiler\ti-cgt-armllvm_4.0.4.LTS\lib\armv6m-ti-none-eabi\c\</path>
         <kind>archive</kind>
         <file>libc.a</file>
         <name>s_frexp.c.obj</name>
      </input_file>
      <input_file id="fl-46">
         <path>D:\ti\ccs2050\ccs\tools\compiler\ti-cgt-armllvm_4.0.4.LTS\lib\armv6m-ti-none-eabi\c\</path>
         <kind>archive</kind>
         <file>libc.a</file>
         <name>s_scalbn.c.obj</name>
      </input_file>
      <input_file id="fl-47">
         <path>D:\ti\ccs2050\ccs\tools\compiler\ti-cgt-armllvm_4.0.4.LTS\lib\armv6m-ti-none-eabi\c\</path>
         <kind>archive</kind>
         <file>libc.a</file>
         <name>wcslen.c.obj</name>
      </input_file>
      <input_file id="fl-48">
         <path>D:\ti\ccs2050\ccs\tools\compiler\ti-cgt-armllvm_4.0.4.LTS\lib\armv6m-ti-none-eabi\c\</path>
         <kind>archive</kind>
         <file>libc.a</file>
         <name>sprintf.c.obj</name>
      </input_file>
      <input_file id="fl-49">
         <path>D:\ti\ccs2050\ccs\tools\compiler\ti-cgt-armllvm_4.0.4.LTS\lib\armv6m-ti-none-eabi\c\</path>
         <kind>archive</kind>
         <file>libc.a</file>
         <name>fflush.c.obj</name>
      </input_file>
      <input_file id="fl-4a">
         <path>D:\ti\ccs2050\ccs\tools\compiler\ti-cgt-armllvm_4.0.4.LTS\lib\armv6m-ti-none-eabi\c\</path>
         <kind>archive</kind>
         <file>libc.a</file>
         <name>fopen.c.obj</name>
      </input_file>
      <input_file id="fl-4b">
         <path>D:\ti\ccs2050\ccs\tools\compiler\ti-cgt-armllvm_4.0.4.LTS\lib\armv6m-ti-none-eabi\c\</path>
         <kind>archive</kind>
         <file>libc.a</file>
         <name>fseek.c.obj</name>
      </input_file>
      <input_file id="fl-4c">
         <path>D:\ti\ccs2050\ccs\tools\compiler\ti-cgt-armllvm_4.0.4.LTS\lib\armv6m-ti-none-eabi\c\</path>
         <kind>archive</kind>
         <file>libc.a</file>
         <name>aeabi_ctype.S.obj</name>
      </input_file>
      <input_file id="fl-4d">
         <path>D:\ti\ccs2050\ccs\tools\compiler\ti-cgt-armllvm_4.0.4.LTS\lib\armv6m-ti-none-eabi\c\</path>
         <kind>archive</kind>
         <file>libc.a</file>
         <name>args_main.c.obj</name>
      </input_file>
      <input_file id="fl-4e">
         <path>D:\ti\ccs2050\ccs\tools\compiler\ti-cgt-armllvm_4.0.4.LTS\lib\armv6m-ti-none-eabi\c\</path>
         <kind>archive</kind>
         <file>libc.a</file>
         <name>fclose.c.obj</name>
      </input_file>
      <input_file id="fl-ee">
         <path>D:\ti\ccs2050\ccs\tools\compiler\ti-cgt-armllvm_4.0.4.LTS\lib\armv6m-ti-none-eabi\c\</path>
         <kind>archive</kind>
         <file>libsysbm.a</file>
         <name>hostexit.c.obj</name>
      </input_file>
      <input_file id="fl-ef">
         <path>D:\ti\ccs2050\ccs\tools\compiler\ti-cgt-armllvm_4.0.4.LTS\lib\armv6m-ti-none-eabi\c\</path>
         <kind>archive</kind>
         <file>libsysbm.a</file>
         <name>write.c.obj</name>
      </input_file>
      <input_file id="fl-f0">
         <path>D:\ti\ccs2050\ccs\tools\compiler\ti-cgt-armllvm_4.0.4.LTS\lib\armv6m-ti-none-eabi\c\</path>
         <kind>archive</kind>
         <file>libsysbm.a</file>
         <name>host_device.c.obj</name>
      </input_file>
      <input_file id="fl-f1">
         <path>D:\ti\ccs2050\ccs\tools\compiler\ti-cgt-armllvm_4.0.4.LTS\lib\armv6m-ti-none-eabi\c\</path>
         <kind>archive</kind>
         <file>libsysbm.a</file>
         <name>remove.c.obj</name>
      </input_file>
      <input_file id="fl-f2">
         <path>D:\ti\ccs2050\ccs\tools\compiler\ti-cgt-armllvm_4.0.4.LTS\lib\armv6m-ti-none-eabi\c\</path>
         <kind>archive</kind>
         <file>libsysbm.a</file>
         <name>open.c.obj</name>
      </input_file>
      <input_file id="fl-f3">
         <path>D:\ti\ccs2050\ccs\tools\compiler\ti-cgt-armllvm_4.0.4.LTS\lib\armv6m-ti-none-eabi\c\</path>
         <kind>archive</kind>
         <file>libsysbm.a</file>
         <name>lseek.c.obj</name>
      </input_file>
      <input_file id="fl-f4">
         <path>D:\ti\ccs2050\ccs\tools\compiler\ti-cgt-armllvm_4.0.4.LTS\lib\armv6m-ti-none-eabi\c\</path>
         <kind>archive</kind>
         <file>libsysbm.a</file>
         <name>close.c.obj</name>
      </input_file>
      <input_file id="fl-f5">
         <path>D:\ti\ccs2050\ccs\tools\compiler\ti-cgt-armllvm_4.0.4.LTS\lib\armv6m-ti-none-eabi\c\</path>
         <kind>archive</kind>
         <file>libsysbm.a</file>
         <name>unlink.c.obj</name>
      </input_file>
      <input_file id="fl-f6">
         <path>D:\ti\ccs2050\ccs\tools\compiler\ti-cgt-armllvm_4.0.4.LTS\lib\armv6m-ti-none-eabi\c\</path>
         <kind>archive</kind>
         <file>libsysbm.a</file>
         <name>hostclose.c.obj</name>
      </input_file>
      <input_file id="fl-f7">
         <path>D:\ti\ccs2050\ccs\tools\compiler\ti-cgt-armllvm_4.0.4.LTS\lib\armv6m-ti-none-eabi\c\</path>
         <kind>archive</kind>
         <file>libsysbm.a</file>
         <name>hostlseek.c.obj</name>
      </input_file>
      <input_file id="fl-f8">
         <path>D:\ti\ccs2050\ccs\tools\compiler\ti-cgt-armllvm_4.0.4.LTS\lib\armv6m-ti-none-eabi\c\</path>
         <kind>archive</kind>
         <file>libsysbm.a</file>
         <name>hostopen.c.obj</name>
      </input_file>
      <input_file id="fl-f9">
         <path>D:\ti\ccs2050\ccs\tools\compiler\ti-cgt-armllvm_4.0.4.LTS\lib\armv6m-ti-none-eabi\c\</path>
         <kind>archive</kind>
         <file>libsysbm.a</file>
         <name>hostread.c.obj</name>
      </input_file>
      <input_file id="fl-fa">
         <path>D:\ti\ccs2050\ccs\tools\compiler\ti-cgt-armllvm_4.0.4.LTS\lib\armv6m-ti-none-eabi\c\</path>
         <kind>archive</kind>
         <file>libsysbm.a</file>
         <name>hostrename.c.obj</name>
      </input_file>
      <input_file id="fl-fb">
         <path>D:\ti\ccs2050\ccs\tools\compiler\ti-cgt-armllvm_4.0.4.LTS\lib\armv6m-ti-none-eabi\c\</path>
         <kind>archive</kind>
         <file>libsysbm.a</file>
         <name>hostunlink.c.obj</name>
      </input_file>
      <input_file id="fl-fc">
         <path>D:\ti\ccs2050\ccs\tools\compiler\ti-cgt-armllvm_4.0.4.LTS\lib\armv6m-ti-none-eabi\c\</path>
         <kind>archive</kind>
         <file>libsysbm.a</file>
         <name>hostwrite.c.obj</name>
      </input_file>
      <input_file id="fl-fd">
         <path>D:\ti\ccs2050\ccs\tools\compiler\ti-cgt-armllvm_4.0.4.LTS\lib\armv6m-ti-none-eabi\c\</path>
         <kind>archive</kind>
         <file>libsysbm.a</file>
         <name>trgmsg.c.obj</name>
      </input_file>
      <input_file id="fl-fe">
         <path>D:\ti\ccs2050\ccs\tools\compiler\ti-cgt-armllvm_4.0.4.LTS\lib\armv6m-ti-none-eabi\</path>
         <kind>archive</kind>
         <file>libclang_rt.builtins.a</file>
         <name>adddf3.S.obj</name>
      </input_file>
      <input_file id="fl-ff">
         <path>D:\ti\ccs2050\ccs\tools\compiler\ti-cgt-armllvm_4.0.4.LTS\lib\armv6m-ti-none-eabi\</path>
         <kind>archive</kind>
         <file>libclang_rt.builtins.a</file>
         <name>muldf3.S.obj</name>
      </input_file>
      <input_file id="fl-100">
         <path>D:\ti\ccs2050\ccs\tools\compiler\ti-cgt-armllvm_4.0.4.LTS\lib\armv6m-ti-none-eabi\</path>
         <kind>archive</kind>
         <file>libclang_rt.builtins.a</file>
         <name>muldsi3.S.obj</name>
      </input_file>
      <input_file id="fl-101">
         <path>D:\ti\ccs2050\ccs\tools\compiler\ti-cgt-armllvm_4.0.4.LTS\lib\armv6m-ti-none-eabi\</path>
         <kind>archive</kind>
         <file>libclang_rt.builtins.a</file>
         <name>divdf3.S.obj</name>
      </input_file>
      <input_file id="fl-102">
         <path>D:\ti\ccs2050\ccs\tools\compiler\ti-cgt-armllvm_4.0.4.LTS\lib\armv6m-ti-none-eabi\</path>
         <kind>archive</kind>
         <file>libclang_rt.builtins.a</file>
         <name>fixdfsi.S.obj</name>
      </input_file>
      <input_file id="fl-103">
         <path>D:\ti\ccs2050\ccs\tools\compiler\ti-cgt-armllvm_4.0.4.LTS\lib\armv6m-ti-none-eabi\</path>
         <kind>archive</kind>
         <file>libclang_rt.builtins.a</file>
         <name>floatsidf.S.obj</name>
      </input_file>
      <input_file id="fl-104">
         <path>D:\ti\ccs2050\ccs\tools\compiler\ti-cgt-armllvm_4.0.4.LTS\lib\armv6m-ti-none-eabi\</path>
         <kind>archive</kind>
         <file>libclang_rt.builtins.a</file>
         <name>muldi3.S.obj</name>
      </input_file>
      <input_file id="fl-105">
         <path>D:\ti\ccs2050\ccs\tools\compiler\ti-cgt-armllvm_4.0.4.LTS\lib\armv6m-ti-none-eabi\</path>
         <kind>archive</kind>
         <file>libclang_rt.builtins.a</file>
         <name>aeabi_dcmp.S.obj</name>
      </input_file>
      <input_file id="fl-106">
         <path>D:\ti\ccs2050\ccs\tools\compiler\ti-cgt-armllvm_4.0.4.LTS\lib\armv6m-ti-none-eabi\</path>
         <kind>archive</kind>
         <file>libclang_rt.builtins.a</file>
         <name>aeabi_idivmod.S.obj</name>
      </input_file>
      <input_file id="fl-107">
         <path>D:\ti\ccs2050\ccs\tools\compiler\ti-cgt-armllvm_4.0.4.LTS\lib\armv6m-ti-none-eabi\</path>
         <kind>archive</kind>
         <file>libclang_rt.builtins.a</file>
         <name>aeabi_memcpy.S.obj</name>
      </input_file>
      <input_file id="fl-108">
         <path>D:\ti\ccs2050\ccs\tools\compiler\ti-cgt-armllvm_4.0.4.LTS\lib\armv6m-ti-none-eabi\</path>
         <kind>archive</kind>
         <file>libclang_rt.builtins.a</file>
         <name>aeabi_memset.S.obj</name>
      </input_file>
      <input_file id="fl-109">
         <path>D:\ti\ccs2050\ccs\tools\compiler\ti-cgt-armllvm_4.0.4.LTS\lib\armv6m-ti-none-eabi\</path>
         <kind>archive</kind>
         <file>libclang_rt.builtins.a</file>
         <name>aeabi_uidivmod.S.obj</name>
      </input_file>
      <input_file id="fl-10a">
         <path>D:\ti\ccs2050\ccs\tools\compiler\ti-cgt-armllvm_4.0.4.LTS\lib\armv6m-ti-none-eabi\</path>
         <kind>archive</kind>
         <file>libclang_rt.builtins.a</file>
         <name>aeabi_uldivmod.S.obj</name>
      </input_file>
      <input_file id="fl-10b">
         <path>D:\ti\ccs2050\ccs\tools\compiler\ti-cgt-armllvm_4.0.4.LTS\lib\armv6m-ti-none-eabi\</path>
         <kind>archive</kind>
         <file>libclang_rt.builtins.a</file>
         <name>udivmoddi4.S.obj</name>
      </input_file>
      <input_file id="fl-10c">
         <path>D:\ti\ccs2050\ccs\tools\compiler\ti-cgt-armllvm_4.0.4.LTS\lib\armv6m-ti-none-eabi\</path>
         <kind>archive</kind>
         <file>libclang_rt.builtins.a</file>
         <name>ashldi3.S.obj</name>
      </input_file>
      <input_file id="fl-10d">
         <path>D:\ti\ccs2050\ccs\tools\compiler\ti-cgt-armllvm_4.0.4.LTS\lib\armv6m-ti-none-eabi\</path>
         <kind>archive</kind>
         <file>libclang_rt.builtins.a</file>
         <name>comparedf2.c.obj</name>
      </input_file>
      <input_file id="fl-10e">
         <path>D:\ti\ccs2050\ccs\tools\compiler\ti-cgt-armllvm_4.0.4.LTS\lib\armv6m-ti-none-eabi\</path>
         <kind>archive</kind>
         <file>libclang_rt.builtins.a</file>
         <name>aeabi_div0.c.obj</name>
      </input_file>
      <input_file id="fl-10f">
         <path>D:\ti\ccs2050\ccs\tools\compiler\ti-cgt-armllvm_4.0.4.LTS\lib\armv6m-ti-none-eabi\c\</path>
         <kind>archive</kind>
         <file>libc.a</file>
         <name>getdevice.c.obj</name>
      </input_file>
      <input_file id="fl-110">
         <path>D:\ti\ccs2050\ccs\tools\compiler\ti-cgt-armllvm_4.0.4.LTS\lib\armv6m-ti-none-eabi\c\</path>
         <kind>archive</kind>
         <file>libc.a</file>
         <name>memcpy16.S.obj</name>
      </input_file>
      <input_file id="fl-111">
         <path>D:\ti\ccs2050\ccs\tools\compiler\ti-cgt-armllvm_4.0.4.LTS\lib\armv6m-ti-none-eabi\c\</path>
         <kind>archive</kind>
         <file>libc.a</file>
         <name>memset16.S.obj</name>
      </input_file>
      <input_file id="fl-112">
         <path>D:\ti\ccs2050\ccs\tools\compiler\ti-cgt-armllvm_4.0.4.LTS\lib\armv6m-ti-none-eabi\c\</path>
         <kind>archive</kind>
         <file>libc.a</file>
         <name>strcmp-armv6m.S.obj</name>
      </input_file>
   </input_file_list>
   <object_component_list>
      <object_component id="oc-18">
         <name>.intvecs</name>
         <load_address>0x0</load_address>
         <readonly>true</readonly>
         <run_address>0x0</run_address>
         <size>0xc0</size>
         <alignment>0x4</alignment>
         <input_file_ref idref="fl-4"/>
      </object_component>
      <object_component id="oc-151">
         <name>.text:__TI_printfi_nofloat</name>
         <load_address>0xc0</load_address>
         <readonly>true</readonly>
         <executable>true</executable>
         <run_address>0xc0</run_address>
         <size>0x868</size>
         <alignment>0x4</alignment>
         <input_file_ref idref="fl-2f"/>
      </object_component>
      <object_component id="oc-79">
         <name>.text.main</name>
         <load_address>0x928</load_address>
         <readonly>true</readonly>
         <executable>true</executable>
         <run_address>0x928</run_address>
         <size>0x2d0</size>
         <alignment>0x4</alignment>
         <input_file_ref idref="fl-2"/>
      </object_component>
      <object_component id="oc-20a">
         <name>.text.aligned_alloc</name>
         <load_address>0xbf8</load_address>
         <readonly>true</readonly>
         <executable>true</executable>
         <run_address>0xbf8</run_address>
         <size>0x114</size>
         <alignment>0x4</alignment>
         <input_file_ref idref="fl-3c"/>
      </object_component>
      <object_component id="oc-11f">
         <name>.text.DL_Timer_initFourCCPWMMode</name>
         <load_address>0xd0c</load_address>
         <readonly>true</readonly>
         <executable>true</executable>
         <run_address>0xd0c</run_address>
         <size>0x104</size>
         <alignment>0x4</alignment>
         <input_file_ref idref="fl-16"/>
      </object_component>
      <object_component id="oc-124">
         <name>.text.DL_Timer_initTimerMode</name>
         <load_address>0xe10</load_address>
         <readonly>true</readonly>
         <executable>true</executable>
         <run_address>0xe10</run_address>
         <size>0xfc</size>
         <alignment>0x4</alignment>
         <input_file_ref idref="fl-16"/>
      </object_component>
      <object_component id="oc-f6">
         <name>.text.fputs</name>
         <load_address>0xf0c</load_address>
         <readonly>true</readonly>
         <executable>true</executable>
         <run_address>0xf0c</run_address>
         <size>0xf8</size>
         <alignment>0x4</alignment>
         <input_file_ref idref="fl-31"/>
      </object_component>
      <object_component id="oc-1a5">
         <name>.text.free</name>
         <load_address>0x1004</load_address>
         <readonly>true</readonly>
         <executable>true</executable>
         <run_address>0x1004</run_address>
         <size>0xe8</size>
         <alignment>0x4</alignment>
         <input_file_ref idref="fl-3c"/>
      </object_component>
      <object_component id="oc-16c">
         <name>.text.setvbuf</name>
         <load_address>0x10ec</load_address>
         <readonly>true</readonly>
         <executable>true</executable>
         <run_address>0x10ec</run_address>
         <size>0xe0</size>
         <alignment>0x4</alignment>
         <input_file_ref idref="fl-33"/>
      </object_component>
      <object_component id="oc-e4">
         <name>.text.SYSCFG_DL_GPIO_init</name>
         <load_address>0x11cc</load_address>
         <readonly>true</readonly>
         <executable>true</executable>
         <run_address>0x11cc</run_address>
         <size>0xac</size>
         <alignment>0x4</alignment>
         <input_file_ref idref="fl-3"/>
      </object_component>
      <object_component id="oc-a3">
         <name>.text.Motor_SetSpeed</name>
         <load_address>0x1278</load_address>
         <readonly>true</readonly>
         <executable>true</executable>
         <run_address>0x1278</run_address>
         <size>0xa4</size>
         <alignment>0x4</alignment>
         <input_file_ref idref="fl-6"/>
      </object_component>
      <object_component id="oc-1cc">
         <name>.text</name>
         <load_address>0x131c</load_address>
         <readonly>true</readonly>
         <executable>true</executable>
         <run_address>0x131c</run_address>
         <size>0xa2</size>
         <alignment>0x4</alignment>
         <input_file_ref idref="fl-10b"/>
      </object_component>
      <object_component id="oc-33">
         <name>.text.Default_Handler</name>
         <load_address>0x13be</load_address>
         <readonly>true</readonly>
         <executable>true</executable>
         <run_address>0x13be</run_address>
         <size>0x2</size>
         <alignment>0x2</alignment>
         <input_file_ref idref="fl-4"/>
      </object_component>
      <object_component id="oc-159">
         <name>.text.fputc</name>
         <load_address>0x13c0</load_address>
         <readonly>true</readonly>
         <executable>true</executable>
         <run_address>0x13c0</run_address>
         <size>0x9c</size>
         <alignment>0x4</alignment>
         <input_file_ref idref="fl-30"/>
      </object_component>
      <object_component id="oc-8c">
         <name>.text:memcpy</name>
         <load_address>0x145c</load_address>
         <readonly>true</readonly>
         <executable>true</executable>
         <run_address>0x145c</run_address>
         <size>0x9a</size>
         <alignment>0x1</alignment>
         <input_file_ref idref="fl-110"/>
      </object_component>
      <object_component id="oc-102">
         <name>.text.__aeabi_idiv0</name>
         <load_address>0x14f6</load_address>
         <readonly>true</readonly>
         <executable>true</executable>
         <run_address>0x14f6</run_address>
         <size>0x2</size>
         <alignment>0x2</alignment>
         <input_file_ref idref="fl-10e"/>
      </object_component>
      <object_component id="oc-e7">
         <name>.text.SYSCFG_DL_PWM_0_init</name>
         <load_address>0x14f8</load_address>
         <readonly>true</readonly>
         <executable>true</executable>
         <run_address>0x14f8</run_address>
         <size>0x8c</size>
         <alignment>0x4</alignment>
         <input_file_ref idref="fl-3"/>
      </object_component>
      <object_component id="oc-70">
         <name>.text.__aeabi_memclr</name>
         <load_address>0x1584</load_address>
         <readonly>true</readonly>
         <executable>true</executable>
         <run_address>0x1584</run_address>
         <size>0xc</size>
         <alignment>0x4</alignment>
         <input_file_ref idref="fl-108"/>
      </object_component>
      <object_component id="oc-297">
         <name>.text:strcmp</name>
         <load_address>0x1590</load_address>
         <readonly>true</readonly>
         <executable>true</executable>
         <run_address>0x1590</run_address>
         <size>0x88</size>
         <alignment>0x10</alignment>
         <input_file_ref idref="fl-112"/>
      </object_component>
      <object_component id="oc-20b">
         <name>.text.__TI_closefile</name>
         <load_address>0x1618</load_address>
         <readonly>true</readonly>
         <executable>true</executable>
         <run_address>0x1618</run_address>
         <size>0x7c</size>
         <alignment>0x4</alignment>
         <input_file_ref idref="fl-4e"/>
      </object_component>
      <object_component id="oc-1c">
         <name>.text:decompress:lzss</name>
         <load_address>0x1694</load_address>
         <readonly>true</readonly>
         <executable>true</executable>
         <run_address>0x1694</run_address>
         <size>0x7c</size>
         <alignment>0x4</alignment>
         <input_file_ref idref="fl-44"/>
      </object_component>
      <object_component id="oc-224">
         <name>.text.HOSTlseek</name>
         <load_address>0x1710</load_address>
         <readonly>true</readonly>
         <executable>true</executable>
         <run_address>0x1710</run_address>
         <size>0x6c</size>
         <alignment>0x4</alignment>
         <input_file_ref idref="fl-f7"/>
      </object_component>
      <object_component id="oc-22c">
         <name>.text.HOSTrename</name>
         <load_address>0x177c</load_address>
         <readonly>true</readonly>
         <executable>true</executable>
         <run_address>0x177c</run_address>
         <size>0x6c</size>
         <alignment>0x4</alignment>
         <input_file_ref idref="fl-fa"/>
      </object_component>
      <object_component id="oc-1a2">
         <name>.text.fseeko</name>
         <load_address>0x17e8</load_address>
         <readonly>true</readonly>
         <executable>true</executable>
         <run_address>0x17e8</run_address>
         <size>0x6c</size>
         <alignment>0x4</alignment>
         <input_file_ref idref="fl-4b"/>
      </object_component>
      <object_component id="oc-28b">
         <name>.text.getdevice</name>
         <load_address>0x1854</load_address>
         <readonly>true</readonly>
         <executable>true</executable>
         <run_address>0x1854</run_address>
         <size>0x6c</size>
         <alignment>0x4</alignment>
         <input_file_ref idref="fl-10f"/>
      </object_component>
      <object_component id="oc-132">
         <name>.text.__TI_wrt_ok</name>
         <load_address>0x18c0</load_address>
         <readonly>true</readonly>
         <executable>true</executable>
         <run_address>0x18c0</run_address>
         <size>0x64</size>
         <alignment>0x2</alignment>
         <input_file_ref idref="fl-32"/>
      </object_component>
      <object_component id="oc-251">
         <name>.text.split</name>
         <load_address>0x1924</load_address>
         <readonly>true</readonly>
         <executable>true</executable>
         <run_address>0x1924</run_address>
         <size>0x64</size>
         <alignment>0x4</alignment>
         <input_file_ref idref="fl-3c"/>
      </object_component>
      <object_component id="oc-e2">
         <name>.text:memset</name>
         <load_address>0x1988</load_address>
         <readonly>true</readonly>
         <executable>true</executable>
         <run_address>0x1988</run_address>
         <size>0x62</size>
         <alignment>0x1</alignment>
         <input_file_ref idref="fl-111"/>
      </object_component>
      <object_component id="oc-233">
         <name>.text.__aeabi_ldiv0</name>
         <load_address>0x19ea</load_address>
         <readonly>true</readonly>
         <executable>true</executable>
         <run_address>0x19ea</run_address>
         <size>0x2</size>
         <alignment>0x2</alignment>
         <input_file_ref idref="fl-10e"/>
      </object_component>
      <object_component id="oc-214">
         <name>.text.HOSTopen</name>
         <load_address>0x19ec</load_address>
         <readonly>true</readonly>
         <executable>true</executable>
         <run_address>0x19ec</run_address>
         <size>0x60</size>
         <alignment>0x4</alignment>
         <input_file_ref idref="fl-f8"/>
      </object_component>
      <object_component id="oc-e9">
         <name>.text.SYSCFG_DL_UART_0_init</name>
         <load_address>0x1a4c</load_address>
         <readonly>true</readonly>
         <executable>true</executable>
         <run_address>0x1a4c</run_address>
         <size>0x60</size>
         <alignment>0x4</alignment>
         <input_file_ref idref="fl-3"/>
      </object_component>
      <object_component id="oc-b0">
         <name>.text.printf</name>
         <load_address>0x1aac</load_address>
         <readonly>true</readonly>
         <executable>true</executable>
         <run_address>0x1aac</run_address>
         <size>0x5c</size>
         <alignment>0x4</alignment>
         <input_file_ref idref="fl-2e"/>
      </object_component>
      <object_component id="oc-21c">
         <name>.text.HOSTread</name>
         <load_address>0x1b08</load_address>
         <readonly>true</readonly>
         <executable>true</executable>
         <run_address>0x1b08</run_address>
         <size>0x58</size>
         <alignment>0x4</alignment>
         <input_file_ref idref="fl-f9"/>
      </object_component>
      <object_component id="oc-220">
         <name>.text.HOSTwrite</name>
         <load_address>0x1b60</load_address>
         <readonly>true</readonly>
         <executable>true</executable>
         <run_address>0x1b60</run_address>
         <size>0x58</size>
         <alignment>0x4</alignment>
         <input_file_ref idref="fl-fc"/>
      </object_component>
      <object_component id="oc-13c">
         <name>.text.__TI_doflush</name>
         <load_address>0x1bb8</load_address>
         <readonly>true</readonly>
         <executable>true</executable>
         <run_address>0x1bb8</run_address>
         <size>0x52</size>
         <alignment>0x2</alignment>
         <input_file_ref idref="fl-49"/>
      </object_component>
      <object_component id="oc-153">
         <name>.text._nop</name>
         <load_address>0x1c0a</load_address>
         <readonly>true</readonly>
         <executable>true</executable>
         <run_address>0x1c0a</run_address>
         <size>0x2</size>
         <alignment>0x2</alignment>
         <input_file_ref idref="fl-36"/>
      </object_component>
      <object_component id="oc-e8">
         <name>.text.SYSCFG_DL_TIMER_TICK_init</name>
         <load_address>0x1c0c</load_address>
         <readonly>true</readonly>
         <executable>true</executable>
         <run_address>0x1c0c</run_address>
         <size>0x50</size>
         <alignment>0x4</alignment>
         <input_file_ref idref="fl-3"/>
      </object_component>
      <object_component id="oc-253">
         <name>.text.close</name>
         <load_address>0x1c5c</load_address>
         <readonly>true</readonly>
         <executable>true</executable>
         <run_address>0x1c5c</run_address>
         <size>0x50</size>
         <alignment>0x4</alignment>
         <input_file_ref idref="fl-f4"/>
      </object_component>
      <object_component id="oc-12d">
         <name>.text.DL_UART_init</name>
         <load_address>0x1cac</load_address>
         <readonly>true</readonly>
         <executable>true</executable>
         <run_address>0x1cac</run_address>
         <size>0x48</size>
         <alignment>0x4</alignment>
         <input_file_ref idref="fl-17"/>
      </object_component>
      <object_component id="oc-218">
         <name>.text.HOSTclose</name>
         <load_address>0x1cf4</load_address>
         <readonly>true</readonly>
         <executable>true</executable>
         <run_address>0x1cf4</run_address>
         <size>0x48</size>
         <alignment>0x4</alignment>
         <input_file_ref idref="fl-f6"/>
      </object_component>
      <object_component id="oc-228">
         <name>.text.HOSTunlink</name>
         <load_address>0x1d3c</load_address>
         <readonly>true</readonly>
         <executable>true</executable>
         <run_address>0x1d3c</run_address>
         <size>0x48</size>
         <alignment>0x4</alignment>
         <input_file_ref idref="fl-fb"/>
      </object_component>
      <object_component id="oc-e3">
         <name>.text.SYSCFG_DL_initPower</name>
         <load_address>0x1d84</load_address>
         <readonly>true</readonly>
         <executable>true</executable>
         <run_address>0x1d84</run_address>
         <size>0x48</size>
         <alignment>0x4</alignment>
         <input_file_ref idref="fl-3"/>
      </object_component>
      <object_component id="oc-39">
         <name>.text.UART0_IRQHandler</name>
         <load_address>0x1dcc</load_address>
         <readonly>true</readonly>
         <executable>true</executable>
         <run_address>0x1dcc</run_address>
         <size>0x44</size>
         <alignment>0x4</alignment>
         <input_file_ref idref="fl-7"/>
      </object_component>
      <object_component id="oc-34">
         <name>.text.GROUP1_IRQHandler</name>
         <load_address>0x1e10</load_address>
         <readonly>true</readonly>
         <executable>true</executable>
         <run_address>0x1e10</run_address>
         <size>0x40</size>
         <alignment>0x4</alignment>
         <input_file_ref idref="fl-5"/>
      </object_component>
      <object_component id="oc-e5">
         <name>.text.SYSCFG_DL_SYSCTL_init</name>
         <load_address>0x1e50</load_address>
         <readonly>true</readonly>
         <executable>true</executable>
         <run_address>0x1e50</run_address>
         <size>0x40</size>
         <alignment>0x4</alignment>
         <input_file_ref idref="fl-3"/>
      </object_component>
      <object_component id="oc-ac">
         <name>.text.__aeabi_uidivmod</name>
         <load_address>0x1e90</load_address>
         <readonly>true</readonly>
         <executable>true</executable>
         <run_address>0x1e90</run_address>
         <size>0x40</size>
         <alignment>0x4</alignment>
         <input_file_ref idref="fl-109"/>
      </object_component>
      <object_component id="oc-182">
         <name>.text.atoi</name>
         <load_address>0x1ed0</load_address>
         <readonly>true</readonly>
         <executable>true</executable>
         <run_address>0x1ed0</run_address>
         <size>0x40</size>
         <alignment>0x4</alignment>
         <input_file_ref idref="fl-39"/>
      </object_component>
      <object_component id="oc-ca">
         <name>.text:__TI_auto_init_nobinit_nopinit</name>
         <load_address>0x1f10</load_address>
         <readonly>true</readonly>
         <executable>true</executable>
         <run_address>0x1f10</run_address>
         <size>0x3c</size>
         <alignment>0x4</alignment>
         <input_file_ref idref="fl-3f"/>
      </object_component>
      <object_component id="oc-1c7">
         <name>.text.__muldsi3</name>
         <load_address>0x1f4c</load_address>
         <readonly>true</readonly>
         <executable>true</executable>
         <run_address>0x1f4c</run_address>
         <size>0x3a</size>
         <alignment>0x4</alignment>
         <input_file_ref idref="fl-100"/>
      </object_component>
      <object_component id="oc-91">
         <name>.text.SYSCFG_DL_init</name>
         <load_address>0x1f88</load_address>
         <readonly>true</readonly>
         <executable>true</executable>
         <run_address>0x1f88</run_address>
         <size>0x34</size>
         <alignment>0x4</alignment>
         <input_file_ref idref="fl-3"/>
      </object_component>
      <object_component id="oc-1ac">
         <name>.text.__TI_cleanup</name>
         <load_address>0x1fbc</load_address>
         <readonly>true</readonly>
         <executable>true</executable>
         <run_address>0x1fbc</run_address>
         <size>0x34</size>
         <alignment>0x4</alignment>
         <input_file_ref idref="fl-4a"/>
      </object_component>
      <object_component id="oc-264">
         <name>.text.__TI_readmsg</name>
         <load_address>0x1ff0</load_address>
         <readonly>true</readonly>
         <executable>true</executable>
         <run_address>0x1ff0</run_address>
         <size>0x34</size>
         <alignment>0x4</alignment>
         <input_file_ref idref="fl-fd"/>
      </object_component>
      <object_component id="oc-25e">
         <name>.text.__TI_writemsg</name>
         <load_address>0x2024</load_address>
         <readonly>true</readonly>
         <executable>true</executable>
         <run_address>0x2024</run_address>
         <size>0x34</size>
         <alignment>0x4</alignment>
         <input_file_ref idref="fl-fd"/>
      </object_component>
      <object_component id="oc-c8">
         <name>.text.exit</name>
         <load_address>0x2058</load_address>
         <readonly>true</readonly>
         <executable>true</executable>
         <run_address>0x2058</run_address>
         <size>0x34</size>
         <alignment>0x4</alignment>
         <input_file_ref idref="fl-35"/>
      </object_component>
      <object_component id="oc-294">
         <name>.text.finddevice</name>
         <load_address>0x208c</load_address>
         <readonly>true</readonly>
         <executable>true</executable>
         <run_address>0x208c</run_address>
         <size>0x34</size>
         <alignment>0x4</alignment>
         <input_file_ref idref="fl-10f"/>
      </object_component>
      <object_component id="oc-96">
         <name>.text.Motor_Init</name>
         <load_address>0x20c0</load_address>
         <readonly>true</readonly>
         <executable>true</executable>
         <run_address>0x20c0</run_address>
         <size>0x30</size>
         <alignment>0x4</alignment>
         <input_file_ref idref="fl-6"/>
      </object_component>
      <object_component id="oc-3f">
         <name>.text.TIMA0_IRQHandler</name>
         <load_address>0x20f0</load_address>
         <readonly>true</readonly>
         <executable>true</executable>
         <run_address>0x20f0</run_address>
         <size>0x30</size>
         <alignment>0x4</alignment>
         <input_file_ref idref="fl-5"/>
      </object_component>
      <object_component id="oc-281">
         <name>.text.unlink</name>
         <load_address>0x2120</load_address>
         <readonly>true</readonly>
         <executable>true</executable>
         <run_address>0x2120</run_address>
         <size>0x2c</size>
         <alignment>0x4</alignment>
         <input_file_ref idref="fl-f5"/>
      </object_component>
      <object_component id="oc-206">
         <name>.text.free_list_insert</name>
         <load_address>0x214c</load_address>
         <readonly>true</readonly>
         <executable>true</executable>
         <run_address>0x214c</run_address>
         <size>0x28</size>
         <alignment>0x4</alignment>
         <input_file_ref idref="fl-3c"/>
      </object_component>
      <object_component id="oc-200">
         <name>.text.lseek</name>
         <load_address>0x2174</load_address>
         <readonly>true</readonly>
         <executable>true</executable>
         <run_address>0x2174</run_address>
         <size>0x28</size>
         <alignment>0x4</alignment>
         <input_file_ref idref="fl-f3"/>
      </object_component>
      <object_component id="oc-138">
         <name>.text.write</name>
         <load_address>0x219c</load_address>
         <readonly>true</readonly>
         <executable>true</executable>
         <run_address>0x219c</run_address>
         <size>0x28</size>
         <alignment>0x4</alignment>
         <input_file_ref idref="fl-ef"/>
      </object_component>
      <object_component id="oc-5b">
         <name>.text:_c_int00_noargs</name>
         <load_address>0x21c4</load_address>
         <readonly>true</readonly>
         <executable>true</executable>
         <run_address>0x21c4</run_address>
         <size>0x28</size>
         <alignment>0x4</alignment>
         <input_file_ref idref="fl-3d"/>
      </object_component>
      <object_component id="oc-18f">
         <name>.text.__muldi3</name>
         <load_address>0x21ec</load_address>
         <readonly>true</readonly>
         <executable>true</executable>
         <run_address>0x21ec</run_address>
         <size>0x24</size>
         <alignment>0x4</alignment>
         <input_file_ref idref="fl-104"/>
      </object_component>
      <object_component id="oc-9d">
         <name>.text.puts</name>
         <load_address>0x2210</load_address>
         <readonly>true</readonly>
         <executable>true</executable>
         <run_address>0x2210</run_address>
         <size>0x24</size>
         <alignment>0x4</alignment>
         <input_file_ref idref="fl-31"/>
      </object_component>
      <object_component id="oc-17b">
         <name>.text.memccpy</name>
         <load_address>0x2234</load_address>
         <readonly>true</readonly>
         <executable>true</executable>
         <run_address>0x2234</run_address>
         <size>0x22</size>
         <alignment>0x2</alignment>
         <input_file_ref idref="fl-3b"/>
      </object_component>
      <object_component id="oc-b6">
         <name>.text.Motor_Brake</name>
         <load_address>0x2258</load_address>
         <readonly>true</readonly>
         <executable>true</executable>
         <run_address>0x2258</run_address>
         <size>0x20</size>
         <alignment>0x4</alignment>
         <input_file_ref idref="fl-6"/>
      </object_component>
      <object_component id="oc-234">
         <name>.text.__ashldi3</name>
         <load_address>0x2278</load_address>
         <readonly>true</readonly>
         <executable>true</executable>
         <run_address>0x2278</run_address>
         <size>0x1e</size>
         <alignment>0x4</alignment>
         <input_file_ref idref="fl-10c"/>
      </object_component>
      <object_component id="oc-121">
         <name>.text.DL_Timer_setCaptCompUpdateMethod</name>
         <load_address>0x2298</load_address>
         <readonly>true</readonly>
         <executable>true</executable>
         <run_address>0x2298</run_address>
         <size>0x1c</size>
         <alignment>0x4</alignment>
         <input_file_ref idref="fl-16"/>
      </object_component>
      <object_component id="oc-11e">
         <name>.text.DL_Timer_setClockConfig</name>
         <load_address>0x22b4</load_address>
         <readonly>true</readonly>
         <executable>true</executable>
         <run_address>0x22b4</run_address>
         <size>0x1c</size>
         <alignment>0x4</alignment>
         <input_file_ref idref="fl-16"/>
      </object_component>
      <object_component id="oc-9b">
         <name>.text.Encoder_Init</name>
         <load_address>0x22d0</load_address>
         <readonly>true</readonly>
         <executable>true</executable>
         <run_address>0x22d0</run_address>
         <size>0x1c</size>
         <alignment>0x4</alignment>
         <input_file_ref idref="fl-5"/>
      </object_component>
      <object_component id="oc-204">
         <name>.text.free_list_remove</name>
         <load_address>0x22ec</load_address>
         <readonly>true</readonly>
         <executable>true</executable>
         <run_address>0x22ec</run_address>
         <size>0x1c</size>
         <alignment>0x4</alignment>
         <input_file_ref idref="fl-3c"/>
      </object_component>
      <object_component id="oc-120">
         <name>.text.DL_Timer_setCaptureCompareOutCtl</name>
         <load_address>0x2308</load_address>
         <readonly>true</readonly>
         <executable>true</executable>
         <run_address>0x2308</run_address>
         <size>0x18</size>
         <alignment>0x4</alignment>
         <input_file_ref idref="fl-16"/>
      </object_component>
      <object_component id="oc-ab">
         <name>.text.Encoder_GetSpeed</name>
         <load_address>0x2320</load_address>
         <readonly>true</readonly>
         <executable>true</executable>
         <run_address>0x2320</run_address>
         <size>0x18</size>
         <alignment>0x4</alignment>
         <input_file_ref idref="fl-5"/>
      </object_component>
      <object_component id="oc-9c">
         <name>.text.USART_Init</name>
         <load_address>0x2338</load_address>
         <readonly>true</readonly>
         <executable>true</executable>
         <run_address>0x2338</run_address>
         <size>0x18</size>
         <alignment>0x4</alignment>
         <input_file_ref idref="fl-7"/>
      </object_component>
      <object_component id="oc-52">
         <name>.text:decompress:ZI:__TI_zero_init_nomemset</name>
         <load_address>0x2350</load_address>
         <readonly>true</readonly>
         <executable>true</executable>
         <run_address>0x2350</run_address>
         <size>0x16</size>
         <alignment>0x2</alignment>
         <input_file_ref idref="fl-42"/>
      </object_component>
      <object_component id="oc-194">
         <name>.text.__aeabi_uldivmod</name>
         <load_address>0x2368</load_address>
         <readonly>true</readonly>
         <executable>true</executable>
         <run_address>0x2368</run_address>
         <size>0x14</size>
         <alignment>0x4</alignment>
         <input_file_ref idref="fl-10a"/>
      </object_component>
      <object_component id="oc-127">
         <name>.text.DL_UART_setClockConfig</name>
         <load_address>0x237c</load_address>
         <readonly>true</readonly>
         <executable>true</executable>
         <run_address>0x237c</run_address>
         <size>0x12</size>
         <alignment>0x2</alignment>
         <input_file_ref idref="fl-17"/>
      </object_component>
      <object_component id="oc-20">
         <name>.text:decompress:none</name>
         <load_address>0x238e</load_address>
         <readonly>true</readonly>
         <executable>true</executable>
         <run_address>0x238e</run_address>
         <size>0x12</size>
         <alignment>0x2</alignment>
         <input_file_ref idref="fl-43"/>
      </object_component>
      <object_component id="oc-ee">
         <name>.text.DL_Timer_setCaptureCompareValue</name>
         <load_address>0x23a0</load_address>
         <readonly>true</readonly>
         <executable>true</executable>
         <run_address>0x23a0</run_address>
         <size>0x10</size>
         <alignment>0x4</alignment>
         <input_file_ref idref="fl-16"/>
      </object_component>
      <object_component id="oc-186">
         <name>.text.wcslen</name>
         <load_address>0x23b0</load_address>
         <readonly>true</readonly>
         <executable>true</executable>
         <run_address>0x23b0</run_address>
         <size>0x10</size>
         <alignment>0x2</alignment>
         <input_file_ref idref="fl-47"/>
      </object_component>
      <object_component id="oc-205">
         <name>.text.OUTLINED_FUNCTION_0</name>
         <load_address>0x23c0</load_address>
         <readonly>true</readonly>
         <executable>true</executable>
         <run_address>0x23c0</run_address>
         <size>0xe</size>
         <alignment>0x2</alignment>
         <input_file_ref idref="fl-3c"/>
      </object_component>
      <object_component id="oc-17a">
         <name>.text.__aeabi_memset</name>
         <load_address>0x23d0</load_address>
         <readonly>true</readonly>
         <executable>true</executable>
         <run_address>0x23d0</run_address>
         <size>0xe</size>
         <alignment>0x4</alignment>
         <input_file_ref idref="fl-108"/>
      </object_component>
      <object_component id="oc-a5">
         <name>.text.delay_ms</name>
         <load_address>0x23de</load_address>
         <readonly>true</readonly>
         <executable>true</executable>
         <run_address>0x23de</run_address>
         <size>0xe</size>
         <alignment>0x2</alignment>
         <input_file_ref idref="fl-1"/>
      </object_component>
      <object_component id="oc-278">
         <name>.text.strcpy</name>
         <load_address>0x23ec</load_address>
         <readonly>true</readonly>
         <executable>true</executable>
         <run_address>0x23ec</run_address>
         <size>0xe</size>
         <alignment>0x2</alignment>
         <input_file_ref idref="fl-fa"/>
      </object_component>
      <object_component id="oc-179">
         <name>.text.strlen</name>
         <load_address>0x23fa</load_address>
         <readonly>true</readonly>
         <executable>true</executable>
         <run_address>0x23fa</run_address>
         <size>0xe</size>
         <alignment>0x2</alignment>
         <input_file_ref idref="fl-2f"/>
      </object_component>
      <object_component id="oc-279">
         <name>.text.strlen</name>
         <load_address>0x2408</load_address>
         <readonly>true</readonly>
         <executable>true</executable>
         <run_address>0x2408</run_address>
         <size>0xe</size>
         <alignment>0x2</alignment>
         <input_file_ref idref="fl-fa"/>
      </object_component>
      <object_component id="oc-1ab">
         <name>.text.malloc</name>
         <load_address>0x2416</load_address>
         <readonly>true</readonly>
         <executable>true</executable>
         <run_address>0x2416</run_address>
         <size>0xc</size>
         <alignment>0x2</alignment>
         <input_file_ref idref="fl-3c"/>
      </object_component>
      <object_component id="oc-fc">
         <name>.text.DL_Common_delayCycles</name>
         <load_address>0x2422</load_address>
         <readonly>true</readonly>
         <executable>true</executable>
         <run_address>0x2422</run_address>
         <size>0xa</size>
         <alignment>0x2</alignment>
         <input_file_ref idref="fl-15"/>
      </object_component>
      <object_component id="oc-18a">
         <name>.text.__aeabi_errno_addr</name>
         <load_address>0x242c</load_address>
         <readonly>true</readonly>
         <executable>true</executable>
         <run_address>0x242c</run_address>
         <size>0x8</size>
         <alignment>0x4</alignment>
         <input_file_ref idref="fl-34"/>
      </object_component>
      <object_component id="oc-4b">
         <name>.text.__aeabi_memcpy</name>
         <load_address>0x2434</load_address>
         <readonly>true</readonly>
         <executable>true</executable>
         <run_address>0x2434</run_address>
         <size>0x8</size>
         <alignment>0x4</alignment>
         <input_file_ref idref="fl-107"/>
      </object_component>
      <object_component id="oc-10c">
         <name>.text._outc</name>
         <load_address>0x243c</load_address>
         <readonly>true</readonly>
         <executable>true</executable>
         <run_address>0x243c</run_address>
         <size>0x8</size>
         <alignment>0x2</alignment>
         <input_file_ref idref="fl-2e"/>
      </object_component>
      <object_component id="oc-10b">
         <name>.text._outs</name>
         <load_address>0x2444</load_address>
         <readonly>true</readonly>
         <executable>true</executable>
         <run_address>0x2444</run_address>
         <size>0x8</size>
         <alignment>0x2</alignment>
         <input_file_ref idref="fl-2e"/>
      </object_component>
      <object_component id="oc-166">
         <name>.text.fseek</name>
         <load_address>0x244c</load_address>
         <readonly>true</readonly>
         <executable>true</executable>
         <run_address>0x244c</run_address>
         <size>0x8</size>
         <alignment>0x2</alignment>
         <input_file_ref idref="fl-4b"/>
      </object_component>
      <object_component id="oc-257">
         <name>.text.remove</name>
         <load_address>0x2454</load_address>
         <readonly>true</readonly>
         <executable>true</executable>
         <run_address>0x2454</run_address>
         <size>0x8</size>
         <alignment>0x2</alignment>
         <input_file_ref idref="fl-f1"/>
      </object_component>
      <object_component id="oc-c3">
         <name>.text:abort</name>
         <load_address>0x245c</load_address>
         <readonly>true</readonly>
         <executable>true</executable>
         <run_address>0x245c</run_address>
         <size>0x6</size>
         <alignment>0x2</alignment>
         <input_file_ref idref="fl-35"/>
      </object_component>
      <object_component id="oc-110">
         <name>.text.HOSTexit</name>
         <load_address>0x2462</load_address>
         <readonly>true</readonly>
         <executable>true</executable>
         <run_address>0x2462</run_address>
         <size>0x4</size>
         <alignment>0x2</alignment>
         <input_file_ref idref="fl-ee"/>
      </object_component>
      <object_component id="oc-2f">
         <name>.text.Reset_Handler</name>
         <load_address>0x2466</load_address>
         <readonly>true</readonly>
         <executable>true</executable>
         <run_address>0x2466</run_address>
         <size>0x4</size>
         <alignment>0x2</alignment>
         <input_file_ref idref="fl-4"/>
      </object_component>
      <object_component id="oc-75">
         <name>.text._system_pre_init</name>
         <load_address>0x246a</load_address>
         <readonly>true</readonly>
         <executable>true</executable>
         <run_address>0x246a</run_address>
         <size>0x4</size>
         <alignment>0x2</alignment>
         <input_file_ref idref="fl-40"/>
      </object_component>
      <object_component id="oc-2df">
         <name>.cinit..data.load</name>
         <load_address>0x27c0</load_address>
         <readonly>true</readonly>
         <run_address>0x27c0</run_address>
         <size>0x65</size>
         <alignment>0x1</alignment>
      </object_component>
      <object_component id="oc-2dd">
         <name>__TI_handler_table</name>
         <load_address>0x2828</load_address>
         <readonly>true</readonly>
         <run_address>0x2828</run_address>
         <size>0xc</size>
         <alignment>0x4</alignment>
      </object_component>
      <object_component id="oc-2e0">
         <name>.cinit..bss.load</name>
         <load_address>0x2834</load_address>
         <readonly>true</readonly>
         <run_address>0x2834</run_address>
         <size>0x8</size>
         <alignment>0x4</alignment>
      </object_component>
      <object_component id="oc-2de">
         <name>__TI_cinit_table</name>
         <load_address>0x283c</load_address>
         <readonly>true</readonly>
         <run_address>0x283c</run_address>
         <size>0x10</size>
         <alignment>0x4</alignment>
      </object_component>
      <object_component id="oc-1bc">
         <name>.rodata:__aeabi_ctype_table_</name>
         <load_address>0x2470</load_address>
         <readonly>true</readonly>
         <run_address>0x2470</run_address>
         <size>0x101</size>
         <alignment>0x10</alignment>
         <input_file_ref idref="fl-4c"/>
      </object_component>
      <object_component id="oc-b9">
         <name>.rodata.str1.14685083708502177989.1</name>
         <load_address>0x2571</load_address>
         <readonly>true</readonly>
         <run_address>0x2571</run_address>
         <size>0x38</size>
         <alignment>0x1</alignment>
         <input_file_ref idref="fl-2"/>
      </object_component>
      <object_component id="oc-bf">
         <name>.rodata.str1.15706828512682300538.1</name>
         <load_address>0x25a9</load_address>
         <readonly>true</readonly>
         <run_address>0x25a9</run_address>
         <size>0x38</size>
         <alignment>0x1</alignment>
         <input_file_ref idref="fl-2"/>
      </object_component>
      <object_component id="oc-b8">
         <name>.rodata.str1.254342170260855183.1</name>
         <load_address>0x25e1</load_address>
         <readonly>true</readonly>
         <run_address>0x25e1</run_address>
         <size>0x38</size>
         <alignment>0x1</alignment>
         <input_file_ref idref="fl-2"/>
      </object_component>
      <object_component id="oc-bc">
         <name>.rodata.str1.7401042497206923953.1</name>
         <load_address>0x2619</load_address>
         <readonly>true</readonly>
         <run_address>0x2619</run_address>
         <size>0x38</size>
         <alignment>0x1</alignment>
         <input_file_ref idref="fl-2"/>
      </object_component>
      <object_component id="oc-bb">
         <name>.rodata.str1.11898133897667081452.1</name>
         <load_address>0x2651</load_address>
         <readonly>true</readonly>
         <run_address>0x2651</run_address>
         <size>0x37</size>
         <alignment>0x1</alignment>
         <input_file_ref idref="fl-2"/>
      </object_component>
      <object_component id="oc-be">
         <name>.rodata.str1.150872071346279890.1</name>
         <load_address>0x2688</load_address>
         <readonly>true</readonly>
         <run_address>0x2688</run_address>
         <size>0x37</size>
         <alignment>0x1</alignment>
         <input_file_ref idref="fl-2"/>
      </object_component>
      <object_component id="oc-bd">
         <name>.rodata.str1.16704889451495720520.1</name>
         <load_address>0x26bf</load_address>
         <readonly>true</readonly>
         <run_address>0x26bf</run_address>
         <size>0x37</size>
         <alignment>0x1</alignment>
         <input_file_ref idref="fl-2"/>
      </object_component>
      <object_component id="oc-ba">
         <name>.rodata.str1.17669528882079347314.1</name>
         <load_address>0x26f6</load_address>
         <readonly>true</readonly>
         <run_address>0x26f6</run_address>
         <size>0x37</size>
         <alignment>0x1</alignment>
         <input_file_ref idref="fl-2"/>
      </object_component>
      <object_component id="oc-b7">
         <name>.rodata.str1.8138751173933995641.1</name>
         <load_address>0x272d</load_address>
         <readonly>true</readonly>
         <run_address>0x272d</run_address>
         <size>0x34</size>
         <alignment>0x1</alignment>
         <input_file_ref idref="fl-2"/>
      </object_component>
      <object_component id="oc-122">
         <name>.rodata.gPWM_0ClockConfig</name>
         <load_address>0x2761</load_address>
         <readonly>true</readonly>
         <run_address>0x2761</run_address>
         <size>0x3</size>
         <alignment>0x1</alignment>
         <input_file_ref idref="fl-3"/>
      </object_component>
      <object_component id="oc-126">
         <name>.rodata.gTIMER_TICKTimerConfig</name>
         <load_address>0x2764</load_address>
         <readonly>true</readonly>
         <run_address>0x2764</run_address>
         <size>0x14</size>
         <alignment>0x4</alignment>
         <input_file_ref idref="fl-3"/>
      </object_component>
      <object_component id="oc-193">
         <name>.rodata.str1.10348868589481759720.1</name>
         <load_address>0x2778</load_address>
         <readonly>true</readonly>
         <run_address>0x2778</run_address>
         <size>0x11</size>
         <alignment>0x1</alignment>
         <input_file_ref idref="fl-2f"/>
      </object_component>
      <object_component id="oc-17f">
         <name>.rodata.str1.15363888844622738466.1</name>
         <load_address>0x2789</load_address>
         <readonly>true</readonly>
         <run_address>0x2789</run_address>
         <size>0x11</size>
         <alignment>0x1</alignment>
         <input_file_ref idref="fl-2f"/>
      </object_component>
      <object_component id="oc-12f">
         <name>.rodata.gUART_0Config</name>
         <load_address>0x279a</load_address>
         <readonly>true</readonly>
         <run_address>0x279a</run_address>
         <size>0xa</size>
         <alignment>0x2</alignment>
         <input_file_ref idref="fl-3"/>
      </object_component>
      <object_component id="oc-123">
         <name>.rodata.gPWM_0Config</name>
         <load_address>0x27a4</load_address>
         <readonly>true</readonly>
         <run_address>0x27a4</run_address>
         <size>0x8</size>
         <alignment>0x4</alignment>
         <input_file_ref idref="fl-3"/>
      </object_component>
      <object_component id="oc-125">
         <name>.rodata.gTIMER_TICKClockConfig</name>
         <load_address>0x27ac</load_address>
         <readonly>true</readonly>
         <run_address>0x27ac</run_address>
         <size>0x3</size>
         <alignment>0x1</alignment>
         <input_file_ref idref="fl-3"/>
      </object_component>
      <object_component id="oc-12e">
         <name>.rodata.gUART_0ClockConfig</name>
         <load_address>0x27af</load_address>
         <readonly>true</readonly>
         <run_address>0x27af</run_address>
         <size>0x2</size>
         <alignment>0x1</alignment>
         <input_file_ref idref="fl-3"/>
      </object_component>
      <object_component id="oc-f9">
         <name>.rodata.str1.16607721268415185390.1</name>
         <load_address>0x27b1</load_address>
         <readonly>true</readonly>
         <run_address>0x27b1</run_address>
         <size>0x2</size>
         <alignment>0x1</alignment>
         <input_file_ref idref="fl-31"/>
      </object_component>
      <object_component id="oc-2a5">
         <name>.binit</name>
         <load_address>0x0</load_address>
         <readonly>true</readonly>
         <run_address>0x0</run_address>
         <size>0x0</size>
         <alignment>0x4</alignment>
      </object_component>
      <object_component id="oc-68">
         <name>.data.recv0_buff</name>
         <load_address>0x20200c28</load_address>
         <readwrite>true</readwrite>
         <run_address>0x20200c28</run_address>
         <size>0x80</size>
         <alignment>0x1</alignment>
         <input_file_ref idref="fl-7"/>
      </object_component>
      <object_component id="oc-67">
         <name>.data.recv0_length</name>
         <load_address>0x20200d88</load_address>
         <readwrite>true</readwrite>
         <run_address>0x20200d88</run_address>
         <size>0x2</size>
         <alignment>0x2</alignment>
         <input_file_ref idref="fl-7"/>
      </object_component>
      <object_component id="oc-69">
         <name>.data.recv0_flag</name>
         <load_address>0x20200d8a</load_address>
         <readwrite>true</readwrite>
         <run_address>0x20200d8a</run_address>
         <size>0x1</size>
         <alignment>0x1</alignment>
         <input_file_ref idref="fl-7"/>
      </object_component>
      <object_component id="oc-1c3">
         <name>.data.__aeabi_errno</name>
         <load_address>0x20200d7c</load_address>
         <readwrite>true</readwrite>
         <run_address>0x20200d7c</run_address>
         <size>0x4</size>
         <alignment>0x4</alignment>
         <input_file_ref idref="fl-34"/>
      </object_component>
      <object_component id="oc-116">
         <name>.data..L_MergedGlobals</name>
         <load_address>0x20200d70</load_address>
         <readwrite>true</readwrite>
         <run_address>0x20200d70</run_address>
         <size>0x8</size>
         <alignment>0x4</alignment>
         <input_file_ref idref="fl-35"/>
      </object_component>
      <object_component id="oc-109">
         <name>.data._lock</name>
         <load_address>0x20200d80</load_address>
         <readwrite>true</readwrite>
         <run_address>0x20200d80</run_address>
         <size>0x4</size>
         <alignment>0x4</alignment>
         <input_file_ref idref="fl-36"/>
      </object_component>
      <object_component id="oc-10d">
         <name>.data._unlock</name>
         <load_address>0x20200d84</load_address>
         <readwrite>true</readwrite>
         <run_address>0x20200d84</run_address>
         <size>0x4</size>
         <alignment>0x4</alignment>
         <input_file_ref idref="fl-36"/>
      </object_component>
      <object_component id="oc-f7">
         <name>.data._ftable</name>
         <load_address>0x20200b38</load_address>
         <readwrite>true</readwrite>
         <run_address>0x20200b38</run_address>
         <size>0xf0</size>
         <alignment>0x4</alignment>
         <input_file_ref idref="fl-3a"/>
      </object_component>
      <object_component id="oc-211">
         <name>.data.__TI_ft_end</name>
         <load_address>0x20200d78</load_address>
         <readwrite>true</readwrite>
         <run_address>0x20200d78</run_address>
         <size>0x4</size>
         <alignment>0x4</alignment>
         <input_file_ref idref="fl-3a"/>
      </object_component>
      <object_component id="oc-252">
         <name>.data.memory_is_initialized</name>
         <load_address>0x20200d8c</load_address>
         <readwrite>true</readwrite>
         <run_address>0x20200d8c</run_address>
         <size>0x1</size>
         <alignment>0x4</alignment>
         <input_file_ref idref="fl-3c"/>
      </object_component>
      <object_component id="oc-1b5">
         <name>.data._device</name>
         <load_address>0x20200ca8</load_address>
         <readwrite>true</readwrite>
         <run_address>0x20200ca8</run_address>
         <size>0x78</size>
         <alignment>0x4</alignment>
         <input_file_ref idref="fl-f0"/>
      </object_component>
      <object_component id="oc-172">
         <name>.data._stream</name>
         <load_address>0x20200d20</load_address>
         <readwrite>true</readwrite>
         <run_address>0x20200d20</run_address>
         <size>0x50</size>
         <alignment>0x4</alignment>
         <input_file_ref idref="fl-f0"/>
      </object_component>
      <object_component id="oc-62">
         <name>.bss.g_leftEncoder</name>
         <uninitialized>true</uninitialized>
         <readwrite>true</readwrite>
         <run_address>0x20200b1c</run_address>
         <size>0x8</size>
         <alignment>0x4</alignment>
         <input_file_ref idref="fl-5"/>
      </object_component>
      <object_component id="oc-63">
         <name>.bss.g_rightEncoder</name>
         <uninitialized>true</uninitialized>
         <readwrite>true</readwrite>
         <run_address>0x20200b24</run_address>
         <size>0x8</size>
         <alignment>0x4</alignment>
         <input_file_ref idref="fl-5"/>
      </object_component>
      <object_component id="oc-25b">
         <name>.bss.__TI_tmpnams</name>
         <uninitialized>true</uninitialized>
         <readwrite>true</readwrite>
         <run_address>0x202009dc</run_address>
         <size>0xa0</size>
         <alignment>0x1</alignment>
         <input_file_ref idref="fl-3a"/>
      </object_component>
      <object_component id="oc-250">
         <name>.bss.sys_free</name>
         <uninitialized>true</uninitialized>
         <readwrite>true</readwrite>
         <run_address>0x20200b34</run_address>
         <size>0x4</size>
         <alignment>0x4</alignment>
         <input_file_ref idref="fl-3c"/>
      </object_component>
      <object_component id="oc-265">
         <name>.bss.parmbuf</name>
         <uninitialized>true</uninitialized>
         <readwrite>true</readwrite>
         <run_address>0x20200b2c</run_address>
         <size>0x8</size>
         <alignment>0x1</alignment>
         <input_file_ref idref="fl-f8"/>
      </object_component>
      <object_component id="oc-288">
         <name>.bss:_CIOBUF_</name>
         <uninitialized>true</uninitialized>
         <readwrite>true</readwrite>
         <run_address>0x20200800</run_address>
         <size>0x120</size>
         <alignment>0x4</alignment>
         <input_file_ref idref="fl-fd"/>
      </object_component>
      <object_component id="oc-ea">
         <name>.common:gPWM_0Backup</name>
         <uninitialized>true</uninitialized>
         <readwrite>true</readwrite>
         <run_address>0x20200a7c</run_address>
         <size>0xa0</size>
         <alignment>0x4</alignment>
      </object_component>
      <object_component id="oc-eb">
         <name>.common:gTIMER_TICKBackup</name>
         <uninitialized>true</uninitialized>
         <readwrite>true</readwrite>
         <run_address>0x20200920</run_address>
         <size>0xbc</size>
         <alignment>0x4</alignment>
      </object_component>
      <object_component id="oc-207">
         <name>.sysmem</name>
         <uninitialized>true</uninitialized>
         <readwrite>true</readwrite>
         <run_address>0x20200000</run_address>
         <size>0x10</size>
         <alignment>0x8</alignment>
         <input_file_ref idref="fl-3c"/>
      </object_component>
      <object_component id="oc-2e3">
         <name>.sysmem</name>
         <uninitialized>true</uninitialized>
         <readwrite>true</readwrite>
         <run_address>0x20200000</run_address>
         <size>0x0</size>
         <alignment>0x4</alignment>
      </object_component>
      <object_component id="oc-1a">
         <name>.stack</name>
         <uninitialized>true</uninitialized>
         <readwrite>true</readwrite>
         <run_address>0x20207e00</run_address>
         <size>0x4</size>
         <alignment>0x4</alignment>
         <input_file_ref idref="fl-3d"/>
      </object_component>
      <object_component id="oc-2e2">
         <name>.stack</name>
         <uninitialized>true</uninitialized>
         <readwrite>true</readwrite>
         <run_address>0x20207e00</run_address>
         <size>0x0</size>
         <alignment>0x8</alignment>
      </object_component>
      <object_component id="oc-a6">
         <name>.debug_loc</name>
         <load_address>0x0</load_address>
         <run_address>0x0</run_address>
         <size>0x86</size>
         <alignment>0x1</alignment>
         <input_file_ref idref="fl-1"/>
      </object_component>
      <object_component id="oc-c2">
         <name>.debug_loc</name>
         <load_address>0x86</load_address>
         <run_address>0x86</run_address>
         <size>0x14a</size>
         <alignment>0x1</alignment>
         <input_file_ref idref="fl-2"/>
      </object_component>
      <object_component id="oc-e6">
         <name>.debug_loc</name>
         <load_address>0x1d0</load_address>
         <run_address>0x1d0</run_address>
         <size>0x109</size>
         <alignment>0x1</alignment>
         <input_file_ref idref="fl-3"/>
      </object_component>
      <object_component id="oc-66">
         <name>.debug_loc</name>
         <load_address>0x2d9</load_address>
         <run_address>0x2d9</run_address>
         <size>0x80</size>
         <alignment>0x1</alignment>
         <input_file_ref idref="fl-5"/>
      </object_component>
      <object_component id="oc-a4">
         <name>.debug_loc</name>
         <load_address>0x359</load_address>
         <run_address>0x359</run_address>
         <size>0x15a</size>
         <alignment>0x1</alignment>
         <input_file_ref idref="fl-6"/>
      </object_component>
      <object_component id="oc-3e">
         <name>.debug_loc</name>
         <load_address>0x4b3</load_address>
         <run_address>0x4b3</run_address>
         <size>0x28b</size>
         <alignment>0x1</alignment>
         <input_file_ref idref="fl-7"/>
      </object_component>
      <object_component id="oc-147">
         <name>.debug_loc</name>
         <load_address>0x73e</load_address>
         <run_address>0x73e</run_address>
         <size>0x13</size>
         <alignment>0x1</alignment>
         <input_file_ref idref="fl-15"/>
      </object_component>
      <object_component id="oc-f0">
         <name>.debug_loc</name>
         <load_address>0x751</load_address>
         <run_address>0x751</run_address>
         <size>0x1a68</size>
         <alignment>0x1</alignment>
         <input_file_ref idref="fl-16"/>
      </object_component>
      <object_component id="oc-129">
         <name>.debug_loc</name>
         <load_address>0x21b9</load_address>
         <run_address>0x21b9</run_address>
         <size>0x7e4</size>
         <alignment>0x1</alignment>
         <input_file_ref idref="fl-17"/>
      </object_component>
      <object_component id="oc-b3">
         <name>.debug_loc</name>
         <load_address>0x299d</load_address>
         <run_address>0x299d</run_address>
         <size>0x10a</size>
         <alignment>0x1</alignment>
         <input_file_ref idref="fl-2e"/>
      </object_component>
      <object_component id="oc-14d">
         <name>.debug_loc</name>
         <load_address>0x2aa7</load_address>
         <run_address>0x2aa7</run_address>
         <size>0x32d8</size>
         <alignment>0x1</alignment>
         <input_file_ref idref="fl-2f"/>
      </object_component>
      <object_component id="oc-15a">
         <name>.debug_loc</name>
         <load_address>0x5d7f</load_address>
         <run_address>0x5d7f</run_address>
         <size>0x150</size>
         <alignment>0x1</alignment>
         <input_file_ref idref="fl-30"/>
      </object_component>
      <object_component id="oc-a1">
         <name>.debug_loc</name>
         <load_address>0x5ecf</load_address>
         <run_address>0x5ecf</run_address>
         <size>0x219</size>
         <alignment>0x1</alignment>
         <input_file_ref idref="fl-31"/>
      </object_component>
      <object_component id="oc-135">
         <name>.debug_loc</name>
         <load_address>0x60e8</load_address>
         <run_address>0x60e8</run_address>
         <size>0xbf</size>
         <alignment>0x1</alignment>
         <input_file_ref idref="fl-32"/>
      </object_component>
      <object_component id="oc-1b4">
         <name>.debug_loc</name>
         <load_address>0x61a7</load_address>
         <run_address>0x61a7</run_address>
         <size>0xa8</size>
         <alignment>0x1</alignment>
         <input_file_ref idref="fl-33"/>
      </object_component>
      <object_component id="oc-1c6">
         <name>.debug_loc</name>
         <load_address>0x624f</load_address>
         <run_address>0x624f</run_address>
         <size>0x101</size>
         <alignment>0x1</alignment>
         <input_file_ref idref="fl-34"/>
      </object_component>
      <object_component id="oc-c9">
         <name>.debug_loc</name>
         <load_address>0x6350</load_address>
         <run_address>0x6350</run_address>
         <size>0x26</size>
         <alignment>0x1</alignment>
         <input_file_ref idref="fl-35"/>
      </object_component>
      <object_component id="oc-1bf">
         <name>.debug_loc</name>
         <load_address>0x6376</load_address>
         <run_address>0x6376</run_address>
         <size>0x66</size>
         <alignment>0x1</alignment>
         <input_file_ref idref="fl-39"/>
      </object_component>
      <object_component id="oc-1bb">
         <name>.debug_loc</name>
         <load_address>0x63dc</load_address>
         <run_address>0x63dc</run_address>
         <size>0xbf</size>
         <alignment>0x1</alignment>
         <input_file_ref idref="fl-3b"/>
      </object_component>
      <object_component id="oc-1a6">
         <name>.debug_loc</name>
         <load_address>0x649b</load_address>
         <run_address>0x649b</run_address>
         <size>0x714</size>
         <alignment>0x1</alignment>
         <input_file_ref idref="fl-3c"/>
      </object_component>
      <object_component id="oc-46">
         <name>.debug_loc</name>
         <load_address>0x6baf</load_address>
         <run_address>0x6baf</run_address>
         <size>0xd8</size>
         <alignment>0x1</alignment>
         <input_file_ref idref="fl-3d"/>
      </object_component>
[...]
      <symbol id="sm-a0">
         <name>TIMG6_IRQHandler</name>
         <value>0x13bf</value>
         <object_component_ref idref="oc-33"/>
      </symbol>
      <symbol id="sm-a1">
         <name>TIMA1_IRQHandler</name>
         <value>0x13bf</value>
         <object_component_ref idref="oc-33"/>
      </symbol>
      <symbol id="sm-a2">
         <name>TIMG7_IRQHandler</name>
         <value>0x13bf</value>
         <object_component_ref idref="oc-33"/>
      </symbol>
      <symbol id="sm-a3">
         <name>TIMG12_IRQHandler</name>
         <value>0x13bf</value>
         <object_component_ref idref="oc-33"/>
      </symbol>
      <symbol id="sm-a4">
         <name>I2C0_IRQHandler</name>
         <value>0x13bf</value>
         <object_component_ref idref="oc-33"/>
      </symbol>
      <symbol id="sm-a5">
         <name>I2C1_IRQHandler</name>
         <value>0x13bf</value>
         <object_component_ref idref="oc-33"/>
      </symbol>
      <symbol id="sm-a6">
         <name>AES_IRQHandler</name>
         <value>0x13bf</value>
         <object_component_ref idref="oc-33"/>
      </symbol>
      <symbol id="sm-a7">
         <name>RTC_IRQHandler</name>
         <value>0x13bf</value>
         <object_component_ref idref="oc-33"/>
      </symbol>
      <symbol id="sm-a8">
         <name>DMA_IRQHandler</name>
         <value>0x13bf</value>
         <object_component_ref idref="oc-33"/>
      </symbol>
      <symbol id="sm-c0">
         <name>Encoder_Init</name>
         <value>0x22d1</value>
         <object_component_ref idref="oc-9b"/>
      </symbol>
      <symbol id="sm-c1">
         <name>Encoder_GetSpeed</name>
         <value>0x2321</value>
         <object_component_ref idref="oc-ab"/>
      </symbol>
      <symbol id="sm-c2">
         <name>GROUP1_IRQHandler</name>
         <value>0x1e11</value>
         <object_component_ref idref="oc-34"/>
      </symbol>
      <symbol id="sm-c3">
         <name>TIMA0_IRQHandler</name>
         <value>0x20f1</value>
         <object_component_ref idref="oc-3f"/>
      </symbol>
      <symbol id="sm-d4">
         <name>Motor_Init</name>
         <value>0x20c1</value>
         <object_component_ref idref="oc-96"/>
      </symbol>
      <symbol id="sm-d5">
         <name>Motor_SetSpeed</name>
         <value>0x1279</value>
         <object_component_ref idref="oc-a3"/>
      </symbol>
      <symbol id="sm-d6">
         <name>Motor_Brake</name>
         <value>0x2259</value>
         <object_component_ref idref="oc-b6"/>
      </symbol>
      <symbol id="sm-e4">
         <name>USART_Init</name>
         <value>0x2339</value>
         <object_component_ref idref="oc-9c"/>
      </symbol>
      <symbol id="sm-e5">
         <name>UART0_IRQHandler</name>
         <value>0x1dcd</value>
         <object_component_ref idref="oc-39"/>
      </symbol>
      <symbol id="sm-e6">
         <name>recv0_length</name>
         <value>0x20200d88</value>
         <object_component_ref idref="oc-67"/>
      </symbol>
      <symbol id="sm-e7">
         <name>recv0_buff</name>
         <value>0x20200c28</value>
         <object_component_ref idref="oc-68"/>
      </symbol>
      <symbol id="sm-e8">
         <name>recv0_flag</name>
         <value>0x20200d8a</value>
         <object_component_ref idref="oc-69"/>
      </symbol>
      <symbol id="sm-e9">
         <name>__TI_ATRegion0_src_addr</name>
         <value>0x0</value>
      </symbol>
      <symbol id="sm-ea">
         <name>__TI_ATRegion0_trg_addr</name>
         <value>0x0</value>
      </symbol>
      <symbol id="sm-eb">
         <name>__TI_ATRegion0_region_sz</name>
         <value>0x0</value>
      </symbol>
      <symbol id="sm-ec">
         <name>__TI_ATRegion1_src_addr</name>
         <value>0x0</value>
      </symbol>
      <symbol id="sm-ed">
         <name>__TI_ATRegion1_trg_addr</name>
         <value>0x0</value>
      </symbol>
      <symbol id="sm-ee">
         <name>__TI_ATRegion1_region_sz</name>
         <value>0x0</value>
      </symbol>
      <symbol id="sm-ef">
         <name>__TI_ATRegion2_src_addr</name>
         <value>0x0</value>
      </symbol>
      <symbol id="sm-f0">
         <name>__TI_ATRegion2_trg_addr</name>
         <value>0x0</value>
      </symbol>
      <symbol id="sm-f1">
         <name>__TI_ATRegion2_region_sz</name>
         <value>0x0</value>
      </symbol>
      <symbol id="sm-fa">
         <name>DL_Common_delayCycles</name>
         <value>0x2423</value>
         <object_component_ref idref="oc-fc"/>
      </symbol>
      <symbol id="sm-116">
         <name>DL_Timer_setClockConfig</name>
         <value>0x22b5</value>
         <object_component_ref idref="oc-11e"/>
      </symbol>
      <symbol id="sm-117">
         <name>DL_Timer_initTimerMode</name>
         <value>0xe11</value>
         <object_component_ref idref="oc-124"/>
      </symbol>
      <symbol id="sm-118">
         <name>DL_Timer_setCaptureCompareValue</name>
         <value>0x23a1</value>
         <object_component_ref idref="oc-ee"/>
      </symbol>
      <symbol id="sm-119">
         <name>DL_Timer_setCaptCompUpdateMethod</name>
         <value>0x2299</value>
         <object_component_ref idref="oc-121"/>
      </symbol>
      <symbol id="sm-11a">
         <name>DL_Timer_setCaptureCompareOutCtl</name>
         <value>0x2309</value>
         <object_component_ref idref="oc-120"/>
      </symbol>
      <symbol id="sm-11b">
         <name>DL_Timer_initFourCCPWMMode</name>
         <value>0xd0d</value>
         <object_component_ref idref="oc-11f"/>
      </symbol>
      <symbol id="sm-128">
         <name>DL_UART_init</name>
         <value>0x1cad</value>
         <object_component_ref idref="oc-12d"/>
      </symbol>
      <symbol id="sm-129">
         <name>DL_UART_setClockConfig</name>
         <value>0x237d</value>
         <object_component_ref idref="oc-127"/>
      </symbol>
      <symbol id="sm-13a">
         <name>printf</name>
         <value>0x1aad</value>
         <object_component_ref idref="oc-b0"/>
      </symbol>
      <symbol id="sm-15c">
         <name>__TI_printfi_nofloat</name>
         <value>0xc1</value>
         <object_component_ref idref="oc-151"/>
      </symbol>
      <symbol id="sm-167">
         <name>fputc</name>
         <value>0x13c1</value>
         <object_component_ref idref="oc-159"/>
      </symbol>
      <symbol id="sm-176">
         <name>puts</name>
         <value>0x2211</value>
         <object_component_ref idref="oc-9d"/>
      </symbol>
      <symbol id="sm-177">
         <name>fputs</name>
         <value>0xf0d</value>
         <object_component_ref idref="oc-f6"/>
      </symbol>
      <symbol id="sm-181">
         <name>__TI_wrt_ok</name>
         <value>0x18c1</value>
         <object_component_ref idref="oc-132"/>
      </symbol>
      <symbol id="sm-18b">
         <name>setvbuf</name>
         <value>0x10ed</value>
         <object_component_ref idref="oc-16c"/>
      </symbol>
      <symbol id="sm-196">
         <name>__aeabi_errno_addr</name>
         <value>0x242d</value>
         <object_component_ref idref="oc-18a"/>
      </symbol>
      <symbol id="sm-197">
         <name>__aeabi_errno</name>
         <value>0x20200d7c</value>
         <object_component_ref idref="oc-1c3"/>
      </symbol>
      <symbol id="sm-1a5">
         <name>abort</name>
         <value>0x245d</value>
         <object_component_ref idref="oc-c3"/>
      </symbol>
      <symbol id="sm-1a6">
         <name>__TI_cleanup_ptr</name>
         <value>0x20200d70</value>
         <object_component_ref idref="oc-116"/>
      </symbol>
      <symbol id="sm-1a7">
         <name>__TI_dtors_ptr</name>
         <value>0x20200d74</value>
         <object_component_ref idref="oc-116"/>
      </symbol>
      <symbol id="sm-1a8">
         <name>exit</name>
         <value>0x2059</value>
         <object_component_ref idref="oc-c8"/>
      </symbol>
      <symbol id="sm-1b1">
         <name>_nop</name>
         <value>0x1c0b</value>
         <object_component_ref idref="oc-153"/>
      </symbol>
      <symbol id="sm-1b2">
         <name>_lock</name>
         <value>0x20200d80</value>
         <object_component_ref idref="oc-109"/>
      </symbol>
      <symbol id="sm-1b3">
         <name>_unlock</name>
         <value>0x20200d84</value>
         <object_component_ref idref="oc-10d"/>
      </symbol>
      <symbol id="sm-1bf">
         <name>atoi</name>
         <value>0x1ed1</value>
         <object_component_ref idref="oc-182"/>
      </symbol>
      <symbol id="sm-1c4">
         <name>_ftable</name>
         <value>0x20200b38</value>
         <object_component_ref idref="oc-f7"/>
      </symbol>
      <symbol id="sm-1c5">
         <name>__TI_ft_end</name>
         <value>0x20200d78</value>
         <object_component_ref idref="oc-211"/>
      </symbol>
      <symbol id="sm-1c6">
         <name>__TI_tmpnams</name>
         <value>0x202009dc</value>
         <object_component_ref idref="oc-25b"/>
      </symbol>
      <symbol id="sm-1cf">
         <name>memccpy</name>
         <value>0x2235</value>
         <object_component_ref idref="oc-17b"/>
      </symbol>
      <symbol id="sm-1f2">
         <name>malloc</name>
         <value>0x2417</value>
         <object_component_ref idref="oc-1ab"/>
      </symbol>
      <symbol id="sm-1f3">
         <name>aligned_alloc</name>
         <value>0xbf9</value>
         <object_component_ref idref="oc-20a"/>
      </symbol>
      <symbol id="sm-1f4">
         <name>free</name>
         <value>0x1005</value>
         <object_component_ref idref="oc-1a5"/>
      </symbol>
      <symbol id="sm-1f5">
         <name>_sys_memory</name>
         <value>0x20200000</value>
         <object_component_ref idref="oc-207"/>
      </symbol>
      <symbol id="sm-1f6">
         <name>memalign</name>
         <value>0xbf9</value>
         <object_component_ref idref="oc-20a"/>
      </symbol>
      <symbol id="sm-201">
         <name>_c_int00_noargs</name>
         <value>0x21c5</value>
         <object_component_ref idref="oc-5b"/>
      </symbol>
      <symbol id="sm-202">
         <name>__stack</name>
         <value>0x20207e00</value>
         <object_component_ref idref="oc-1a"/>
      </symbol>
      <symbol id="sm-20e">
         <name>__TI_auto_init_nobinit_nopinit</name>
         <value>0x1f11</value>
         <object_component_ref idref="oc-ca"/>
      </symbol>
      <symbol id="sm-216">
         <name>_system_pre_init</name>
         <value>0x246b</value>
         <object_component_ref idref="oc-75"/>
      </symbol>
      <symbol id="sm-221">
         <name>__TI_zero_init_nomemset</name>
         <value>0x2351</value>
         <object_component_ref idref="oc-52"/>
      </symbol>
      <symbol id="sm-22a">
         <name>__TI_decompress_none</name>
         <value>0x238f</value>
         <object_component_ref idref="oc-20"/>
      </symbol>
      <symbol id="sm-235">
         <name>__TI_decompress_lzss</name>
         <value>0x1695</value>
         <object_component_ref idref="oc-1c"/>
      </symbol>
      <symbol id="sm-240">
         <name>wcslen</name>
         <value>0x23b1</value>
         <object_component_ref idref="oc-186"/>
      </symbol>
      <symbol id="sm-24b">
         <name>__TI_doflush</name>
         <value>0x1bb9</value>
         <object_component_ref idref="oc-13c"/>
      </symbol>
      <symbol id="sm-256">
         <name>__TI_cleanup</name>
         <value>0x1fbd</value>
         <object_component_ref idref="oc-1ac"/>
      </symbol>
      <symbol id="sm-263">
         <name>fseek</name>
         <value>0x244d</value>
         <object_component_ref idref="oc-166"/>
      </symbol>
      <symbol id="sm-264">
         <name>fseeko</name>
         <value>0x17e9</value>
         <object_component_ref idref="oc-1a2"/>
      </symbol>
      <symbol id="sm-265">
         <name>__aeabi_ctype_table_</name>
         <value>0x2470</value>
         <object_component_ref idref="oc-1bc"/>
      </symbol>
      <symbol id="sm-266">
         <name>__aeabi_ctype_table_C</name>
         <value>0x2470</value>
         <object_component_ref idref="oc-1bc"/>
      </symbol>
      <symbol id="sm-272">
         <name>__TI_closefile</name>
         <value>0x1619</value>
         <object_component_ref idref="oc-20b"/>
      </symbol>
      <symbol id="sm-27a">
         <name>HOSTexit</name>
         <value>0x2463</value>
         <object_component_ref idref="oc-110"/>
      </symbol>
      <symbol id="sm-27b">
         <name>C$$EXIT</name>
         <value>0x2462</value>
         <object_component_ref idref="oc-110"/>
      </symbol>
      <symbol id="sm-285">
         <name>write</name>
         <value>0x219d</value>
         <object_component_ref idref="oc-138"/>
      </symbol>
      <symbol id="sm-28a">
         <name>_device</name>
         <value>0x20200ca8</value>
         <object_component_ref idref="oc-1b5"/>
      </symbol>
      <symbol id="sm-28b">
         <name>_stream</name>
         <value>0x20200d20</value>
         <object_component_ref idref="oc-172"/>
      </symbol>
      <symbol id="sm-294">
         <name>remove</name>
         <value>0x2455</value>
         <object_component_ref idref="oc-257"/>
      </symbol>
      <symbol id="sm-29f">
         <name>lseek</name>
         <value>0x2175</value>
         <object_component_ref idref="oc-200"/>
      </symbol>
      <symbol id="sm-2a9">
         <name>close</name>
         <value>0x1c5d</value>
         <object_component_ref idref="oc-253"/>
      </symbol>
      <symbol id="sm-2b3">
         <name>unlink</name>
         <value>0x2121</value>
         <object_component_ref idref="oc-281"/>
      </symbol>
      <symbol id="sm-2bd">
         <name>HOSTclose</name>
         <value>0x1cf5</value>
         <object_component_ref idref="oc-218"/>
      </symbol>
      <symbol id="sm-2c7">
         <name>HOSTlseek</name>
         <value>0x1711</value>
         <object_component_ref idref="oc-224"/>
      </symbol>
      <symbol id="sm-2d1">
         <name>HOSTopen</name>
         <value>0x19ed</value>
         <object_component_ref idref="oc-214"/>
      </symbol>
      <symbol id="sm-2d2">
         <name>parmbuf</name>
         <value>0x20200b2c</value>
         <object_component_ref idref="oc-265"/>
      </symbol>
      <symbol id="sm-2dc">
         <name>HOSTread</name>
         <value>0x1b09</value>
         <object_component_ref idref="oc-21c"/>
      </symbol>
      <symbol id="sm-2ed">
         <name>HOSTrename</name>
         <value>0x177d</value>
         <object_component_ref idref="oc-22c"/>
      </symbol>
      <symbol id="sm-2f7">
         <name>HOSTunlink</name>
         <value>0x1d3d</value>
         <object_component_ref idref="oc-228"/>
      </symbol>
      <symbol id="sm-301">
         <name>HOSTwrite</name>
         <value>0x1b61</value>
         <object_component_ref idref="oc-220"/>
      </symbol>
      <symbol id="sm-30f">
         <name>C$$IO$$</name>
         <value>0x2051</value>
         <object_component_ref idref="oc-25e"/>
      </symbol>
      <symbol id="sm-310">
         <name>__TI_writemsg</name>
         <value>0x2025</value>
         <object_component_ref idref="oc-25e"/>
      </symbol>
      <symbol id="sm-311">
         <name>__CIOBUF_</name>
         <value>0x20200800</value>
         <object_component_ref idref="oc-288"/>
      </symbol>
      <symbol id="sm-312">
         <name>__TI_readmsg</name>
         <value>0x1ff1</value>
         <object_component_ref idref="oc-264"/>
      </symbol>
      <symbol id="sm-313">
         <name>_CIOBUF_</name>
         <value>0x20200800</value>
         <object_component_ref idref="oc-288"/>
      </symbol>
      <symbol id="sm-319">
         <name>__muldsi3</name>
         <value>0x1f4d</value>
         <object_component_ref idref="oc-1c7"/>
      </symbol>
      <symbol id="sm-31f">
         <name>__aeabi_lmul</name>
         <value>0x21ed</value>
         <object_component_ref idref="oc-18f"/>
      </symbol>
      <symbol id="sm-320">
         <name>__muldi3</name>
         <value>0x21ed</value>
         <object_component_ref idref="oc-18f"/>
      </symbol>
      <symbol id="sm-326">
         <name>__aeabi_memcpy</name>
         <value>0x2435</value>
         <object_component_ref idref="oc-4b"/>
      </symbol>
      <symbol id="sm-327">
         <name>__aeabi_memcpy4</name>
         <value>0x2435</value>
         <object_component_ref idref="oc-4b"/>
      </symbol>
      <symbol id="sm-328">
         <name>__aeabi_memcpy8</name>
         <value>0x2435</value>
         <object_component_ref idref="oc-4b"/>
      </symbol>
      <symbol id="sm-331">
         <name>__aeabi_memset</name>
         <value>0x23d1</value>
         <object_component_ref idref="oc-17a"/>
      </symbol>
      <symbol id="sm-332">
         <name>__aeabi_memset4</name>
         <value>0x23d1</value>
         <object_component_ref idref="oc-17a"/>
      </symbol>
      <symbol id="sm-333">
         <name>__aeabi_memset8</name>
         <value>0x23d1</value>
         <object_component_ref idref="oc-17a"/>
      </symbol>
      <symbol id="sm-334">
         <name>__aeabi_memclr</name>
         <value>0x1585</value>
         <object_component_ref idref="oc-70"/>
      </symbol>
      <symbol id="sm-335">
         <name>__aeabi_memclr4</name>
         <value>0x1585</value>
         <object_component_ref idref="oc-70"/>
      </symbol>
      <symbol id="sm-336">
         <name>__aeabi_memclr8</name>
         <value>0x1585</value>
         <object_component_ref idref="oc-70"/>
      </symbol>
      <symbol id="sm-33c">
         <name>__aeabi_uidiv</name>
         <value>0x1e91</value>
         <object_component_ref idref="oc-ac"/>
      </symbol>
      <symbol id="sm-33d">
         <name>__aeabi_uidivmod</name>
         <value>0x1e91</value>
         <object_component_ref idref="oc-ac"/>
      </symbol>
      <symbol id="sm-343">
         <name>__aeabi_uldivmod</name>
         <value>0x2369</value>
         <object_component_ref idref="oc-194"/>
      </symbol>
      <symbol id="sm-349">
         <name>__udivmoddi4</name>
         <value>0x131d</value>
         <object_component_ref idref="oc-1cc"/>
      </symbol>
      <symbol id="sm-34f">
         <name>__aeabi_llsl</name>
         <value>0x2279</value>
         <object_component_ref idref="oc-234"/>
      </symbol>
      <symbol id="sm-350">
         <name>__ashldi3</name>
         <value>0x2279</value>
         <object_component_ref idref="oc-234"/>
      </symbol>
      <symbol id="sm-35d">
         <name>__aeabi_idiv0</name>
         <value>0x14f7</value>
         <object_component_ref idref="oc-102"/>
      </symbol>
      <symbol id="sm-35e">
         <name>__aeabi_ldiv0</name>
         <value>0x19eb</value>
         <object_component_ref idref="oc-233"/>
      </symbol>
      <symbol id="sm-36c">
         <name>finddevice</name>
         <value>0x208d</value>
         <object_component_ref idref="oc-294"/>
      </symbol>
      <symbol id="sm-36d">
         <name>getdevice</name>
         <value>0x1855</value>
         <object_component_ref idref="oc-28b"/>
      </symbol>
      <symbol id="sm-386">
         <name>memcpy</name>
         <value>0x145d</value>
         <object_component_ref idref="oc-8c"/>
      </symbol>
      <symbol id="sm-395">
         <name>memset</name>
         <value>0x1989</value>
         <object_component_ref idref="oc-e2"/>
      </symbol>
      <symbol id="sm-39d">
         <name>strcmp</name>
         <value>0x1591</value>
         <object_component_ref idref="oc-297"/>
      </symbol>
      <symbol id="sm-39e">
         <name>__TI_static_base__</name>
         <value>0x0</value>
      </symbol>
      <symbol id="sm-3a1">
         <name>__mpu_init</name>
         <value>0x0</value>
      </symbol>
      <symbol id="sm-3a2">
         <name>_system_post_cinit</name>
         <value>0x0</value>
      </symbol>
   </symbol_table>
   <title>Link successful</title>
</link_info>
