******************************************************************************
            TI ARM Clang Linker PC v4.0.4                      
******************************************************************************
>> Linked Tue Jul 14 17:53:46 2026

OUTPUT FILE NAME:   <MoterNEW_Encode_PID.out>
ENTRY POINT SYMBOL: "_c_int00_noargs"  address: 00001979


MEMORY CONFIGURATION

         name            origin    length      used     unused   attr    fill
----------------------  --------  ---------  --------  --------  ----  --------
  FLASH                 00000000   00020000  00001d70  0001e290  R  X
  SRAM                  20200000   00008000  00000453  00007bad  RW X
  BCR_CONFIG            41c00000   000000ff  00000000  000000ff  R   
  BSL_CONFIG            41c00100   00000080  00000000  00000080  R   


SEGMENT ALLOCATION MAP

run origin  load origin   length   init length attrs members
----------  ----------- ---------- ----------- ----- -------
00000000    00000000    00001d70   00001d70    r-x
  00000000    00000000    000000c0   000000c0    r-- .intvecs
  000000c0    000000c0    00001ae0   00001ae0    r-x .text
  00001ba0    00001ba0    000001a0   000001a0    r-- .rodata
  00001d40    00001d40    00000030   00000030    r-- .cinit
20200000    20200000    00000253   00000000    rw-
  20200000    20200000    000001a4   00000000    rw- .bss
  202001a4    202001a4    000000af   00000000    rw- .data
20207e00    20207e00    00000200   00000000    rw-
  20207e00    20207e00    00000200   00000000    rw- .stack


SECTION ALLOCATION MAP

 output                                  attributes/
section   page    origin      length       input sections
--------  ----  ----------  ----------   ----------------
.intvecs   0    00000000    000000c0     
                  00000000    000000c0     startup_mspm0g350x_ticlang.o (.intvecs)

.text      0    000000c0    00001ae0     
                  000000c0    00000868     libc.a : _printfi.c.obj (.text:__TI_printfi_nofloat)
                  00000928    00000164     speed_control.o (.text.SpeedPI_UpdateSingle)
                  00000a8c    00000104     driverlib.a : dl_timer.o (.text.DL_Timer_initFourCCPWMMode)
                  00000b90    000000fc                 : dl_timer.o (.text.DL_Timer_initTimerMode)
                  00000c8c    000000d8     libclang_rt.builtins.a : addsf3.S.obj (.text)
                  00000d64    000000b0     motor.o (.text.Motor_SetSpeed)
                  00000e14    000000a8     ti_msp_dl_config.o (.text.SYSCFG_DL_GPIO_init)
                  00000ebc    000000a2     libclang_rt.builtins.a : udivmoddi4.S.obj (.text)
                  00000f5e    0000009a     libc.a : memcpy16.S.obj (.text:memcpy)
                  00000ff8    0000008c     ti_msp_dl_config.o (.text.SYSCFG_DL_PWM_0_init)
                  00001084    0000008c     libclang_rt.builtins.a : mulsf3.S.obj (.text.__mulsf3)
                  00001110    00000080     encoder.o (.text.GROUP1_IRQHandler)
                  00001190    0000007c     empty.o (.text.main)
                  0000120c    0000007c     libc.a : copy_decompress_lzss.c.obj (.text:decompress:lzss)
                  00001288    00000062     libclang_rt.builtins.a : aeabi_fcmp.S.obj (.text.__aeabi_fcmp)
                  000012ea    00000062     libc.a : memset16.S.obj (.text:memset)
                  0000134c    00000060     ti_msp_dl_config.o (.text.SYSCFG_DL_UART_0_init)
                  000013ac    00000054     speed_control.o (.text.SpeedControl_Init)
                  00001400    00000054     encoder.o (.text.TIMA0_IRQHandler)
                  00001454    00000050     ti_msp_dl_config.o (.text.SYSCFG_DL_TIMER_TICK_init)
                  000014a4    0000004c     libc.a : snprintf.c.obj (.text.snprintf)
                  000014f0    00000048     driverlib.a : dl_uart.o (.text.DL_UART_init)
                  00001538    00000048     ti_msp_dl_config.o (.text.SYSCFG_DL_initPower)
                  00001580    00000044     speed_control.o (.text.SpeedControl_SetTargetPPS)
                  000015c4    00000044     usart.o (.text.UART0_IRQHandler)
                  00001608    00000040     ti_msp_dl_config.o (.text.SYSCFG_DL_SYSCTL_init)
                  00001648    00000040     libclang_rt.builtins.a : aeabi_uidivmod.S.obj (.text.__aeabi_uidivmod)
                  00001688    00000040     libc.a : atoi.c.obj (.text.atoi)
                  000016c8    0000003c     libclang_rt.builtins.a : floatsisf.S.obj (.text.__floatsisf)
                  00001704    0000003c                            : comparesf2.S.obj (.text.__gtsf2)
                  00001740    0000003c     libc.a : autoinit.c.obj (.text:__TI_auto_init_nobinit_nopinit)
                  0000177c    0000003a     libclang_rt.builtins.a : comparesf2.S.obj (.text.__eqsf2)
                  000017b6    00000002     startup_mspm0g350x_ticlang.o (.text.Default_Handler)
                  000017b8    0000003a     libclang_rt.builtins.a : muldsi3.S.obj (.text.__muldsi3)
                  000017f2    00000002                            : aeabi_div0.c.obj (.text.__aeabi_idiv0)
                  000017f4    00000038     encoder.o (.text.Encoder_Init)
                  0000182c    00000038     libclang_rt.builtins.a : fixsfsi.S.obj (.text.__fixsfsi)
                  00001864    00000034     ti_msp_dl_config.o (.text.SYSCFG_DL_init)
                  00001898    00000030     motor.o (.text.Motor_Init)
                  000018c8    00000030     usart.o (.text.USART_SendString)
                  000018f8    00000030     libc.a : snprintf.c.obj (.text._outs)
                  00001928    00000028     speed_control.o (.text.SpeedControl_Update)
                  00001950    00000028     libclang_rt.builtins.a : floatunsisf.S.obj (.text.__floatunsisf)
                  00001978    00000028     libc.a : boot_cortex_m.c.obj (.text:_c_int00_noargs)
                  000019a0    00000024     libclang_rt.builtins.a : muldi3.S.obj (.text.__muldi3)
                  000019c4    00000022     libc.a : memccpy.c.obj (.text.memccpy)
                  000019e6    00000002     libclang_rt.builtins.a : aeabi_div0.c.obj (.text.__aeabi_ldiv0)
                  000019e8    0000001e                            : ashldi3.S.obj (.text.__ashldi3)
                  00001a06    00000002     --HOLE-- [fill = 0]
                  00001a08    0000001c     driverlib.a : dl_timer.o (.text.DL_Timer_setCaptCompUpdateMethod)
                  00001a24    0000001c                 : dl_timer.o (.text.DL_Timer_setClockConfig)
                  00001a40    00000018                 : dl_timer.o (.text.DL_Timer_setCaptureCompareOutCtl)
                  00001a58    00000018     encoder.o (.text.Encoder_GetSpeed)
                  00001a70    00000018     usart.o (.text.USART_Init)
                  00001a88    00000018     libc.a : snprintf.c.obj (.text._outc)
                  00001aa0    00000016            : copy_zero_init.c.obj (.text:decompress:ZI:__TI_zero_init_nomemset)
                  00001ab6    00000002     --HOLE-- [fill = 0]
                  00001ab8    00000014     libclang_rt.builtins.a : aeabi_uldivmod.S.obj (.text.__aeabi_uldivmod)
                  00001acc    00000012     driverlib.a : dl_uart.o (.text.DL_UART_setClockConfig)
                  00001ade    00000012     libc.a : copy_decompress_none.c.obj (.text:decompress:none)
                  00001af0    00000010     driverlib.a : dl_timer.o (.text.DL_Timer_setCaptureCompareValue)
                  00001b00    00000010     libc.a : wcslen.c.obj (.text.wcslen)
                  00001b10    0000000e     libclang_rt.builtins.a : aeabi_memset.S.obj (.text.__aeabi_memset)
                  00001b1e    0000000e     delay.o (.text.delay_ms)
                  00001b2c    0000000e     libc.a : _printfi.c.obj (.text.strlen)
                  00001b3a    00000002     --HOLE-- [fill = 0]
                  00001b3c    0000000c     speed_control.o (.text.SpeedControl_GetLeftPWM)
                  00001b48    0000000c     speed_control.o (.text.SpeedControl_GetLeftTargetPPS)
                  00001b54    0000000c     speed_control.o (.text.SpeedControl_GetRightPWM)
                  00001b60    0000000c     speed_control.o (.text.SpeedControl_GetRightTargetPPS)
                  00001b6c    0000000a     driverlib.a : dl_common.o (.text.DL_Common_delayCycles)
                  00001b76    00000002     --HOLE-- [fill = 0]
                  00001b78    00000008     libc.a : aeabi_portable.c.obj (.text.__aeabi_errno_addr)
                  00001b80    00000008     libclang_rt.builtins.a : aeabi_memcpy.S.obj (.text.__aeabi_memcpy)
                  00001b88    00000006     libc.a : exit.c.obj (.text:abort)
                  00001b8e    00000004     libsysbm.a : hostexit.c.obj (.text.HOSTexit)
                  00001b92    00000004     startup_mspm0g350x_ticlang.o (.text.Reset_Handler)
                  00001b96    00000004     libc.a : pre_init.c.obj (.text._system_pre_init)
                  00001b9a    00000006     --HOLE-- [fill = 0]

.cinit     0    00001d40    00000030     
                  00001d40    0000000c     (__TI_handler_table)
                  00001d4c    00000009     (.cinit..data.load) [load image, compression = lzss]
                  00001d55    00000003     --HOLE-- [fill = 0]
                  00001d58    00000008     (.cinit..bss.load) [load image, compression = zero_init]
                  00001d60    00000010     (__TI_cinit_table)

.rodata    0    00001ba0    000001a0     
                  00001ba0    00000101     libc.a : aeabi_ctype.S.obj (.rodata:__aeabi_ctype_table_)
                  00001ca1    00000029     empty.o (.rodata.str1.254342170260855183.1)
                  00001cca    00000025     empty.o (.rodata.str1.9517790425240694019.1)
                  00001cef    00000001     --HOLE-- [fill = 0]
                  00001cf0    00000014     ti_msp_dl_config.o (.rodata.gTIMER_TICKTimerConfig)
                  00001d04    00000011     libc.a : _printfi.c.obj (.rodata.str1.10348868589481759720.1)
                  00001d15    00000011            : _printfi.c.obj (.rodata.str1.15363888844622738466.1)
                  00001d26    0000000a     ti_msp_dl_config.o (.rodata.gUART_0Config)
                  00001d30    00000008     ti_msp_dl_config.o (.rodata.gPWM_0Config)
                  00001d38    00000003     ti_msp_dl_config.o (.rodata.gPWM_0ClockConfig)
                  00001d3b    00000003     ti_msp_dl_config.o (.rodata.gTIMER_TICKClockConfig)
                  00001d3e    00000002     ti_msp_dl_config.o (.rodata.gUART_0ClockConfig)

.init_array 
*          0    00000000    00000000     UNINITIALIZED

.binit     0    00000000    00000000     

.bss       0    20200000    000001a4     UNINITIALIZED
                  20200000    000000bc     (.common:gTIMER_TICKBackup)
                  202000bc    000000a0     (.common:gPWM_0Backup)
                  2020015c    00000024     speed_control.o (.bss.g_leftController)
                  20200180    00000024     speed_control.o (.bss.g_rightController)

.data      0    202001a4    000000af     UNINITIALIZED
                  202001a4    00000080     usart.o (.data.recv0_buff)
                  20200224    00000004     libc.a : aeabi_portable.c.obj (.data.__aeabi_errno)
                  20200228    00000004     encoder.o (.data.g_enc_edge_left)
                  2020022c    00000004     encoder.o (.data.g_enc_edge_right)
                  20200230    00000004     encoder.o (.data.g_gpio_pending)
                  20200234    00000004     encoder.o (.data.g_gpioa_entry)
                  20200238    00000004     encoder.o (.data.g_group1_entry)
                  2020023c    00000004     encoder.o (.data.g_speed_counter_left)
                  20200240    00000004     encoder.o (.data.g_speed_counter_right)
                  20200244    00000004     encoder.o (.data.g_speed_left)
                  20200248    00000004     encoder.o (.data.g_speed_right)
                  2020024c    00000004     encoder.o (.data.g_timer_ticks)
                  20200250    00000002     usart.o (.data.recv0_length)
                  20200252    00000001     usart.o (.data.recv0_flag)

.stack     0    20207e00    00000200     UNINITIALIZED
                  20207e00    00000004     libc.a : boot_cortex_m.c.obj (.stack)
                  20207e04    000001fc     --HOLE--

__llvm_prf_cnts 
*          0    20200000    00000000     UNINITIALIZED

__llvm_prf_bits 
*          0    20200000    00000000     UNINITIALIZED

MODULE SUMMARY

       Module                         code   ro data   rw data
       ------                         ----   -------   -------
    .\
       ti_msp_dl_config.o             672    46        348    
       speed_control.o                596    0         72     
       encoder.o                      292    0         40     
       usart.o                        140    0         131    
       motor.o                        224    0         0      
       empty.o                        124    78        0      
       startup_mspm0g350x_ticlang.o   6      192       0      
       delay.o                        14     0         0      
    +--+------------------------------+------+---------+---------+
       Total:                         2068   316       591    
                                                              
    D:/ti/mspm0_sdk_2_10_00_04/source/ti/driverlib/lib/ticlang/m0p/mspm0g1x0x_g3x0x/driverlib.a
       dl_timer.o                     608    0         0      
       dl_uart.o                      90     0         0      
       dl_common.o                    10     0         0      
    +--+------------------------------+------+---------+---------+
       Total:                         708    0         0      
                                                              
    D:\ti\ccs2050\ccs\tools\compiler\ti-cgt-armllvm_4.0.4.LTS\lib\armv6m-ti-none-eabi/c/libc.a
       _printfi.c.obj                 2166   34        0      
       aeabi_ctype.S.obj              0      257       0      
       memcpy16.S.obj                 154    0         0      
       snprintf.c.obj                 148    0         0      
       copy_decompress_lzss.c.obj     124    0         0      
       memset16.S.obj                 98     0         0      
       atoi.c.obj                     64     0         0      
       autoinit.c.obj                 60     0         0      
       boot_cortex_m.c.obj            40     0         0      
       memccpy.c.obj                  34     0         0      
       copy_zero_init.c.obj           22     0         0      
       copy_decompress_none.c.obj     18     0         0      
       wcslen.c.obj                   16     0         0      
       aeabi_portable.c.obj           8      0         4      
       exit.c.obj                     6      0         0      
       pre_init.c.obj                 4      0         0      
    +--+------------------------------+------+---------+---------+
       Total:                         2962   291       4      
                                                              
    D:\ti\ccs2050\ccs\tools\compiler\ti-cgt-armllvm_4.0.4.LTS\lib\armv6m-ti-none-eabi/c/libsysbm.a
       hostexit.c.obj                 4      0         0      
    +--+------------------------------+------+---------+---------+
       Total:                         4      0         0      
                                                              
    D:\ti\ccs2050\ccs\tools\compiler\ti-cgt-armllvm_4.0.4.LTS\lib\armv6m-ti-none-eabi/libclang_rt.builtins.a
       addsf3.S.obj                   216    0         0      
       udivmoddi4.S.obj               162    0         0      
       mulsf3.S.obj                   140    0         0      
       comparesf2.S.obj               118    0         0      
       aeabi_fcmp.S.obj               98     0         0      
       aeabi_uidivmod.S.obj           64     0         0      
       floatsisf.S.obj                60     0         0      
       muldsi3.S.obj                  58     0         0      
       fixsfsi.S.obj                  56     0         0      
       floatunsisf.S.obj              40     0         0      
       muldi3.S.obj                   36     0         0      
       ashldi3.S.obj                  30     0         0      
       aeabi_uldivmod.S.obj           20     0         0      
       aeabi_memset.S.obj             14     0         0      
       aeabi_memcpy.S.obj             8      0         0      
       aeabi_div0.c.obj               4      0         0      
    +--+------------------------------+------+---------+---------+
       Total:                         1124   0         0      
                                                              
       Stack:                         0      0         512    
       Linker Generated:              0      45        0      
    +--+------------------------------+------+---------+---------+
       Grand Total:                   6866   652       1107   


LINKER GENERATED COPY TABLES

__TI_cinit_table @ 00001d60 records: 2, size/record: 8, table size: 16
	.data: load addr=00001d4c, load size=00000009 bytes, run addr=202001a4, run size=000000af bytes, compression=lzss
	.bss: load addr=00001d58, load size=00000008 bytes, run addr=20200000, run size=000001a4 bytes, compression=zero_init


LINKER GENERATED HANDLER TABLE

__TI_handler_table @ 00001d40 records: 3, size/record: 4, table size: 12
	index: 0, handler: __TI_decompress_lzss
	index: 1, handler: __TI_decompress_none
	index: 2, handler: __TI_zero_init


GLOBAL SYMBOLS: SORTED ALPHABETICALLY BY Name 

address   name                            
-------   ----                            
000017b7  ADC0_IRQHandler                 
000017b7  ADC1_IRQHandler                 
000017b7  AES_IRQHandler                  
00001b8e  C$$EXIT                         
000017b7  CANFD0_IRQHandler               
000017b7  DAC0_IRQHandler                 
00001b6d  DL_Common_delayCycles           
00000a8d  DL_Timer_initFourCCPWMMode      
00000b91  DL_Timer_initTimerMode          
00001a09  DL_Timer_setCaptCompUpdateMethod
00001a41  DL_Timer_setCaptureCompareOutCtl
00001af1  DL_Timer_setCaptureCompareValue 
00001a25  DL_Timer_setClockConfig         
000014f1  DL_UART_init                    
00001acd  DL_UART_setClockConfig          
000017b7  DMA_IRQHandler                  
000017b7  Default_Handler                 
00001a59  Encoder_GetSpeed                
000017f5  Encoder_Init                    
000017b7  GROUP0_IRQHandler               
00001111  GROUP1_IRQHandler               
00001b8f  HOSTexit                        
000017b7  HardFault_Handler               
000017b7  I2C0_IRQHandler                 
000017b7  I2C1_IRQHandler                 
00001899  Motor_Init                      
00000d65  Motor_SetSpeed                  
000017b7  NMI_Handler                     
000017b7  PendSV_Handler                  
000017b7  RTC_IRQHandler                  
00001b93  Reset_Handler                   
000017b7  SPI0_IRQHandler                 
000017b7  SPI1_IRQHandler                 
000017b7  SVC_Handler                     
00000e15  SYSCFG_DL_GPIO_init             
00000ff9  SYSCFG_DL_PWM_0_init            
00001609  SYSCFG_DL_SYSCTL_init           
00001455  SYSCFG_DL_TIMER_TICK_init       
0000134d  SYSCFG_DL_UART_0_init           
00001865  SYSCFG_DL_init                  
00001539  SYSCFG_DL_initPower             
00001b3d  SpeedControl_GetLeftPWM         
00001b49  SpeedControl_GetLeftTargetPPS   
00001b55  SpeedControl_GetRightPWM        
00001b61  SpeedControl_GetRightTargetPPS  
000013ad  SpeedControl_Init               
00001581  SpeedControl_SetTargetPPS       
00001929  SpeedControl_Update             
000017b7  SysTick_Handler                 
00001401  TIMA0_IRQHandler                
000017b7  TIMA1_IRQHandler                
000017b7  TIMG0_IRQHandler                
000017b7  TIMG12_IRQHandler               
000017b7  TIMG6_IRQHandler                
000017b7  TIMG7_IRQHandler                
000017b7  TIMG8_IRQHandler                
000015c5  UART0_IRQHandler                
000017b7  UART1_IRQHandler                
000017b7  UART2_IRQHandler                
000017b7  UART3_IRQHandler                
00001a71  USART_Init                      
000018c9  USART_SendString                
20208000  __STACK_END                     
00000200  __STACK_SIZE                    
00000000  __TI_ATRegion0_region_sz        
00000000  __TI_ATRegion0_src_addr         
00000000  __TI_ATRegion0_trg_addr         
00000000  __TI_ATRegion1_region_sz        
00000000  __TI_ATRegion1_src_addr         
00000000  __TI_ATRegion1_trg_addr         
00000000  __TI_ATRegion2_region_sz        
00000000  __TI_ATRegion2_src_addr         
00000000  __TI_ATRegion2_trg_addr         
00001d60  __TI_CINIT_Base                 
00001d70  __TI_CINIT_Limit                
00001d70  __TI_CINIT_Warm                 
00001d40  __TI_Handler_Table_Base         
00001d4c  __TI_Handler_Table_Limit        
00001741  __TI_auto_init_nobinit_nopinit  
0000120d  __TI_decompress_lzss            
00001adf  __TI_decompress_none            
ffffffff  __TI_pprof_out_hndl             
000000c1  __TI_printfi_nofloat            
ffffffff  __TI_prof_data_size             
ffffffff  __TI_prof_data_start            
00000000  __TI_static_base__              
00001aa1  __TI_zero_init_nomemset         
00000c97  __addsf3                        
00001ba0  __aeabi_ctype_table_            
00001ba0  __aeabi_ctype_table_C           
20200224  __aeabi_errno                   
00001b79  __aeabi_errno_addr              
0000182d  __aeabi_f2iz                    
00000c97  __aeabi_fadd                    
00001289  __aeabi_fcmpeq                  
000012c5  __aeabi_fcmpge                  
000012d9  __aeabi_fcmpgt                  
000012b1  __aeabi_fcmple                  
0000129d  __aeabi_fcmplt                  
00001085  __aeabi_fmul                    
00000c8d  __aeabi_fsub                    
000016c9  __aeabi_i2f                     
000017f3  __aeabi_idiv0                   
000019e7  __aeabi_ldiv0                   
000019e9  __aeabi_llsl                    
000019a1  __aeabi_lmul                    
00001b81  __aeabi_memcpy                  
00001b81  __aeabi_memcpy4                 
00001b81  __aeabi_memcpy8                 
00001b11  __aeabi_memset                  
00001b11  __aeabi_memset4                 
00001b11  __aeabi_memset8                 
00001951  __aeabi_ui2f                    
00001649  __aeabi_uidiv                   
00001649  __aeabi_uidivmod                
00001ab9  __aeabi_uldivmod                
000019e9  __ashldi3                       
ffffffff  __binit__                       
0000177d  __cmpsf2                        
0000177d  __eqsf2                         
0000182d  __fixsfsi                       
000016c9  __floatsisf                     
00001951  __floatunsisf                   
00001705  __gesf2                         
00001705  __gtsf2                         
0000177d  __lesf2                         
0000177d  __ltsf2                         
UNDEFED   __mpu_init                      
000019a1  __muldi3                        
000017b9  __muldsi3                       
00001085  __mulsf3                        
0000177d  __nesf2                         
20207e00  __stack                         
20200000  __start___llvm_prf_bits         
20200000  __start___llvm_prf_cnts         
20200000  __stop___llvm_prf_bits          
20200000  __stop___llvm_prf_cnts          
00000c8d  __subsf3                        
00000ebd  __udivmoddi4                    
00001979  _c_int00_noargs                 
UNDEFED   _system_post_cinit              
00001b97  _system_pre_init                
00001b89  abort                           
00001689  atoi                            
ffffffff  binit                           
00001b1f  delay_ms                        
202000bc  gPWM_0Backup                    
20200000  gTIMER_TICKBackup               
20200228  g_enc_edge_left                 
2020022c  g_enc_edge_right                
20200230  g_gpio_pending                  
20200234  g_gpioa_entry                   
20200238  g_group1_entry                  
2020024c  g_timer_ticks                   
00000000  interruptVectors                
00001191  main                            
000019c5  memccpy                         
00000f5f  memcpy                          
000012eb  memset                          
202001a4  recv0_buff                      
20200252  recv0_flag                      
20200250  recv0_length                    
000014a5  snprintf                        
00001b01  wcslen                          


GLOBAL SYMBOLS: SORTED BY Symbol Address 

address   name                            
-------   ----                            
00000000  __TI_ATRegion0_region_sz        
00000000  __TI_ATRegion0_src_addr         
00000000  __TI_ATRegion0_trg_addr         
00000000  __TI_ATRegion1_region_sz        
00000000  __TI_ATRegion1_src_addr         
00000000  __TI_ATRegion1_trg_addr         
00000000  __TI_ATRegion2_region_sz        
00000000  __TI_ATRegion2_src_addr         
00000000  __TI_ATRegion2_trg_addr         
00000000  __TI_static_base__              
00000000  interruptVectors                
000000c1  __TI_printfi_nofloat            
00000200  __STACK_SIZE                    
00000a8d  DL_Timer_initFourCCPWMMode      
00000b91  DL_Timer_initTimerMode          
00000c8d  __aeabi_fsub                    
00000c8d  __subsf3                        
00000c97  __addsf3                        
00000c97  __aeabi_fadd                    
00000d65  Motor_SetSpeed                  
00000e15  SYSCFG_DL_GPIO_init             
00000ebd  __udivmoddi4                    
00000f5f  memcpy                          
00000ff9  SYSCFG_DL_PWM_0_init            
00001085  __aeabi_fmul                    
00001085  __mulsf3                        
00001111  GROUP1_IRQHandler               
00001191  main                            
0000120d  __TI_decompress_lzss            
00001289  __aeabi_fcmpeq                  
0000129d  __aeabi_fcmplt                  
000012b1  __aeabi_fcmple                  
000012c5  __aeabi_fcmpge                  
000012d9  __aeabi_fcmpgt                  
000012eb  memset                          
0000134d  SYSCFG_DL_UART_0_init           
000013ad  SpeedControl_Init               
00001401  TIMA0_IRQHandler                
00001455  SYSCFG_DL_TIMER_TICK_init       
000014a5  snprintf                        
000014f1  DL_UART_init                    
00001539  SYSCFG_DL_initPower             
00001581  SpeedControl_SetTargetPPS       
000015c5  UART0_IRQHandler                
00001609  SYSCFG_DL_SYSCTL_init           
00001649  __aeabi_uidiv                   
00001649  __aeabi_uidivmod                
00001689  atoi                            
000016c9  __aeabi_i2f                     
000016c9  __floatsisf                     
00001705  __gesf2                         
00001705  __gtsf2                         
00001741  __TI_auto_init_nobinit_nopinit  
0000177d  __cmpsf2                        
0000177d  __eqsf2                         
0000177d  __lesf2                         
0000177d  __ltsf2                         
0000177d  __nesf2                         
000017b7  ADC0_IRQHandler                 
000017b7  ADC1_IRQHandler                 
000017b7  AES_IRQHandler                  
000017b7  CANFD0_IRQHandler               
000017b7  DAC0_IRQHandler                 
000017b7  DMA_IRQHandler                  
000017b7  Default_Handler                 
000017b7  GROUP0_IRQHandler               
000017b7  HardFault_Handler               
000017b7  I2C0_IRQHandler                 
000017b7  I2C1_IRQHandler                 
000017b7  NMI_Handler                     
000017b7  PendSV_Handler                  
000017b7  RTC_IRQHandler                  
000017b7  SPI0_IRQHandler                 
000017b7  SPI1_IRQHandler                 
000017b7  SVC_Handler                     
000017b7  SysTick_Handler                 
000017b7  TIMA1_IRQHandler                
000017b7  TIMG0_IRQHandler                
000017b7  TIMG12_IRQHandler               
000017b7  TIMG6_IRQHandler                
000017b7  TIMG7_IRQHandler                
000017b7  TIMG8_IRQHandler                
000017b7  UART1_IRQHandler                
000017b7  UART2_IRQHandler                
000017b7  UART3_IRQHandler                
000017b9  __muldsi3                       
000017f3  __aeabi_idiv0                   
000017f5  Encoder_Init                    
0000182d  __aeabi_f2iz                    
0000182d  __fixsfsi                       
00001865  SYSCFG_DL_init                  
00001899  Motor_Init                      
000018c9  USART_SendString                
00001929  SpeedControl_Update             
00001951  __aeabi_ui2f                    
00001951  __floatunsisf                   
00001979  _c_int00_noargs                 
000019a1  __aeabi_lmul                    
000019a1  __muldi3                        
000019c5  memccpy                         
000019e7  __aeabi_ldiv0                   
000019e9  __aeabi_llsl                    
000019e9  __ashldi3                       
00001a09  DL_Timer_setCaptCompUpdateMethod
00001a25  DL_Timer_setClockConfig         
00001a41  DL_Timer_setCaptureCompareOutCtl
00001a59  Encoder_GetSpeed                
00001a71  USART_Init                      
00001aa1  __TI_zero_init_nomemset         
00001ab9  __aeabi_uldivmod                
00001acd  DL_UART_setClockConfig          
00001adf  __TI_decompress_none            
00001af1  DL_Timer_setCaptureCompareValue 
00001b01  wcslen                          
00001b11  __aeabi_memset                  
00001b11  __aeabi_memset4                 
00001b11  __aeabi_memset8                 
00001b1f  delay_ms                        
00001b3d  SpeedControl_GetLeftPWM         
00001b49  SpeedControl_GetLeftTargetPPS   
00001b55  SpeedControl_GetRightPWM        
00001b61  SpeedControl_GetRightTargetPPS  
00001b6d  DL_Common_delayCycles           
00001b79  __aeabi_errno_addr              
00001b81  __aeabi_memcpy                  
00001b81  __aeabi_memcpy4                 
00001b81  __aeabi_memcpy8                 
00001b89  abort                           
00001b8e  C$$EXIT                         
00001b8f  HOSTexit                        
00001b93  Reset_Handler                   
00001b97  _system_pre_init                
00001ba0  __aeabi_ctype_table_            
00001ba0  __aeabi_ctype_table_C           
00001d40  __TI_Handler_Table_Base         
00001d4c  __TI_Handler_Table_Limit        
00001d60  __TI_CINIT_Base                 
00001d70  __TI_CINIT_Limit                
00001d70  __TI_CINIT_Warm                 
20200000  __start___llvm_prf_bits         
20200000  __start___llvm_prf_cnts         
20200000  __stop___llvm_prf_bits          
20200000  __stop___llvm_prf_cnts          
20200000  gTIMER_TICKBackup               
202000bc  gPWM_0Backup                    
202001a4  recv0_buff                      
20200224  __aeabi_errno                   
20200228  g_enc_edge_left                 
2020022c  g_enc_edge_right                
20200230  g_gpio_pending                  
20200234  g_gpioa_entry                   
20200238  g_group1_entry                  
2020024c  g_timer_ticks                   
20200250  recv0_length                    
20200252  recv0_flag                      
20207e00  __stack                         
20208000  __STACK_END                     
ffffffff  __TI_pprof_out_hndl             
ffffffff  __TI_prof_data_size             
ffffffff  __TI_prof_data_start            
ffffffff  __binit__                       
ffffffff  binit                           
UNDEFED   __mpu_init                      
UNDEFED   _system_post_cinit              

[164 symbols]
