******************************************************************************
            TI ARM Clang Linker PC v4.0.4                      
******************************************************************************
>> Linked Sat Jun 27 16:26:41 2026

OUTPUT FILE NAME:   <MoterPWM.out>
ENTRY POINT SYMBOL: "_c_int00_noinit_noargs"  address: 000004f9


MEMORY CONFIGURATION

         name            origin    length      used     unused   attr    fill
----------------------  --------  ---------  --------  --------  ----  --------
  FLASH                 00000000   00020000  000005f8  0001fa08  R  X
  SRAM                  20200000   00008000  00000200  00007e00  RW X
  BCR_CONFIG            41c00000   000000ff  00000000  000000ff  R   
  BSL_CONFIG            41c00100   00000080  00000000  00000080  R   


SEGMENT ALLOCATION MAP

run origin  load origin   length   init length attrs members
----------  ----------- ---------- ----------- ----- -------
00000000    00000000    000005f8   000005f8    r-x
  00000000    00000000    000000c0   000000c0    r-- .intvecs
  000000c0    000000c0    00000520   00000520    r-x .text
  000005e0    000005e0    00000018   00000018    r-- .rodata
20207e00    20207e00    00000200   00000000    rw-
  20207e00    20207e00    00000200   00000000    rw- .stack


SECTION ALLOCATION MAP

 output                                  attributes/
section   page    origin      length       input sections
--------  ----  ----------  ----------   ----------------
.intvecs   0    00000000    000000c0     
                  00000000    000000c0     startup_mspm0g350x_ticlang.o (.intvecs)

.text      0    000000c0    00000520     
                  000000c0    00000104     driverlib.a : dl_timer.o (.text.DL_Timer_initFourCCPWMMode)
                  000001c4    0000008c     ti_msp_dl_config.o (.text.SYSCFG_DL_PWM_0_init)
                  00000250    00000078     ti_msp_dl_config.o (.text.SYSCFG_DL_GPIO_init)
                  000002c8    00000060     ti_msp_dl_config.o (.text.SYSCFG_DL_UART_0_init)
                  00000328    00000048     driverlib.a : dl_uart.o (.text.DL_UART_init)
                  00000370    00000046     empty.o (.text.main)
                  000003b6    00000002     startup_mspm0g350x_ticlang.o (.text.Default_Handler)
                  000003b8    00000040     motor.o (.text.Motor_SetSpeed)
                  000003f8    00000040     ti_msp_dl_config.o (.text.SYSCFG_DL_initPower)
                  00000438    00000040     delay.o (.text.delay_ms)
                  00000478    00000030     motor.o (.text.Motor_Init)
                  000004a8    00000030     ti_msp_dl_config.o (.text.SYSCFG_DL_SYSCTL_init)
                  000004d8    00000020     motor.o (.text.Motor_Stop)
                  000004f8    00000020     libc.a : boot_cortex_m.c.obj (.text:_c_int00_noinit_noargs)
                  00000518    0000001c     driverlib.a : dl_timer.o (.text.DL_Timer_setCaptCompUpdateMethod)
                  00000534    0000001c                 : dl_timer.o (.text.DL_Timer_setClockConfig)
                  00000550    0000001c     ti_msp_dl_config.o (.text.SYSCFG_DL_SYSTICK_init)
                  0000056c    0000001c     ti_msp_dl_config.o (.text.SYSCFG_DL_init)
                  00000588    00000018     driverlib.a : dl_timer.o (.text.DL_Timer_setCaptureCompareOutCtl)
                  000005a0    00000012                 : dl_uart.o (.text.DL_UART_setClockConfig)
                  000005b2    00000002     --HOLE-- [fill = 0]
                  000005b4    00000010                 : dl_timer.o (.text.DL_Timer_setCaptureCompareValue)
                  000005c4    0000000a                 : dl_common.o (.text.DL_Common_delayCycles)
                  000005ce    00000006     libc.a : exit.c.obj (.text:abort)
                  000005d4    00000004     libsysbm.a : hostexit.c.obj (.text.HOSTexit)
                  000005d8    00000004     startup_mspm0g350x_ticlang.o (.text.Reset_Handler)
                  000005dc    00000004     libc.a : pre_init.c.obj (.text._system_pre_init)

.cinit     0    00000000    00000000     

.rodata    0    000005e0    00000018     
                  000005e0    0000000a     ti_msp_dl_config.o (.rodata.gUART_0Config)
                  000005ea    00000002     ti_msp_dl_config.o (.rodata.gUART_0ClockConfig)
                  000005ec    00000008     ti_msp_dl_config.o (.rodata.gPWM_0Config)
                  000005f4    00000003     ti_msp_dl_config.o (.rodata.gPWM_0ClockConfig)
                  000005f7    00000001     --HOLE-- [fill = 0]

.init_array 
*          0    00000000    00000000     UNINITIALIZED

.binit     0    00000000    00000000     

.stack     0    20207e00    00000200     UNINITIALIZED
                  20207e00    00000004     libc.a : boot_cortex_m.c.obj (.stack)
                  20207e04    000001fc     --HOLE--

__llvm_prf_cnts 
*          0    20200000    00000000     UNINITIALIZED

__llvm_prf_bits 
*          0    20200000    00000000     UNINITIALIZED

MODULE SUMMARY

       Module                         code   ro data   rw data
       ------                         ----   -------   -------
    .\
       ti_msp_dl_config.o             524    23        0      
       startup_mspm0g350x_ticlang.o   6      192       0      
       motor.o                        144    0         0      
       empty.o                        70     0         0      
       delay.o                        64     0         0      
    +--+------------------------------+------+---------+---------+
       Total:                         808    215       0      
                                                              
    D:/ti/mspm0_sdk_2_10_00_04/source/ti/driverlib/lib/ticlang/m0p/mspm0g1x0x_g3x0x/driverlib.a
       dl_timer.o                     356    0         0      
       dl_uart.o                      90     0         0      
       dl_common.o                    10     0         0      
    +--+------------------------------+------+---------+---------+
       Total:                         456    0         0      
                                                              
    D:\ti\ccs2050\ccs\tools\compiler\ti-cgt-armllvm_4.0.4.LTS\lib\armv6m-ti-none-eabi/c/libc.a
       boot_cortex_m.c.obj            32     0         0      
       exit.c.obj                     6      0         0      
       pre_init.c.obj                 4      0         0      
    +--+------------------------------+------+---------+---------+
       Total:                         42     0         0      
                                                              
    D:\ti\ccs2050\ccs\tools\compiler\ti-cgt-armllvm_4.0.4.LTS\lib\armv6m-ti-none-eabi/c/libsysbm.a
       hostexit.c.obj                 4      0         0      
    +--+------------------------------+------+---------+---------+
       Total:                         4      0         0      
                                                              
       Stack:                         0      0         512    
    +--+------------------------------+------+---------+---------+
       Grand Total:                   1310   215       512    


GLOBAL SYMBOLS: SORTED ALPHABETICALLY BY Name 

address   name                            
-------   ----                            
000003b7  ADC0_IRQHandler                 
000003b7  ADC1_IRQHandler                 
000003b7  AES_IRQHandler                  
000005d4  C$$EXIT                         
000003b7  CANFD0_IRQHandler               
000003b7  DAC0_IRQHandler                 
000005c5  DL_Common_delayCycles           
000000c1  DL_Timer_initFourCCPWMMode      
00000519  DL_Timer_setCaptCompUpdateMethod
00000589  DL_Timer_setCaptureCompareOutCtl
000005b5  DL_Timer_setCaptureCompareValue 
00000535  DL_Timer_setClockConfig         
00000329  DL_UART_init                    
000005a1  DL_UART_setClockConfig          
000003b7  DMA_IRQHandler                  
000003b7  Default_Handler                 
000003b7  GROUP0_IRQHandler               
000003b7  GROUP1_IRQHandler               
000005d5  HOSTexit                        
000003b7  HardFault_Handler               
000003b7  I2C0_IRQHandler                 
000003b7  I2C1_IRQHandler                 
00000479  Motor_Init                      
000003b9  Motor_SetSpeed                  
000004d9  Motor_Stop                      
000003b7  NMI_Handler                     
000003b7  PendSV_Handler                  
000003b7  RTC_IRQHandler                  
000005d9  Reset_Handler                   
000003b7  SPI0_IRQHandler                 
000003b7  SPI1_IRQHandler                 
000003b7  SVC_Handler                     
00000251  SYSCFG_DL_GPIO_init             
000001c5  SYSCFG_DL_PWM_0_init            
000004a9  SYSCFG_DL_SYSCTL_init           
00000551  SYSCFG_DL_SYSTICK_init          
000002c9  SYSCFG_DL_UART_0_init           
0000056d  SYSCFG_DL_init                  
000003f9  SYSCFG_DL_initPower             
000003b7  SysTick_Handler                 
000003b7  TIMA0_IRQHandler                
000003b7  TIMA1_IRQHandler                
000003b7  TIMG0_IRQHandler                
000003b7  TIMG12_IRQHandler               
000003b7  TIMG6_IRQHandler                
000003b7  TIMG7_IRQHandler                
000003b7  TIMG8_IRQHandler                
000003b7  UART0_IRQHandler                
000003b7  UART1_IRQHandler                
000003b7  UART2_IRQHandler                
000003b7  UART3_IRQHandler                
20208000  __STACK_END                     
00000200  __STACK_SIZE                    
00000000  __TI_ATRegion0_region_sz        
00000000  __TI_ATRegion0_src_addr         
00000000  __TI_ATRegion0_trg_addr         
00000000  __TI_ATRegion1_region_sz        
00000000  __TI_ATRegion1_src_addr         
00000000  __TI_ATRegion1_trg_addr         
00000000  __TI_ATRegion2_region_sz        
00000000  __TI_ATRegion2_src_addr         
00000000  __TI_ATRegion2_trg_addr         
00000000  __TI_CINIT_Base                 
00000000  __TI_CINIT_Limit                
00000000  __TI_CINIT_Warm                 
ffffffff  __TI_pprof_out_hndl             
ffffffff  __TI_prof_data_size             
ffffffff  __TI_prof_data_start            
00000000  __TI_static_base__              
ffffffff  __binit__                       
UNDEFED   __mpu_init                      
20207e00  __stack                         
20200000  __start___llvm_prf_bits         
20200000  __start___llvm_prf_cnts         
20200000  __stop___llvm_prf_bits          
20200000  __stop___llvm_prf_cnts          
000004f9  _c_int00_noinit_noargs          
000005dd  _system_pre_init                
000005cf  abort                           
ffffffff  binit                           
00000439  delay_ms                        
00000000  interruptVectors                
00000371  main                            


GLOBAL SYMBOLS: SORTED BY Symbol Address 

address   name                            
-------   ----                            
00000000  __TI_ATRegion0_region_sz        
00000000  __TI_ATRegion0_src_addr         
00000000  __TI_ATRegion0_trg_addr         
00000000  __TI_ATRegion1_region_sz        
00000000  __TI_ATRegion1_src_addr         
00000000  __TI_ATRegion1_trg_addr         
00000000  __TI_ATRegion2_region_sz        
00000000  __TI_ATRegion2_src_addr         
00000000  __TI_ATRegion2_trg_addr         
00000000  __TI_CINIT_Base                 
00000000  __TI_CINIT_Limit                
00000000  __TI_CINIT_Warm                 
00000000  __TI_static_base__              
00000000  interruptVectors                
000000c1  DL_Timer_initFourCCPWMMode      
000001c5  SYSCFG_DL_PWM_0_init            
00000200  __STACK_SIZE                    
00000251  SYSCFG_DL_GPIO_init             
000002c9  SYSCFG_DL_UART_0_init           
00000329  DL_UART_init                    
00000371  main                            
000003b7  ADC0_IRQHandler                 
000003b7  ADC1_IRQHandler                 
000003b7  AES_IRQHandler                  
000003b7  CANFD0_IRQHandler               
000003b7  DAC0_IRQHandler                 
000003b7  DMA_IRQHandler                  
000003b7  Default_Handler                 
000003b7  GROUP0_IRQHandler               
000003b7  GROUP1_IRQHandler               
000003b7  HardFault_Handler               
000003b7  I2C0_IRQHandler                 
000003b7  I2C1_IRQHandler                 
000003b7  NMI_Handler                     
000003b7  PendSV_Handler                  
000003b7  RTC_IRQHandler                  
000003b7  SPI0_IRQHandler                 
000003b7  SPI1_IRQHandler                 
000003b7  SVC_Handler                     
000003b7  SysTick_Handler                 
000003b7  TIMA0_IRQHandler                
000003b7  TIMA1_IRQHandler                
000003b7  TIMG0_IRQHandler                
000003b7  TIMG12_IRQHandler               
000003b7  TIMG6_IRQHandler                
000003b7  TIMG7_IRQHandler                
000003b7  TIMG8_IRQHandler                
000003b7  UART0_IRQHandler                
000003b7  UART1_IRQHandler                
000003b7  UART2_IRQHandler                
000003b7  UART3_IRQHandler                
000003b9  Motor_SetSpeed                  
000003f9  SYSCFG_DL_initPower             
00000439  delay_ms                        
00000479  Motor_Init                      
000004a9  SYSCFG_DL_SYSCTL_init           
000004d9  Motor_Stop                      
000004f9  _c_int00_noinit_noargs          
00000519  DL_Timer_setCaptCompUpdateMethod
00000535  DL_Timer_setClockConfig         
00000551  SYSCFG_DL_SYSTICK_init          
0000056d  SYSCFG_DL_init                  
00000589  DL_Timer_setCaptureCompareOutCtl
000005a1  DL_UART_setClockConfig          
000005b5  DL_Timer_setCaptureCompareValue 
000005c5  DL_Common_delayCycles           
000005cf  abort                           
000005d4  C$$EXIT                         
000005d5  HOSTexit                        
000005d9  Reset_Handler                   
000005dd  _system_pre_init                
20200000  __start___llvm_prf_bits         
20200000  __start___llvm_prf_cnts         
20200000  __stop___llvm_prf_bits          
20200000  __stop___llvm_prf_cnts          
20207e00  __stack                         
20208000  __STACK_END                     
ffffffff  __TI_pprof_out_hndl             
ffffffff  __TI_prof_data_size             
ffffffff  __TI_prof_data_start            
ffffffff  __binit__                       
ffffffff  binit                           
UNDEFED   __mpu_init                      

[83 symbols]
