******************************************************************************
            TI ARM Clang Linker PC v4.0.4                      
******************************************************************************
>> Linked Thu Jul 16 19:39:04 2026

OUTPUT FILE NAME:   <MoterNEW_Encode_PID_FollowLine_ICM.out>
ENTRY POINT SYMBOL: "_c_int00_noargs"  address: 00004f7d


MEMORY CONFIGURATION

         name            origin    length      used     unused   attr    fill
----------------------  --------  ---------  --------  --------  ----  --------
  FLASH                 00000000   00020000  000055f8  0001aa08  R  X
  SRAM                  20200000   00008000  00002378  00005c88  RW X
  BCR_CONFIG            41c00000   000000ff  00000000  000000ff  R   
  BSL_CONFIG            41c00100   00000080  00000000  00000080  R   


SEGMENT ALLOCATION MAP

run origin  load origin   length   init length attrs members
----------  ----------- ---------- ----------- ----- -------
00000000    00000000    000055f8   000055f8    r-x
  00000000    00000000    000000c0   000000c0    r-- .intvecs
  000000c0    000000c0    00005250   00005250    r-x .text
  00005310    00005310    00000270   00000270    r-- .rodata
  00005580    00005580    00000078   00000078    r-- .cinit
20200000    20200000    00002179   00000000    rw-
  20200000    20200000    00001f83   00000000    rw- .bss
  20201f84    20201f84    000001f5   00000000    rw- .data
20207e00    20207e00    00000200   00000000    rw-
  20207e00    20207e00    00000200   00000000    rw- .stack


SECTION ALLOCATION MAP

 output                                  attributes/
section   page    origin      length       input sections
--------  ----  ----------  ----------   ----------------
.intvecs   0    00000000    000000c0     
                  00000000    000000c0     startup_mspm0g350x_ticlang.o (.intvecs)

.text      0    000000c0    00005250     
                  000000c0    000009d0     libc.a : _printfi.c.obj (.text:__TI_printfi)
                  00000a90    0000055c     IMU.o (.text.IMU_AHRSupdate)
                  00000fec    000003d4     IMU.o (.text.calGyroVariance)
                  000013c0    00000364     libc.a : e_asin.c.obj (.text.asin)
                  00001724    00000354     line_follow.o (.text.LineFollow_Update)
                  00001a78    000002f8     libc.a : s_atan.c.obj (.text.atan)
                  00001d70    00000220            : _printfi.c.obj (.text._pconv_a)
                  00001f90    000001dc            : _printfi.c.obj (.text._pconv_g)
                  0000216c    000001a8     IMU.o (.text.IMU_getYawPitchRoll)
                  00002314    000001a8     empty.o (.text.main)
                  000024bc    000001a4     I2C_communication.o (.text.I2C_ReadReg)
                  00002660    00000192     libclang_rt.builtins.a : adddf3.S.obj (.text.adddf3_subdf3)
                  000027f2    00000002     startup_mspm0g350x_ticlang.o (.text.Default_Handler)
                  000027f4    00000188     libc.a : e_atan2.c.obj (.text.atan2)
                  0000297c    00000170            : e_sqrt.c.obj (.text.sqrt)
                  00002aec    00000164     speed_control.o (.text.SpeedPI_UpdateSingle)
                  00002c50    00000154     IMU.o (.text.IMU_getValues)
                  00002da4    0000013c     libc.a : _printfi.c.obj (.text.fcvt)
                  00002ee0    00000120            : _printfi.c.obj (.text._pconv_e)
                  00003000    00000118     I2C_communication.o (.text.I2C_WriteReg)
                  00003118    0000010c     ti_msp_dl_config.o (.text.SYSCFG_DL_GPIO_init)
                  00003224    0000010c     libclang_rt.builtins.a : divdf3.S.obj (.text.__divdf3)
                  00003330    00000108     icm42688.o (.text.bsp_Icm42688RegCfg)
                  00003438    00000104     driverlib.a : dl_timer.o (.text.DL_Timer_initFourCCPWMMode)
                  0000353c    000000fc                 : dl_timer.o (.text.DL_Timer_initTimerMode)
                  00003638    000000e4     libclang_rt.builtins.a : muldf3.S.obj (.text.__muldf3)
                  0000371c    000000d8     libc.a : s_scalbn.c.obj (.text.scalbn)
                  000037f4    000000d8     libclang_rt.builtins.a : addsf3.S.obj (.text)
                  000038cc    000000d4     I2C_communication.o (.text.I2C1_IRQHandler)
                  000039a0    000000cc     IMU.o (.text.IMU_init)
                  00003a6c    000000c4     icm42688.o (.text.bsp_IcmGetRawData)
                  00003b30    000000b0     motor.o (.text.Motor_SetSpeed)
                  00003be0    000000a2     libclang_rt.builtins.a : udivmoddi4.S.obj (.text)
                  00003c82    00000002                            : aeabi_div0.c.obj (.text.__aeabi_idiv0)
                  00003c84    0000009c     IMU.o (.text.IMU_getQ)
                  00003d20    0000009a     libc.a : memcpy16.S.obj (.text:memcpy)
                  00003dba    00000002     libclang_rt.builtins.a : aeabi_div0.c.obj (.text.__aeabi_ldiv0)
                  00003dbc    00000094     line_follow.o (.text.LineFollow_Init)
                  00003e50    0000008c     ti_msp_dl_config.o (.text.SYSCFG_DL_PWM_0_init)
                  00003edc    0000008c     libclang_rt.builtins.a : mulsf3.S.obj (.text.__mulsf3)
                  00003f68    00000082                            : divsf3.S.obj (.text.__divsf3)
                  00003fea    00000002     libc.a : _lock.c.obj (.text._nop)
                  00003fec    00000080     encoder.o (.text.GROUP1_IRQHandler)
                  0000406c    0000007c     libc.a : copy_decompress_lzss.c.obj (.text:decompress:lzss)
                  000040e8    00000074     grayscale.o (.text.Grayscale_ReadAll)
                  0000415c    00000074     libclang_rt.builtins.a : comparedf2.c.obj (.text.__gedf2)
                  000041d0    00000074                            : truncdfsf2.S.obj (.text.__truncdfsf2)
                  00004244    00000070     ti_msp_dl_config.o (.text.SYSCFG_DL_initPower)
                  000042b4    00000068     libclang_rt.builtins.a : comparedf2.c.obj (.text.__ledf2)
                  0000431c    00000066     libc.a : _printfi.c.obj (.text._mcpy)
                  00004382    00000002     --HOLE-- [fill = 0]
                  00004384    00000062     libclang_rt.builtins.a : aeabi_dcmp.S.obj (.text.__aeabi_dcmp)
                  000043e6    00000002     --HOLE-- [fill = 0]
                  000043e8    00000062                            : aeabi_fcmp.S.obj (.text.__aeabi_fcmp)
                  0000444a    00000062     libc.a : memset16.S.obj (.text:memset)
                  000044ac    00000060     ti_msp_dl_config.o (.text.SYSCFG_DL_UART_0_init)
                  0000450c    0000005e     driverlib.a : dl_i2c.o (.text.DL_I2C_fillControllerTXFIFO)
                  0000456a    00000002     --HOLE-- [fill = 0]
                  0000456c    0000005c     libc.a : s_frexp.c.obj (.text.frexp)
                  000045c8    0000005c            : printf.c.obj (.text.printf)
                  00004624    00000058            : _ltoa.c.obj (.text.__TI_ltoa)
                  0000467c    00000058            : _printfi.c.obj (.text._pconv_f)
                  000046d4    00000056     libclang_rt.builtins.a : aeabi_idivmod.S.obj (.text.__aeabi_idivmod)
                  0000472a    00000002     --HOLE-- [fill = 0]
                  0000472c    00000054     ti_msp_dl_config.o (.text.SYSCFG_DL_I2C_1_init)
                  00004780    00000054     speed_control.o (.text.SpeedControl_Init)
                  000047d4    00000054     encoder.o (.text.TIMA0_IRQHandler)
                  00004828    00000052     libc.a : _printfi.c.obj (.text._ecpy)
                  0000487a    00000002     --HOLE-- [fill = 0]
                  0000487c    00000050     ti_msp_dl_config.o (.text.SYSCFG_DL_TIMER_TICK_init)
                  000048cc    0000004c     ti_msp_dl_config.o (.text.SYSCFG_DL_LINE_TIMER_init)
                  00004918    0000004a     libclang_rt.builtins.a : fixdfsi.S.obj (.text.__fixdfsi)
                  00004962    00000002     --HOLE-- [fill = 0]
                  00004964    00000048     driverlib.a : dl_uart.o (.text.DL_UART_init)
                  000049ac    00000048     ti_msp_dl_config.o (.text.SYSCFG_DL_init)
                  000049f4    00000044     speed_control.o (.text.SpeedControl_SetTargetPPS)
                  00004a38    00000044     usart.o (.text.UART0_IRQHandler)
                  00004a7c    00000040     ti_msp_dl_config.o (.text.SYSCFG_DL_SYSCTL_init)
                  00004abc    00000040     libclang_rt.builtins.a : aeabi_uidivmod.S.obj (.text.__aeabi_uidivmod)
                  00004afc    00000040                            : extendsfdf2.S.obj (.text.__extendsfdf2)
                  00004b3c    00000040     libc.a : atoi.c.obj (.text.atoi)
                  00004b7c    0000003c     driverlib.a : dl_i2c.o (.text.DL_I2C_flushControllerTXFIFO)
                  00004bb8    0000003c     libclang_rt.builtins.a : floatsisf.S.obj (.text.__floatsisf)
                  00004bf4    0000003c                            : comparesf2.S.obj (.text.__gtsf2)
                  00004c30    0000003c     empty.o (.text.fputs)
                  00004c6c    0000003c     libc.a : autoinit.c.obj (.text:__TI_auto_init_nobinit_nopinit)
                  00004ca8    0000003a     libclang_rt.builtins.a : comparesf2.S.obj (.text.__eqsf2)
                  00004ce2    00000002     --HOLE-- [fill = 0]
                  00004ce4    0000003a                            : muldsi3.S.obj (.text.__muldsi3)
                  00004d1e    00000002     --HOLE-- [fill = 0]
                  00004d20    00000038     encoder.o (.text.Encoder_Init)
                  00004d58    00000038     I2C_communication.o (.text.I2C_WaitBusFree)
                  00004d90    00000038     I2C_communication.o (.text.I2C_WaitIdle)
                  00004dc8    00000038     ti_msp_dl_config.o (.text.SYSCFG_DL_TIMER_0_init)
                  00004e00    00000038     empty.o (.text.TIMG0_IRQHandler)
                  00004e38    00000038     libclang_rt.builtins.a : fixsfsi.S.obj (.text.__fixsfsi)
                  00004e70    00000030     driverlib.a : dl_i2c.o (.text.DL_I2C_flushControllerRXFIFO)
                  00004ea0    00000030     motor.o (.text.Motor_Init)
                  00004ed0    00000030     libc.a : _printfi.c.obj (.text._fcpy)
                  00004f00    0000002c     libclang_rt.builtins.a : floatsidf.S.obj (.text.__floatsidf)
                  00004f2c    00000028     speed_control.o (.text.SpeedControl_Update)
                  00004f54    00000028     libclang_rt.builtins.a : floatunsisf.S.obj (.text.__floatunsisf)
                  00004f7c    00000028     libc.a : boot_cortex_m.c.obj (.text:_c_int00_noargs)
                  00004fa4    00000026     driverlib.a : dl_i2c.o (.text.DL_I2C_setClockConfig)
                  00004fca    00000002     --HOLE-- [fill = 0]
                  00004fcc    00000024     libclang_rt.builtins.a : muldi3.S.obj (.text.__muldi3)
                  00004ff0    00000022     libc.a : memccpy.c.obj (.text.memccpy)
                  00005012    00000002     --HOLE-- [fill = 0]
                  00005014    00000020     I2C_communication.o (.text.I2C_AbortTransfer)
                  00005034    00000020     line_follow.o (.text.LineFollow_TimerInit)
                  00005054    00000020     empty.o (.text.fputc)
                  00005074    0000001e     libclang_rt.builtins.a : ashldi3.S.obj (.text.__ashldi3)
                  00005092    00000002     --HOLE-- [fill = 0]
                  00005094    0000001c     driverlib.a : dl_timer.o (.text.DL_Timer_setCaptCompUpdateMethod)
                  000050b0    0000001c                 : dl_timer.o (.text.DL_Timer_setClockConfig)
                  000050cc    0000001c     line_follow.o (.text.TIMG6_IRQHandler)
                  000050e8    00000018     driverlib.a : dl_timer.o (.text.DL_Timer_setCaptureCompareOutCtl)
                  00005100    00000018     usart.o (.text.USART_Init)
                  00005118    00000014     libclang_rt.builtins.a : aeabi_uldivmod.S.obj (.text.__aeabi_uldivmod)
                  0000512c    00000014     libc.a : _printfi.c.obj (.text.strchr)
                  00005140    00000012     driverlib.a : dl_uart.o (.text.DL_UART_setClockConfig)
                  00005152    00000012     libc.a : copy_decompress_none.c.obj (.text:decompress:none)
                  00005164    00000010     driverlib.a : dl_timer.o (.text.DL_Timer_setCaptureCompareValue)
                  00005174    00000010     IMU.o (.text.IMU_IsReady)
                  00005184    00000010     libc.a : wcslen.c.obj (.text.wcslen)
                  00005194    00000010            : copy_zero_init.c.obj (.text:decompress:ZI)
                  000051a4    0000000e     libclang_rt.builtins.a : aeabi_memset.S.obj (.text.__aeabi_memset)
                  000051b2    0000000e     delay.o (.text.delay_ms)
                  000051c0    0000000e     libc.a : _printfi.c.obj (.text.strlen)
                  000051ce    00000002     --HOLE-- [fill = 0]
                  000051d0    0000000c     I2C_communication.o (.text.I2C_GetLastResult)
                  000051dc    0000000c     IMU.o (.text.IMU_GetGyroOffsetX)
                  000051e8    0000000c     IMU.o (.text.IMU_GetGyroOffsetY)
                  000051f4    0000000c     IMU.o (.text.IMU_GetGyroOffsetZ)
                  00005200    0000000c     IMU.o (.text.IMU_GetState)
                  0000520c    0000000c     line_follow.o (.text.LineFollow_Start)
                  00005218    0000000c     libclang_rt.builtins.a : aeabi_memset.S.obj (.text.__aeabi_memclr)
                  00005224    0000000a     driverlib.a : dl_common.o (.text.DL_Common_delayCycles)
                  0000522e    0000000a     libc.a : _printfi.c.obj (.text.OUTLINED_FUNCTION_0)
                  00005238    00000010     libclang_rt.builtins.a : adddf3.S.obj (.tramp.__aeabi_dsub.1)
                  00005248    0000000a     libc.a : e_asin.c.obj (.text.OUTLINED_FUNCTION_0)
                  00005252    00000002     --HOLE-- [fill = 0]
                  00005254    00000010     libclang_rt.builtins.a : muldf3.S.obj (.tramp.__aeabi_dmul.1)
                  00005264    0000000a     libc.a : s_atan.c.obj (.text.OUTLINED_FUNCTION_0)
                  0000526e    0000000a            : _printfi.c.obj (.text.OUTLINED_FUNCTION_1)
                  00005278    0000000a            : e_asin.c.obj (.text.OUTLINED_FUNCTION_1)
                  00005282    0000000a            : e_asin.c.obj (.text.OUTLINED_FUNCTION_3)
                  0000528c    00000010     libclang_rt.builtins.a : divdf3.S.obj (.tramp.__aeabi_ddiv.1)
                  0000529c    00000008     libc.a : s_atan.c.obj (.text.OUTLINED_FUNCTION_2)
                  000052a4    00000008            : aeabi_portable.c.obj (.text.__aeabi_errno_addr)
                  000052ac    00000008     libclang_rt.builtins.a : aeabi_memcpy.S.obj (.text.__aeabi_memcpy)
                  000052b4    00000008     libc.a : printf.c.obj (.text._outc)
                  000052bc    00000008            : printf.c.obj (.text._outs)
                  000052c4    00000008     icm42688.o (.text.bsp_Icm42688Init)
                  000052cc    00000006     libc.a : s_atan.c.obj (.text.OUTLINED_FUNCTION_1)
                  000052d2    00000002     --HOLE-- [fill = 0]
                  000052d4    00000010     libclang_rt.builtins.a : adddf3.S.obj (.tramp.__aeabi_dadd.1)
                  000052e4    00000006     libc.a : e_asin.c.obj (.text.OUTLINED_FUNCTION_2)
                  000052ea    00000006            : exit.c.obj (.text:abort)
                  000052f0    00000004     libsysbm.a : hostexit.c.obj (.text.HOSTexit)
                  000052f4    00000004     libc.a : e_asin.c.obj (.text.OUTLINED_FUNCTION_4)
                  000052f8    00000004     startup_mspm0g350x_ticlang.o (.text.Reset_Handler)
                  000052fc    00000004     libc.a : pre_init.c.obj (.text._system_pre_init)
                  00005300    00000004     empty.o (.text.puts)
                  00005304    0000000c     --HOLE-- [fill = 0]

.cinit     0    00005580    00000078     
                  00005580    00000053     (.cinit..data.load) [load image, compression = lzss]
                  000055d3    00000001     --HOLE-- [fill = 0]
                  000055d4    0000000c     (__TI_handler_table)
                  000055e0    00000008     (.cinit..bss.load) [load image, compression = zero_init]
                  000055e8    00000010     (__TI_cinit_table)

.rodata    0    00005310    00000270     
                  00005310    00000101     libc.a : aeabi_ctype.S.obj (.rodata:__aeabi_ctype_table_)
                  00005411    0000006d     empty.o (.rodata.str1.9517790425240694019.1)
                  0000547e    00000002     ti_msp_dl_config.o (.rodata.gI2C_1ClockConfig)
                  00005480    00000040     libc.a : s_atan.c.obj (.rodata.cst32)
                  000054c0    00000020     empty.o (.rodata.cst32)
                  000054e0    00000014     ti_msp_dl_config.o (.rodata.gLINE_TIMERTimerConfig)
                  000054f4    00000014     ti_msp_dl_config.o (.rodata.gTIMER_0TimerConfig)
                  00005508    00000014     ti_msp_dl_config.o (.rodata.gTIMER_TICKTimerConfig)
                  0000551c    00000011     libc.a : _printfi.c.obj (.rodata.str1.10348868589481759720.1)
                  0000552d    00000011            : _printfi.c.obj (.rodata.str1.15363888844622738466.1)
                  0000553e    0000000d     IMU.o (.rodata.str1.2054525439710158355.1)
                  0000554b    0000000c     icm42688.o (.rodata.str1.18032895009533955569.1)
                  00005557    00000001     --HOLE-- [fill = 0]
                  00005558    0000000a     ti_msp_dl_config.o (.rodata.gUART_0Config)
                  00005562    00000002     ti_msp_dl_config.o (.rodata.gUART_0ClockConfig)
                  00005564    00000008     ti_msp_dl_config.o (.rodata.gPWM_0Config)
                  0000556c    00000003     ti_msp_dl_config.o (.rodata.gLINE_TIMERClockConfig)
                  0000556f    00000003     ti_msp_dl_config.o (.rodata.gPWM_0ClockConfig)
                  00005572    00000003     ti_msp_dl_config.o (.rodata.gTIMER_0ClockConfig)
                  00005575    00000003     ti_msp_dl_config.o (.rodata.gTIMER_TICKClockConfig)
                  00005578    00000008     --HOLE-- [fill = 0]

.init_array 
*          0    00000000    00000000     UNINITIALIZED

.binit     0    00000000    00000000     

.bss       0    20200000    00001f83     UNINITIALIZED
                  20200000    00001c20     IMU.o (.bss.Gyro_fill)
                  20201c20    000000bc     (.common:gTIMER_TICKBackup)
                  20201cdc    000000a0     (.common:gLINE_TIMERBackup)
                  20201d7c    000000a0     (.common:gPWM_0Backup)
                  20201e1c    00000024     speed_control.o (.bss.g_leftController)
                  20201e40    00000024     speed_control.o (.bss.g_rightController)
                  20201e64    00000024     (.common:mygetqval)
                  20201e88    00000020     line_follow.o (.bss.gConfig)
                  20201ea8    0000001c     (.common:TTangles_gyro)
                  20201ec4    00000004     line_follow.o (.bss.gDerivativeFiltered)
                  20201ec8    00000018     IMU.o (.bss.Gyro_total)
                  20201ee0    00000018     IMU.o (.bss.sqrGyro_total)
                  20201ef8    00000010     (.common:gRxPacket)
                  20201f08    0000000c     (.common:north)
                  20201f14    0000000c     (.common:west)
                  20201f20    0000000c     (.common:ypr)
                  20201f2c    00000004     line_follow.o (.bss.gError)
                  20201f30    00000004     line_follow.o (.bss.gFilteredPosition)
                  20201f34    00000004     line_follow.o (.bss.gIntegral)
                  20201f38    00000004     line_follow.o (.bss.gLeftTargetPPS)
                  20201f3c    00000004     line_follow.o (.bss.gOutput)
                  20201f40    00000004     line_follow.o (.bss.gPreviousError)
                  20201f44    00000004     line_follow.o (.bss.gRawPosition)
                  20201f48    00000004     line_follow.o (.bss.gRightTargetPPS)
                  20201f4c    00000004     line_follow.o (.bss.gTurnPPS)
                  20201f50    00000004     (.common:exInt)
                  20201f54    00000004     (.common:eyInt)
                  20201f58    00000004     (.common:ezInt)
                  20201f5c    00000004     (.common:gRxCount)
                  20201f60    00000004     (.common:gRxLen)
                  20201f64    00000004     (.common:gTxCount)
                  20201f68    00000004     (.common:gTxLen)
                  20201f6c    00000004     (.common:q0)
                  20201f70    00000004     (.common:q1)
                  20201f74    00000004     (.common:q2)
                  20201f78    00000004     (.common:q3)
                  20201f7c    00000002     line_follow.o (.bss.gSensorBitmap)
                  20201f7e    00000001     line_follow.o (.bss.gActiveCount)
                  20201f7f    00000001     line_follow.o (.bss.gEnabled)
                  20201f80    00000001     line_follow.o (.bss.gFilterInitialized)
                  20201f81    00000001     line_follow.o (.bss.gState)
                  20201f82    00000001     (.common:gI2cControllerStatus)

.data      0    20201f84    000001f5     UNINITIALIZED
                  20201f84    000000f0     libc.a : defs.c.obj (.data._ftable)
                  20202074    00000080     usart.o (.data.recv0_buff)
                  202020f4    00000010     I2C_communication.o (.data.gTxPacket)
                  20202104    0000000c     IMU.o (.data.gyro_offset)
                  20202110    00000004     IMU.o (.data.CalCount)
                  20202114    00000004     IMU.o (.data.GyroCount)
                  20202118    00000004     IMU.o (.data.Kp)
                  2020211c    00000004     libc.a : aeabi_portable.c.obj (.data.__aeabi_errno)
                  20202120    00000004            : _lock.c.obj (.data._lock)
                  20202124    00000004            : _lock.c.obj (.data._unlock)
                  20202128    00000004     icm42688.o (.data.accSensitivity)
                  2020212c    00000004     encoder.o (.data.g_enc_edge_left)
                  20202130    00000004     encoder.o (.data.g_enc_edge_right)
                  20202134    00000004     encoder.o (.data.g_gpio_pending)
                  20202138    00000004     encoder.o (.data.g_gpioa_entry)
                  2020213c    00000004     encoder.o (.data.g_group1_entry)
                  20202140    00000004     IMU.o (.data.g_gyro_calibration_done_count)
                  20202144    00000004     empty.o (.data.g_imu_error_count)
                  20202148    00000004     empty.o (.data.g_imu_missed_count)
                  2020214c    00000004     empty.o (.data.g_imu_success_count)
                  20202150    00000004     empty.o (.data.g_imu_timer_count)
                  20202154    00000004     empty.o (.data.g_imu_update_count)
                  20202158    00000004     encoder.o (.data.g_speed_counter_left)
                  2020215c    00000004     encoder.o (.data.g_speed_counter_right)
                  20202160    00000004     encoder.o (.data.g_speed_left)
                  20202164    00000004     encoder.o (.data.g_speed_right)
                  20202168    00000004     encoder.o (.data.g_timer_ticks)
                  2020216c    00000004     icm42688.o (.data.gyroSensitivity)
                  20202170    00000002     usart.o (.data.recv0_length)
                  20202172    00000001     I2C_communication.o (.data.gI2cLastResult)
                  20202173    00000001     IMU.o (.data.g_gyro_calibrated)
                  20202174    00000001     IMU.o (.data.GyroinitFlag)
                  20202175    00000001     IMU.o (.data.g_imu_state)
                  20202176    00000001     empty.o (.data.g_imu_update_flag)
                  20202177    00000001     line_follow.o (.data.g_line_update_flag)
                  20202178    00000001     usart.o (.data.recv0_flag)

.stack     0    20207e00    00000200     UNINITIALIZED
                  20207e00    00000004     libc.a : boot_cortex_m.c.obj (.stack)
                  20207e04    000001fc     --HOLE--

__llvm_prf_cnts 
*          0    20200000    00000000     UNINITIALIZED

__llvm_prf_bits 
*          0    20200000    00000000     UNINITIALIZED

MODULE SUMMARY

       Module                         code    ro data   rw data
       ------                         ----    -------   -------
    .\
       IMU.o                          3540    13        7395   
       ti_msp_dl_config.o             1048    94        508    
       line_follow.o                  1072    0         79     
       I2C_communication.o            1068    0         50     
       empty.o                        576     141       33     
       speed_control.o                548     0         72     
       icm42688.o                     468     12        8      
       encoder.o                      268     0         40     
       motor.o                        224     0         0      
       usart.o                        92      0         131    
       startup_mspm0g350x_ticlang.o   6       192       0      
       grayscale.o                    116     0         0      
       delay.o                        14      0         0      
    +--+------------------------------+-------+---------+---------+
       Total:                         9040    452       8316   
                                                               
    D:/ti/mspm0_sdk_2_10_00_04/source/ti/driverlib/lib/ticlang/m0p/mspm0g1x0x_g3x0x/driverlib.a
       dl_timer.o                     608     0         0      
       dl_i2c.o                       240     0         0      
       dl_uart.o                      90      0         0      
       dl_common.o                    10      0         0      
    +--+------------------------------+-------+---------+---------+
       Total:                         948     0         0      
                                                               
    D:\ti\ccs2050\ccs\tools\compiler\ti-cgt-armllvm_4.0.4.LTS\lib\armv6m-ti-none-eabi/c/libc.a
       _printfi.c.obj                 4510    34        0      
       e_asin.c.obj                   908     0         0      
       s_atan.c.obj                   784     64        0      
       e_atan2.c.obj                  392     0         0      
       e_sqrt.c.obj                   368     0         0      
       aeabi_ctype.S.obj              0       257       0      
       defs.c.obj                     0       0         240    
       s_scalbn.c.obj                 216     0         0      
       memcpy16.S.obj                 154     0         0      
       copy_decompress_lzss.c.obj     124     0         0      
       printf.c.obj                   108     0         0      
       memset16.S.obj                 98      0         0      
       s_frexp.c.obj                  92      0         0      
       _ltoa.c.obj                    88      0         0      
       atoi.c.obj                     64      0         0      
       autoinit.c.obj                 60      0         0      
       boot_cortex_m.c.obj            40      0         0      
       memccpy.c.obj                  34      0         0      
       copy_decompress_none.c.obj     18      0         0      
       copy_zero_init.c.obj           16      0         0      
       wcslen.c.obj                   16      0         0      
       aeabi_portable.c.obj           8       0         4      
       _lock.c.obj                    2       0         8      
       exit.c.obj                     6       0         0      
       pre_init.c.obj                 4       0         0      
    +--+------------------------------+-------+---------+---------+
       Total:                         8110    355       252    
                                                               
    D:\ti\ccs2050\ccs\tools\compiler\ti-cgt-armllvm_4.0.4.LTS\lib\armv6m-ti-none-eabi/c/libsysbm.a
       hostexit.c.obj                 4       0         0      
    +--+------------------------------+-------+---------+---------+
       Total:                         4       0         0      
                                                               
    D:\ti\ccs2050\ccs\tools\compiler\ti-cgt-armllvm_4.0.4.LTS\lib\armv6m-ti-none-eabi/libclang_rt.builtins.a
       adddf3.S.obj                   434     0         0      
       divdf3.S.obj                   284     0         0      
       muldf3.S.obj                   244     0         0      
       comparedf2.c.obj               220     0         0      
       addsf3.S.obj                   216     0         0      
       udivmoddi4.S.obj               162     0         0      
       mulsf3.S.obj                   140     0         0      
       divsf3.S.obj                   130     0         0      
       comparesf2.S.obj               118     0         0      
       truncdfsf2.S.obj               116     0         0      
       aeabi_dcmp.S.obj               98      0         0      
       aeabi_fcmp.S.obj               98      0         0      
       aeabi_idivmod.S.obj            86      0         0      
       fixdfsi.S.obj                  74      0         0      
       aeabi_uidivmod.S.obj           64      0         0      
       extendsfdf2.S.obj              64      0         0      
       floatsisf.S.obj                60      0         0      
       muldsi3.S.obj                  58      0         0      
       fixsfsi.S.obj                  56      0         0      
       floatsidf.S.obj                44      0         0      
       floatunsisf.S.obj              40      0         0      
       muldi3.S.obj                   36      0         0      
       ashldi3.S.obj                  30      0         0      
       aeabi_memset.S.obj             26      0         0      
       aeabi_uldivmod.S.obj           20      0         0      
       aeabi_memcpy.S.obj             8       0         0      
       aeabi_div0.c.obj               4       0         0      
    +--+------------------------------+-------+---------+---------+
       Total:                         2930    0         0      
                                                               
       Stack:                         0       0         512    
       Linker Generated:              0       119       0      
    +--+------------------------------+-------+---------+---------+
       Grand Total:                   21032   926       9080   


LINKER GENERATED COPY TABLES

__TI_cinit_table @ 000055e8 records: 2, size/record: 8, table size: 16
	.data: load addr=00005580, load size=00000053 bytes, run addr=20201f84, run size=000001f5 bytes, compression=lzss
	.bss: load addr=000055e0, load size=00000008 bytes, run addr=20200000, run size=00001f83 bytes, compression=zero_init


LINKER GENERATED HANDLER TABLE

__TI_handler_table @ 000055d4 records: 3, size/record: 4, table size: 12
	index: 0, handler: __TI_decompress_lzss
	index: 1, handler: __TI_decompress_none
	index: 2, handler: __TI_zero_init


FAR CALL TRAMPOLINES

callee name               trampoline name
   callee addr  tramp addr   call addr  call info
--------------  -----------  ---------  ----------------
__aeabi_dsub              $Tramp$TT$L$PI$$__aeabi_dsub
   00002661     00005238     00005236   libc.a : _printfi.c.obj (.text.OUTLINED_FUNCTION_0)
__aeabi_dmul              $Tramp$TT$L$PI$$__aeabi_dmul
   00003639     00005254     00005250   libc.a : e_asin.c.obj (.text.OUTLINED_FUNCTION_0)
                             0000526c          : s_atan.c.obj (.text.OUTLINED_FUNCTION_0)
                             00005280          : e_asin.c.obj (.text.OUTLINED_FUNCTION_1)
                             000052a2          : s_atan.c.obj (.text.OUTLINED_FUNCTION_2)
                             000052e8          : e_asin.c.obj (.text.OUTLINED_FUNCTION_2)
__aeabi_ddiv              $Tramp$TT$L$PI$$__aeabi_ddiv
   00003225     0000528c     0000528a   libc.a : e_asin.c.obj (.text.OUTLINED_FUNCTION_3)
__aeabi_dadd              $Tramp$TT$L$PI$$__aeabi_dadd
   0000266b     000052d4     000052d0   libc.a : s_atan.c.obj (.text.OUTLINED_FUNCTION_1)
                             000052f6          : e_asin.c.obj (.text.OUTLINED_FUNCTION_4)

[4 trampolines]
[9 trampoline calls]


GLOBAL SYMBOLS: SORTED ALPHABETICALLY BY Name 

address   name                            
-------   ----                            
000027f3  ADC0_IRQHandler                 
000027f3  ADC1_IRQHandler                 
000027f3  AES_IRQHandler                  
000052f0  C$$EXIT                         
000027f3  CANFD0_IRQHandler               
20202110  CalCount                        
000027f3  DAC0_IRQHandler                 
00005225  DL_Common_delayCycles           
0000450d  DL_I2C_fillControllerTXFIFO     
00004e71  DL_I2C_flushControllerRXFIFO    
00004b7d  DL_I2C_flushControllerTXFIFO    
00004fa5  DL_I2C_setClockConfig           
00003439  DL_Timer_initFourCCPWMMode      
0000353d  DL_Timer_initTimerMode          
00005095  DL_Timer_setCaptCompUpdateMethod
000050e9  DL_Timer_setCaptureCompareOutCtl
00005165  DL_Timer_setCaptureCompareValue 
000050b1  DL_Timer_setClockConfig         
00004965  DL_UART_init                    
00005141  DL_UART_setClockConfig          
000027f3  DMA_IRQHandler                  
000027f3  Default_Handler                 
00004d21  Encoder_Init                    
000027f3  GROUP0_IRQHandler               
00003fed  GROUP1_IRQHandler               
000040e9  Grayscale_ReadAll               
000052f1  HOSTexit                        
000027f3  HardFault_Handler               
000027f3  I2C0_IRQHandler                 
000038cd  I2C1_IRQHandler                 
000051d1  I2C_GetLastResult               
000024bd  I2C_ReadReg                     
00003001  I2C_WriteReg                    
00000a91  IMU_AHRSupdate                  
000051dd  IMU_GetGyroOffsetX              
000051e9  IMU_GetGyroOffsetY              
000051f5  IMU_GetGyroOffsetZ              
00005201  IMU_GetState                    
00005175  IMU_IsReady                     
00003c85  IMU_getQ                        
00002c51  IMU_getValues                   
0000216d  IMU_getYawPitchRoll             
000039a1  IMU_init                        
20202118  Kp                              
00003dbd  LineFollow_Init                 
0000520d  LineFollow_Start                
00005035  LineFollow_TimerInit            
00001725  LineFollow_Update               
00004ea1  Motor_Init                      
00003b31  Motor_SetSpeed                  
000027f3  NMI_Handler                     
000027f3  PendSV_Handler                  
000027f3  RTC_IRQHandler                  
000052f9  Reset_Handler                   
000027f3  SPI0_IRQHandler                 
000027f3  SPI1_IRQHandler                 
000027f3  SVC_Handler                     
00003119  SYSCFG_DL_GPIO_init             
0000472d  SYSCFG_DL_I2C_1_init            
000048cd  SYSCFG_DL_LINE_TIMER_init       
00003e51  SYSCFG_DL_PWM_0_init            
00004a7d  SYSCFG_DL_SYSCTL_init           
00004dc9  SYSCFG_DL_TIMER_0_init          
0000487d  SYSCFG_DL_TIMER_TICK_init       
000044ad  SYSCFG_DL_UART_0_init           
000049ad  SYSCFG_DL_init                  
00004245  SYSCFG_DL_initPower             
00004781  SpeedControl_Init               
000049f5  SpeedControl_SetTargetPPS       
00004f2d  SpeedControl_Update             
000027f3  SysTick_Handler                 
000047d5  TIMA0_IRQHandler                
000027f3  TIMA1_IRQHandler                
00004e01  TIMG0_IRQHandler                
000027f3  TIMG12_IRQHandler               
000050cd  TIMG6_IRQHandler                
000027f3  TIMG7_IRQHandler                
000027f3  TIMG8_IRQHandler                
20201ea8  TTangles_gyro                   
00004a39  UART0_IRQHandler                
000027f3  UART1_IRQHandler                
000027f3  UART2_IRQHandler                
000027f3  UART3_IRQHandler                
00005101  USART_Init                      
20208000  __STACK_END                     
00000200  __STACK_SIZE                    
00000000  __TI_ATRegion0_region_sz        
00000000  __TI_ATRegion0_src_addr         
00000000  __TI_ATRegion0_trg_addr         
00000000  __TI_ATRegion1_region_sz        
00000000  __TI_ATRegion1_src_addr         
00000000  __TI_ATRegion1_trg_addr         
00000000  __TI_ATRegion2_region_sz        
00000000  __TI_ATRegion2_src_addr         
00000000  __TI_ATRegion2_trg_addr         
000055e8  __TI_CINIT_Base                 
000055f8  __TI_CINIT_Limit                
000055f8  __TI_CINIT_Warm                 
000055d4  __TI_Handler_Table_Base         
000055e0  __TI_Handler_Table_Limit        
00004c6d  __TI_auto_init_nobinit_nopinit  
0000406d  __TI_decompress_lzss            
00005153  __TI_decompress_none            
00004625  __TI_ltoa                       
ffffffff  __TI_pprof_out_hndl             
000000c1  __TI_printfi                    
ffffffff  __TI_prof_data_size             
ffffffff  __TI_prof_data_start            
00000000  __TI_static_base__              
00005195  __TI_zero_init                  
0000266b  __adddf3                        
000037ff  __addsf3                        
00005310  __aeabi_ctype_table_            
00005310  __aeabi_ctype_table_C           
000041d1  __aeabi_d2f                     
00004919  __aeabi_d2iz                    
0000266b  __aeabi_dadd                    
00004385  __aeabi_dcmpeq                  
000043c1  __aeabi_dcmpge                  
000043d5  __aeabi_dcmpgt                  
000043ad  __aeabi_dcmple                  
00004399  __aeabi_dcmplt                  
00003225  __aeabi_ddiv                    
00003639  __aeabi_dmul                    
00002661  __aeabi_dsub                    
2020211c  __aeabi_errno                   
000052a5  __aeabi_errno_addr              
00004afd  __aeabi_f2d                     
00004e39  __aeabi_f2iz                    
000037ff  __aeabi_fadd                    
000043e9  __aeabi_fcmpeq                  
00004425  __aeabi_fcmpge                  
00004439  __aeabi_fcmpgt                  
00004411  __aeabi_fcmple                  
000043fd  __aeabi_fcmplt                  
00003f69  __aeabi_fdiv                    
00003edd  __aeabi_fmul                    
000037f5  __aeabi_fsub                    
00004f01  __aeabi_i2d                     
00004bb9  __aeabi_i2f                     
000046d5  __aeabi_idiv                    
00003c83  __aeabi_idiv0                   
000046d5  __aeabi_idivmod                 
00003dbb  __aeabi_ldiv0                   
00005075  __aeabi_llsl                    
00004fcd  __aeabi_lmul                    
00005219  __aeabi_memclr                  
00005219  __aeabi_memclr4                 
00005219  __aeabi_memclr8                 
000052ad  __aeabi_memcpy                  
000052ad  __aeabi_memcpy4                 
000052ad  __aeabi_memcpy8                 
000051a5  __aeabi_memset                  
000051a5  __aeabi_memset4                 
000051a5  __aeabi_memset8                 
00004f55  __aeabi_ui2f                    
00004abd  __aeabi_uidiv                   
00004abd  __aeabi_uidivmod                
00005119  __aeabi_uldivmod                
00005075  __ashldi3                       
ffffffff  __binit__                       
000042b5  __cmpdf2                        
00004ca9  __cmpsf2                        
00003225  __divdf3                        
00003f69  __divsf3                        
000042b5  __eqdf2                         
00004ca9  __eqsf2                         
00004afd  __extendsfdf2                   
00004919  __fixdfsi                       
00004e39  __fixsfsi                       
00004f01  __floatsidf                     
00004bb9  __floatsisf                     
00004f55  __floatunsisf                   
0000415d  __gedf2                         
00004bf5  __gesf2                         
0000415d  __gtdf2                         
00004bf5  __gtsf2                         
000042b5  __ledf2                         
00004ca9  __lesf2                         
000042b5  __ltdf2                         
00004ca9  __ltsf2                         
UNDEFED   __mpu_init                      
00003639  __muldf3                        
00004fcd  __muldi3                        
00004ce5  __muldsi3                       
00003edd  __mulsf3                        
000042b5  __nedf2                         
00004ca9  __nesf2                         
20207e00  __stack                         
20200000  __start___llvm_prf_bits         
20200000  __start___llvm_prf_cnts         
20200000  __stop___llvm_prf_bits          
20200000  __stop___llvm_prf_cnts          
00002661  __subdf3                        
000037f5  __subsf3                        
000041d1  __truncdfsf2                    
00003be1  __udivmoddi4                    
00004f7d  _c_int00_noargs                 
20201f84  _ftable                         
20202120  _lock                           
00003feb  _nop                            
UNDEFED   _system_post_cinit              
000052fd  _system_pre_init                
20202124  _unlock                         
000052eb  abort                           
000013c1  asin                            
000013c1  asinl                           
00001a79  atan                            
000027f5  atan2                           
000027f5  atan2l                          
00001a79  atanl                           
00004b3d  atoi                            
ffffffff  binit                           
000052c5  bsp_Icm42688Init                
00003331  bsp_Icm42688RegCfg              
00003a6d  bsp_IcmGetRawData               
00000fed  calGyroVariance                 
000051b3  delay_ms                        
20201f50  exInt                           
20201f54  eyInt                           
20201f58  ezInt                           
00005055  fputc                           
00004c31  fputs                           
0000456d  frexp                           
0000456d  frexpl                          
20201f82  gI2cControllerStatus            
20202172  gI2cLastResult                  
20201cdc  gLINE_TIMERBackup               
20201d7c  gPWM_0Backup                    
20201f5c  gRxCount                        
20201f60  gRxLen                          
20201ef8  gRxPacket                       
20201c20  gTIMER_TICKBackup               
20201f64  gTxCount                        
20201f68  gTxLen                          
202020f4  gTxPacket                       
2020212c  g_enc_edge_left                 
20202130  g_enc_edge_right                
20202134  g_gpio_pending                  
20202138  g_gpioa_entry                   
2020213c  g_group1_entry                  
20202148  g_imu_missed_count              
20202150  g_imu_timer_count               
20202176  g_imu_update_flag               
20202177  g_line_update_flag              
20202168  g_timer_ticks                   
20202104  gyro_offset                     
00000000  interruptVectors                
0000371d  ldexp                           
0000371d  ldexpl                          
00002315  main                            
00004ff1  memccpy                         
00003d21  memcpy                          
0000444b  memset                          
20201e64  mygetqval                       
20201f08  north                           
000045c9  printf                          
00005301  puts                            
20201f6c  q0                              
20201f70  q1                              
20201f74  q2                              
20201f78  q3                              
20202074  recv0_buff                      
20202178  recv0_flag                      
20202170  recv0_length                    
0000371d  scalbn                          
0000371d  scalbnl                         
0000297d  sqrt                            
0000297d  sqrtl                           
00005185  wcslen                          
20201f14  west                            
20201f20  ypr                             


GLOBAL SYMBOLS: SORTED BY Symbol Address 

address   name                            
-------   ----                            
00000000  __TI_ATRegion0_region_sz        
00000000  __TI_ATRegion0_src_addr         
00000000  __TI_ATRegion0_trg_addr         
00000000  __TI_ATRegion1_region_sz        
00000000  __TI_ATRegion1_src_addr         
00000000  __TI_ATRegion1_trg_addr         
00000000  __TI_ATRegion2_region_sz        
00000000  __TI_ATRegion2_src_addr         
00000000  __TI_ATRegion2_trg_addr         
00000000  __TI_static_base__              
00000000  interruptVectors                
000000c1  __TI_printfi                    
00000200  __STACK_SIZE                    
00000a91  IMU_AHRSupdate                  
00000fed  calGyroVariance                 
000013c1  asin                            
000013c1  asinl                           
00001725  LineFollow_Update               
00001a79  atan                            
00001a79  atanl                           
0000216d  IMU_getYawPitchRoll             
00002315  main                            
000024bd  I2C_ReadReg                     
00002661  __aeabi_dsub                    
00002661  __subdf3                        
0000266b  __adddf3                        
0000266b  __aeabi_dadd                    
000027f3  ADC0_IRQHandler                 
000027f3  ADC1_IRQHandler                 
000027f3  AES_IRQHandler                  
000027f3  CANFD0_IRQHandler               
000027f3  DAC0_IRQHandler                 
000027f3  DMA_IRQHandler                  
000027f3  Default_Handler                 
000027f3  GROUP0_IRQHandler               
000027f3  HardFault_Handler               
000027f3  I2C0_IRQHandler                 
000027f3  NMI_Handler                     
000027f3  PendSV_Handler                  
000027f3  RTC_IRQHandler                  
000027f3  SPI0_IRQHandler                 
000027f3  SPI1_IRQHandler                 
000027f3  SVC_Handler                     
000027f3  SysTick_Handler                 
000027f3  TIMA1_IRQHandler                
000027f3  TIMG12_IRQHandler               
000027f3  TIMG7_IRQHandler                
000027f3  TIMG8_IRQHandler                
000027f3  UART1_IRQHandler                
000027f3  UART2_IRQHandler                
000027f3  UART3_IRQHandler                
000027f5  atan2                           
000027f5  atan2l                          
0000297d  sqrt                            
0000297d  sqrtl                           
00002c51  IMU_getValues                   
00003001  I2C_WriteReg                    
00003119  SYSCFG_DL_GPIO_init             
00003225  __aeabi_ddiv                    
00003225  __divdf3                        
00003331  bsp_Icm42688RegCfg              
00003439  DL_Timer_initFourCCPWMMode      
0000353d  DL_Timer_initTimerMode          
00003639  __aeabi_dmul                    
00003639  __muldf3                        
0000371d  ldexp                           
0000371d  ldexpl                          
0000371d  scalbn                          
0000371d  scalbnl                         
000037f5  __aeabi_fsub                    
000037f5  __subsf3                        
000037ff  __addsf3                        
000037ff  __aeabi_fadd                    
000038cd  I2C1_IRQHandler                 
000039a1  IMU_init                        
00003a6d  bsp_IcmGetRawData               
00003b31  Motor_SetSpeed                  
00003be1  __udivmoddi4                    
00003c83  __aeabi_idiv0                   
00003c85  IMU_getQ                        
00003d21  memcpy                          
00003dbb  __aeabi_ldiv0                   
00003dbd  LineFollow_Init                 
00003e51  SYSCFG_DL_PWM_0_init            
00003edd  __aeabi_fmul                    
00003edd  __mulsf3                        
00003f69  __aeabi_fdiv                    
00003f69  __divsf3                        
00003feb  _nop                            
00003fed  GROUP1_IRQHandler               
0000406d  __TI_decompress_lzss            
000040e9  Grayscale_ReadAll               
0000415d  __gedf2                         
0000415d  __gtdf2                         
000041d1  __aeabi_d2f                     
000041d1  __truncdfsf2                    
00004245  SYSCFG_DL_initPower             
000042b5  __cmpdf2                        
000042b5  __eqdf2                         
000042b5  __ledf2                         
000042b5  __ltdf2                         
000042b5  __nedf2                         
00004385  __aeabi_dcmpeq                  
00004399  __aeabi_dcmplt                  
000043ad  __aeabi_dcmple                  
000043c1  __aeabi_dcmpge                  
000043d5  __aeabi_dcmpgt                  
000043e9  __aeabi_fcmpeq                  
000043fd  __aeabi_fcmplt                  
00004411  __aeabi_fcmple                  
00004425  __aeabi_fcmpge                  
00004439  __aeabi_fcmpgt                  
0000444b  memset                          
000044ad  SYSCFG_DL_UART_0_init           
0000450d  DL_I2C_fillControllerTXFIFO     
0000456d  frexp                           
0000456d  frexpl                          
000045c9  printf                          
00004625  __TI_ltoa                       
000046d5  __aeabi_idiv                    
000046d5  __aeabi_idivmod                 
0000472d  SYSCFG_DL_I2C_1_init            
00004781  SpeedControl_Init               
000047d5  TIMA0_IRQHandler                
0000487d  SYSCFG_DL_TIMER_TICK_init       
000048cd  SYSCFG_DL_LINE_TIMER_init       
00004919  __aeabi_d2iz                    
00004919  __fixdfsi                       
00004965  DL_UART_init                    
000049ad  SYSCFG_DL_init                  
000049f5  SpeedControl_SetTargetPPS       
00004a39  UART0_IRQHandler                
00004a7d  SYSCFG_DL_SYSCTL_init           
00004abd  __aeabi_uidiv                   
00004abd  __aeabi_uidivmod                
00004afd  __aeabi_f2d                     
00004afd  __extendsfdf2                   
00004b3d  atoi                            
00004b7d  DL_I2C_flushControllerTXFIFO    
00004bb9  __aeabi_i2f                     
00004bb9  __floatsisf                     
00004bf5  __gesf2                         
00004bf5  __gtsf2                         
00004c31  fputs                           
00004c6d  __TI_auto_init_nobinit_nopinit  
00004ca9  __cmpsf2                        
00004ca9  __eqsf2                         
00004ca9  __lesf2                         
00004ca9  __ltsf2                         
00004ca9  __nesf2                         
00004ce5  __muldsi3                       
00004d21  Encoder_Init                    
00004dc9  SYSCFG_DL_TIMER_0_init          
00004e01  TIMG0_IRQHandler                
00004e39  __aeabi_f2iz                    
00004e39  __fixsfsi                       
00004e71  DL_I2C_flushControllerRXFIFO    
00004ea1  Motor_Init                      
00004f01  __aeabi_i2d                     
00004f01  __floatsidf                     
00004f2d  SpeedControl_Update             
00004f55  __aeabi_ui2f                    
00004f55  __floatunsisf                   
00004f7d  _c_int00_noargs                 
00004fa5  DL_I2C_setClockConfig           
00004fcd  __aeabi_lmul                    
00004fcd  __muldi3                        
00004ff1  memccpy                         
00005035  LineFollow_TimerInit            
00005055  fputc                           
00005075  __aeabi_llsl                    
00005075  __ashldi3                       
00005095  DL_Timer_setCaptCompUpdateMethod
000050b1  DL_Timer_setClockConfig         
000050cd  TIMG6_IRQHandler                
000050e9  DL_Timer_setCaptureCompareOutCtl
00005101  USART_Init                      
00005119  __aeabi_uldivmod                
00005141  DL_UART_setClockConfig          
00005153  __TI_decompress_none            
00005165  DL_Timer_setCaptureCompareValue 
00005175  IMU_IsReady                     
00005185  wcslen                          
00005195  __TI_zero_init                  
000051a5  __aeabi_memset                  
000051a5  __aeabi_memset4                 
000051a5  __aeabi_memset8                 
000051b3  delay_ms                        
000051d1  I2C_GetLastResult               
000051dd  IMU_GetGyroOffsetX              
000051e9  IMU_GetGyroOffsetY              
000051f5  IMU_GetGyroOffsetZ              
00005201  IMU_GetState                    
0000520d  LineFollow_Start                
00005219  __aeabi_memclr                  
00005219  __aeabi_memclr4                 
00005219  __aeabi_memclr8                 
00005225  DL_Common_delayCycles           
000052a5  __aeabi_errno_addr              
000052ad  __aeabi_memcpy                  
000052ad  __aeabi_memcpy4                 
000052ad  __aeabi_memcpy8                 
000052c5  bsp_Icm42688Init                
000052eb  abort                           
000052f0  C$$EXIT                         
000052f1  HOSTexit                        
000052f9  Reset_Handler                   
000052fd  _system_pre_init                
00005301  puts                            
00005310  __aeabi_ctype_table_            
00005310  __aeabi_ctype_table_C           
000055d4  __TI_Handler_Table_Base         
000055e0  __TI_Handler_Table_Limit        
000055e8  __TI_CINIT_Base                 
000055f8  __TI_CINIT_Limit                
000055f8  __TI_CINIT_Warm                 
20200000  __start___llvm_prf_bits         
20200000  __start___llvm_prf_cnts         
20200000  __stop___llvm_prf_bits          
20200000  __stop___llvm_prf_cnts          
20201c20  gTIMER_TICKBackup               
20201cdc  gLINE_TIMERBackup               
20201d7c  gPWM_0Backup                    
20201e64  mygetqval                       
20201ea8  TTangles_gyro                   
20201ef8  gRxPacket                       
20201f08  north                           
20201f14  west                            
20201f20  ypr                             
20201f50  exInt                           
20201f54  eyInt                           
20201f58  ezInt                           
20201f5c  gRxCount                        
20201f60  gRxLen                          
20201f64  gTxCount                        
20201f68  gTxLen                          
20201f6c  q0                              
20201f70  q1                              
20201f74  q2                              
20201f78  q3                              
20201f82  gI2cControllerStatus            
20201f84  _ftable                         
20202074  recv0_buff                      
202020f4  gTxPacket                       
20202104  gyro_offset                     
20202110  CalCount                        
20202118  Kp                              
2020211c  __aeabi_errno                   
20202120  _lock                           
20202124  _unlock                         
2020212c  g_enc_edge_left                 
20202130  g_enc_edge_right                
20202134  g_gpio_pending                  
20202138  g_gpioa_entry                   
2020213c  g_group1_entry                  
20202148  g_imu_missed_count              
20202150  g_imu_timer_count               
20202168  g_timer_ticks                   
20202170  recv0_length                    
20202172  gI2cLastResult                  
20202176  g_imu_update_flag               
20202177  g_line_update_flag              
20202178  recv0_flag                      
20207e00  __stack                         
20208000  __STACK_END                     
ffffffff  __TI_pprof_out_hndl             
ffffffff  __TI_prof_data_size             
ffffffff  __TI_prof_data_start            
ffffffff  __binit__                       
ffffffff  binit                           
UNDEFED   __mpu_init                      
UNDEFED   _system_post_cinit              

[272 symbols]
